Component: ARM Compiler 5.06 update 5 (build 528) Tool: armlink [4d35e2]

==============================================================================

Section Cross References

    main.o(.text) refers to _printf_percent.o(.ARM.Collect$$_printf_percent$$00000000) for _printf_percent
    main.o(.text) refers to _printf_x.o(.ARM.Collect$$_printf_percent$$0000000C) for _printf_x
    main.o(.text) refers to _printf_hex_int_ll_ptr.o(.text) for _printf_longlong_hex
    main.o(.text) refers to usart.o(.text) for uart_init
    main.o(.text) refers to usart3.o(.text) for Usart3_Init
    main.o(.text) refers to timer4.o(.text) for TIM4_Init
    main.o(.text) refers to delay.o(.text) for delay_init
    main.o(.text) refers to mqtt.o(.text) for IoT_Parameter_Init
    main.o(.text) refers to __2printf.o(.text) for __2printf
    main.o(.text) refers to stm32f4xx_tim.o(.text) for TIM_Cmd
    main.o(.text) refers to rt_memclr.o(.text) for __aeabi_memclr
    main.o(.text) refers to bsp_sim800.o(.text) for SIM800C_Connect_IoTServer
    main.o(.text) refers to mqtt.o(.data) for Connect_flag
    main.o(.text) refers to mqtt.o(.bss) for MQTT_TxDataBuf
    main.o(.text) refers to usart3.o(.data) for Usart3_RxCounter
    main.o(.text) refers to usart3.o(.bss) for Usart3_RxBuff
    stm32f4xx_it.o(.text) refers to stm32f4xx_usart.o(.text) for USART_GetITStatus
    stm32f4xx_it.o(.text) refers to stm32f4xx_tim.o(.text) for TIM_Cmd
    stm32f4xx_it.o(.text) refers to rt_memcpy_v6.o(.text) for __aeabi_memcpy
    stm32f4xx_it.o(.text) refers to mqtt.o(.text) for MQTT_PingREQ
    stm32f4xx_it.o(.text) refers to timer6.o(.text) for TIM6_ENABLE_2S
    stm32f4xx_it.o(.text) refers to mqtt.o(.data) for Connect_flag
    stm32f4xx_it.o(.text) refers to usart3.o(.bss) for Usart3_RxBuff
    stm32f4xx_it.o(.text) refers to usart3.o(.data) for Usart3_RxCounter
    stm32f4xx_it.o(.text) refers to mqtt.o(.bss) for MQTT_RxDataBuf
    system_stm32f4xx.o(.text) refers to system_stm32f4xx.o(.data) for SystemCoreClock
    mqtt.o(.text) refers to _printf_percent.o(.ARM.Collect$$_printf_percent$$00000000) for _printf_percent
    mqtt.o(.text) refers to _printf_s.o(.ARM.Collect$$_printf_percent$$00000014) for _printf_s
    mqtt.o(.text) refers to _printf_str.o(.text) for _printf_str
    mqtt.o(.text) refers to _printf_d.o(.ARM.Collect$$_printf_percent$$00000009) for _printf_d
    mqtt.o(.text) refers to _printf_dec.o(.text) for _printf_int_dec
    mqtt.o(.text) refers to rt_memcpy_v6.o(.text) for __aeabi_memcpy
    mqtt.o(.text) refers to strlen.o(.text) for strlen
    mqtt.o(.text) refers to rt_memclr.o(.text) for __aeabi_memclr
    mqtt.o(.text) refers to __2sprintf.o(.text) for __2sprintf
    mqtt.o(.text) refers to __2printf.o(.text) for __2printf
    mqtt.o(.text) refers to mqtt.o(.data) for MQTT_TxDataInPtr
    mqtt.o(.text) refers to mqtt.o(.bss) for MQTT_TxDataBuf
    mqtt.o(.text) refers to mqtt.o(.conststring) for .conststring
    bsp_sim800.o(.text) refers to _printf_percent.o(.ARM.Collect$$_printf_percent$$00000000) for _printf_percent
    bsp_sim800.o(.text) refers to _printf_d.o(.ARM.Collect$$_printf_percent$$00000009) for _printf_d
    bsp_sim800.o(.text) refers to _printf_dec.o(.text) for _printf_int_dec
    bsp_sim800.o(.text) refers to _scanf_str.o(.text) for _scanf_string
    bsp_sim800.o(.text) refers to _printf_s.o(.ARM.Collect$$_printf_percent$$00000014) for _printf_s
    bsp_sim800.o(.text) refers to _printf_str.o(.text) for _printf_str
    bsp_sim800.o(.text) refers to stm32f4xx_rcc.o(.text) for RCC_AHB1PeriphClockCmd
    bsp_sim800.o(.text) refers to stm32f4xx_gpio.o(.text) for GPIO_Init
    bsp_sim800.o(.text) refers to __2printf.o(.text) for __2printf
    bsp_sim800.o(.text) refers to delay.o(.text) for delay_ms
    bsp_sim800.o(.text) refers to rt_memclr.o(.text) for __aeabi_memclr
    bsp_sim800.o(.text) refers to usart3.o(.text) for u3_printf
    bsp_sim800.o(.text) refers to strstr.o(.text) for strstr
    bsp_sim800.o(.text) refers to __0sscanf.o(.text) for __0sscanf
    bsp_sim800.o(.text) refers to usart3.o(.data) for Usart3_RxCounter
    bsp_sim800.o(.text) refers to usart3.o(.bss) for Usart3_RxBuff
    bsp_sim800.o(.text) refers to mqtt.o(.data) for ServerPort
    bsp_sim800.o(.text) refers to mqtt.o(.bss) for ServerIP
    usart3.o(.text) refers to misc.o(.text) for NVIC_PriorityGroupConfig
    usart3.o(.text) refers to stm32f4xx_rcc.o(.text) for RCC_AHB1PeriphClockCmd
    usart3.o(.text) refers to stm32f4xx_gpio.o(.text) for GPIO_PinAFConfig
    usart3.o(.text) refers to stm32f4xx_usart.o(.text) for USART_Init
    usart3.o(.text) refers to c89vsprintf.o(.text) for __c89vsprintf
    usart3.o(.text) refers to strlen.o(.text) for strlen
    usart3.o(.text) refers to usart3.o(.bss) for Usart3_TxBuff
    timer4.o(.text) refers to misc.o(.text) for NVIC_PriorityGroupConfig
    timer4.o(.text) refers to stm32f4xx_rcc.o(.text) for RCC_APB1PeriphClockCmd
    timer4.o(.text) refers to stm32f4xx_tim.o(.text) for TIM_DeInit
[...]
    CL$$btod_e2e                             0x08005128   Section      220  btod.o(CL$$btod_e2e)
    CL$$btod_ediv                            0x08005204   Section       42  btod.o(CL$$btod_ediv)
    CL$$btod_emul                            0x0800522e   Section       42  btod.o(CL$$btod_emul)
    CL$$btod_mult_common                     0x08005258   Section      580  btod.o(CL$$btod_mult_common)
    i.__ARM_fpclassify                       0x0800549c   Section        0  fpclassify.o(i.__ARM_fpclassify)
    i._is_digit                              0x080054cc   Section        0  __printf_wp.o(i._is_digit)
    locale$$code                             0x080054dc   Section       44  lc_numeric_c.o(locale$$code)
    locale$$code                             0x08005508   Section       44  lc_ctype_c.o(locale$$code)
    x$fpl$fpinit                             0x08005534   Section       10  fpinit.o(x$fpl$fpinit)
    $v0                                      0x08005534   Number         0  fpinit.o(x$fpl$fpinit)
    x$fpl$printf1                            0x0800553e   Section        4  printf1.o(x$fpl$printf1)
    $v0                                      0x0800553e   Number         0  printf1.o(x$fpl$printf1)
    .constdata                               0x08005542   Section       40  _printf_hex_int_ll_ptr.o(.constdata)
    x$fpl$usenofp                            0x08005542   Section        0  usenofp.o(x$fpl$usenofp)
    uc_hextab                                0x08005542   Data          20  _printf_hex_int_ll_ptr.o(.constdata)
    lc_hextab                                0x08005556   Data          20  _printf_hex_int_ll_ptr.o(.constdata)
    .constdata                               0x0800556a   Section       17  __printf_flags_ss_wp.o(.constdata)
    maptable                                 0x0800556a   Data          17  __printf_flags_ss_wp.o(.constdata)
    .constdata                               0x0800557c   Section        8  _printf_wctomb.o(.constdata)
    initial_mbstate                          0x0800557c   Data           8  _printf_wctomb.o(.constdata)
    .constdata                               0x08005584   Section      148  bigflt0.o(.constdata)
    tenpwrs_x                                0x08005584   Data          60  bigflt0.o(.constdata)
    tenpwrs_i                                0x080055c0   Data          64  bigflt0.o(.constdata)
    .conststring                             0x08005618   Section       76  mqtt.o(.conststring)
    locale$$data                             0x08005684   Section       28  lc_numeric_c.o(locale$$data)
    __lcnum_c_name                           0x08005688   Data           2  lc_numeric_c.o(locale$$data)
    __lcnum_c_start                          0x08005690   Data           0  lc_numeric_c.o(locale$$data)
    __lcnum_c_point                          0x0800569c   Data           0  lc_numeric_c.o(locale$$data)
    __lcnum_c_thousands                      0x0800569e   Data           0  lc_numeric_c.o(locale$$data)
    __lcnum_c_grouping                       0x0800569f   Data           0  lc_numeric_c.o(locale$$data)
    locale$$data                             0x080056a0   Section      272  lc_ctype_c.o(locale$$data)
    __lcnum_c_end                            0x080056a0   Data           0  lc_numeric_c.o(locale$$data)
    __lcctype_c_name                         0x080056a4   Data           2  lc_ctype_c.o(locale$$data)
    __lcctype_c_start                        0x080056ac   Data           0  lc_ctype_c.o(locale$$data)
    __lcctype_c_end                          0x080057b0   Data           0  lc_ctype_c.o(locale$$data)
    .data                                    0x20000000   Section       20  system_stm32f4xx.o(.data)
    .data                                    0x20000014   Section       68  mqtt.o(.data)
    .data                                    0x20000058   Section        8  usart3.o(.data)
    .data                                    0x20000060   Section       16  stm32f4xx_rcc.o(.data)
    APBAHBPrescTable                         0x20000060   Data          16  stm32f4xx_rcc.o(.data)
    .data                                    0x20000070   Section        4  delay.o(.data)
    fac_us                                   0x20000070   Data           1  delay.o(.data)
    fac_ms                                   0x20000072   Data           2  delay.o(.data)
    .data                                    0x20000074   Section        6  usart.o(.data)
    .bss                                     0x2000007c   Section     5312  mqtt.o(.bss)
    .bss                                     0x20001540   Section     2048  usart3.o(.bss)
    .bss                                     0x20001d40   Section      200  usart.o(.bss)
    .bss                                     0x20001e08   Section       96  libspace.o(.bss)
    HEAP                                     0x20001e68   Section      512  startup_stm32f40_41xxx.o(HEAP)
    Heap_Mem                                 0x20001e68   Data         512  startup_stm32f40_41xxx.o(HEAP)
    STACK                                    0x20002068   Section     1024  startup_stm32f40_41xxx.o(STACK)
    Stack_Mem                                0x20002068   Data        1024  startup_stm32f40_41xxx.o(STACK)
    __initial_sp                             0x20002468   Data           0  startup_stm32f40_41xxx.o(STACK)

    Global Symbols

    Symbol Name                              Value     Ov Type        Size  Object(Section)

    BuildAttributes$$THM_ISAv4$E$P$D$K$B$S$7EM$VFPi3$EXTD16$VFPS$VFMA$PE$A:L22UL41UL21$X:L11$S22US41US21$IEEE1$IW$USESV6$~STKCKD$USESV7$~SHL$OTIME$ROPI$IEEEJ$EBA8$UX$STANDARDLIB$REQ8$PRES8$EABIv2 0x00000000   Number         0  anon$$obj.o ABSOLUTE
    __ARM_use_no_argv                        0x00000000   Number         0  main.o ABSOLUTE
    _printf_flags                            0x00000000   Number         0  printf_stubs.o ABSOLUTE
    _printf_return_value                     0x00000000   Number         0  printf_stubs.o ABSOLUTE
    _printf_sizespec                         0x00000000   Number         0  printf_stubs.o ABSOLUTE
    _printf_widthprec                        0x00000000   Number         0  printf_stubs.o ABSOLUTE
    __ARM_exceptions_init                     - Undefined Weak Reference
    __alloca_initialize                       - Undefined Weak Reference
    __arm_preinit_                            - Undefined Weak Reference
    __cpp_initialize__aeabi_                  - Undefined Weak Reference
    __cxa_finalize                            - Undefined Weak Reference
    __sigvec_lookup                           - Undefined Weak Reference
    _atexit_init                              - Undefined Weak Reference
    _call_atexit_fns                          - Undefined Weak Reference
    _clock_init                               - Undefined Weak Reference
    _fp_trap_init                             - Undefined Weak Reference
    _fp_trap_shutdown                         - Undefined Weak Reference
    _get_lc_collate                           - Undefined Weak Reference
    _get_lc_monetary                          - Undefined Weak Reference
    _get_lc_time                              - Undefined Weak Reference
    _getenv_init                              - Undefined Weak Reference
    _handle_redirection                       - Undefined Weak Reference
    _init_alloc                               - Undefined Weak Reference
    _init_user_alloc                          - Undefined Weak Reference
    _initio                                   - Undefined Weak Reference
    _mutex_acquire                            - Undefined Weak Reference
    _mutex_release                            - Undefined Weak Reference
    _printf_fp_hex                            - Undefined Weak Reference
    _printf_mbtowc                            - Undefined Weak Reference
    _printf_wc                                - Undefined Weak Reference
    _rand_init                                - Undefined Weak Reference
    _scanf_int                                - Undefined Weak Reference
    _scanf_longlong                           - Undefined Weak Reference
    _scanf_mbtowc                             - Undefined Weak Reference
    _scanf_real                               - Undefined Weak Reference
    _scanf_wctomb                             - Undefined Weak Reference
    _scanf_wstring                            - Undefined Weak Reference
    _signal_finish                            - Undefined Weak Reference
    _signal_init                              - Undefined Weak Reference
    _terminate_alloc                          - Undefined Weak Reference
    _terminate_user_alloc                     - Undefined Weak Reference
    _terminateio                              - Undefined Weak Reference
    __Vectors_Size                           0x00000188   Number         0  startup_stm32f40_41xxx.o ABSOLUTE
    __Vectors                                0x08000000   Data           4  startup_stm32f40_41xxx.o(RESET)
    __Vectors_End                            0x08000188   Data           0  startup_stm32f40_41xxx.o(RESET)
    __main                                   0x08000189   Thumb Code     8  __main.o(!!!main)
    __scatterload                            0x08000191   Thumb Code     0  __scatter.o(!!!scatter)
    __scatterload_rt2                        0x08000191   Thumb Code    44  __scatter.o(!!!scatter)
    __scatterload_rt2_thumb_only             0x08000191   Thumb Code     0  __scatter.o(!!!scatter)
    __scatterload_null                       0x0800019f   Thumb Code     0  __scatter.o(!!!scatter)
    __scatterload_copy                       0x080001c5   Thumb Code    26  __scatter_copy.o(!!handler_copy)
    __scatterload_zeroinit                   0x080001e1   Thumb Code    28  __scatter_zi.o(!!handler_zi)
    _printf_n                                0x080001fd   Thumb Code     0  _printf_n.o(.ARM.Collect$$_printf_percent$$00000001)
    _printf_percent                          0x080001fd   Thumb Code     0  _printf_percent.o(.ARM.Collect$$_printf_percent$$00000000)
    _printf_p                                0x08000203   Thumb Code     0  _printf_p.o(.ARM.Collect$$_printf_percent$$00000002)
    _printf_f                                0x08000209   Thumb Code     0  _printf_f.o(.ARM.Collect$$_printf_percent$$00000003)
    _printf_e                                0x0800020f   Thumb Code     0  _printf_e.o(.ARM.Collect$$_printf_percent$$00000004)
    _printf_g                                0x08000215   Thumb Code     0  _printf_g.o(.ARM.Collect$$_printf_percent$$00000005)
    _printf_a                                0x0800021b   Thumb Code     0  _printf_a.o(.ARM.Collect$$_printf_percent$$00000006)
    _printf_ll                               0x08000221   Thumb Code     0  _printf_ll.o(.ARM.Collect$$_printf_percent$$00000007)
    _printf_i                                0x0800022b   Thumb Code     0  _printf_i.o(.ARM.Collect$$_printf_percent$$00000008)
    _printf_d                                0x08000231   Thumb Code     0  _printf_d.o(.ARM.Collect$$_printf_percent$$00000009)
    _printf_u                                0x08000237   Thumb Code     0  _printf_u.o(.ARM.Collect$$_printf_percent$$0000000A)
    _printf_o                                0x0800023d   Thumb Code     0  _printf_o.o(.ARM.Collect$$_printf_percent$$0000000B)
    _printf_x                                0x08000243   Thumb Code     0  _printf_x.o(.ARM.Collect$$_printf_percent$$0000000C)
    _printf_lli                              0x08000249   Thumb Code     0  _printf_lli.o(.ARM.Collect$$_printf_percent$$0000000D)
    _printf_lld                              0x0800024f   Thumb Code     0  _printf_lld.o(.ARM.Collect$$_printf_percent$$0000000E)
    _printf_llu                              0x08000255   Thumb Code     0  _printf_llu.o(.ARM.Collect$$_printf_percent$$0000000F)
    _printf_llo                              0x0800025b   Thumb Code     0  _printf_llo.o(.ARM.Collect$$_printf_percent$$00000010)
    _printf_llx                              0x08000261   Thumb Code     0  _printf_llx.o(.ARM.Collect$$_printf_percent$$00000011)
    _printf_l                                0x08000267   Thumb Code     0  _printf_l.o(.ARM.Collect$$_printf_percent$$00000012)
    _printf_c                                0x08000271   Thumb Code     0  _printf_c.o(.ARM.Collect$$_printf_percent$$00000013)
    _printf_s                                0x08000277   Thumb Code     0  _printf_s.o(.ARM.Collect$$_printf_percent$$00000014)
    _printf_lc                               0x0800027d   Thumb Code     0  _printf_lc.o(.ARM.Collect$$_printf_percent$$00000015)
    _printf_ls                               0x08000283   Thumb Code     0  _printf_ls.o(.ARM.Collect$$_printf_percent$$00000016)
    _printf_percent_end                      0x08000289   Thumb Code     0  _printf_percent_end.o(.ARM.Collect$$_printf_percent$$00000017)
    __rt_lib_init                            0x0800028d   Thumb Code     0  libinit.o(.ARM.Collect$$libinit$$00000000)
    __rt_lib_init_fp_1                       0x0800028f   Thumb Code     0  libinit2.o(.ARM.Collect$$libinit$$00000001)
    __rt_lib_init_heap_1                     0x08000293   Thumb Code     0  libinit2.o(.ARM.Collect$$libinit$$0000000A)
    __rt_lib_init_lc_common                  0x08000293   Thumb Code     0  libinit2.o(.ARM.Collect$$libinit$$0000000F)
    __rt_lib_init_preinit_1                  0x08000293   Thumb Code     0  libinit2.o(.ARM.Collect$$libinit$$00000004)
    __rt_lib_init_rand_1                     0x08000293   Thumb Code     0  libinit2.o(.ARM.Collect$$libinit$$0000000E)
    __rt_lib_init_user_alloc_1               0x08000293   Thumb Code     0  libinit2.o(.ARM.Collect$$libinit$$0000000C)
    __rt_lib_init_lc_collate_1               0x08000299   Thumb Code     0  libinit2.o(.ARM.Collect$$libinit$$00000011)
    __rt_lib_init_lc_ctype_2                 0x08000299   Thumb Code     0  libinit2.o(.ARM.Collect$$libinit$$00000012)
    __rt_lib_init_lc_ctype_1                 0x080002a5   Thumb Code     0  libinit2.o(.ARM.Collect$$libinit$$00000013)
    __rt_lib_init_lc_monetary_1              0x080002a5   Thumb Code     0  libinit2.o(.ARM.Collect$$libinit$$00000015)
    __rt_lib_init_lc_numeric_2               0x080002a5   Thumb Code     0  libinit2.o(.ARM.Collect$$libinit$$00000016)
    __rt_lib_init_alloca_1                   0x080002af   Thumb Code     0  libinit2.o(.ARM.Collect$$libinit$$0000002E)
    __rt_lib_init_argv_1                     0x080002af   Thumb Code     0  libinit2.o(.ARM.Collect$$libinit$$0000002C)
    __rt_lib_init_atexit_1                   0x080002af   Thumb Code     0  libinit2.o(.ARM.Collect$$libinit$$0000001B)
    __rt_lib_init_clock_1                    0x080002af   Thumb Code     0  libinit2.o(.ARM.Collect$$libinit$$00000021)
    __rt_lib_init_cpp_1                      0x080002af   Thumb Code     0  libinit2.o(.ARM.Collect$$libinit$$00000032)
    __rt_lib_init_exceptions_1               0x080002af   Thumb Code     0  libinit2.o(.ARM.Collect$$libinit$$00000030)
    __rt_lib_init_fp_trap_1                  0x080002af   Thumb Code     0  libinit2.o(.ARM.Collect$$libinit$$0000001F)
    __rt_lib_init_getenv_1                   0x080002af   Thumb Code     0  libinit2.o(.ARM.Collect$$libinit$$00000023)
    __rt_lib_init_lc_numeric_1               0x080002af   Thumb Code     0  libinit2.o(.ARM.Collect$$libinit$$00000017)
    __rt_lib_init_lc_time_1                  0x080002af   Thumb Code     0  libinit2.o(.ARM.Collect$$libinit$$00000019)
    __rt_lib_init_return                     0x080002af   Thumb Code     0  libinit2.o(.ARM.Collect$$libinit$$00000033)
    __rt_lib_init_signal_1                   0x080002af   Thumb Code     0  libinit2.o(.ARM.Collect$$libinit$$0000001D)
    __rt_lib_init_stdio_1                    0x080002af   Thumb Code     0  libinit2.o(.ARM.Collect$$libinit$$00000025)
    __rt_lib_shutdown                        0x080002b1   Thumb Code     0  libshutdown.o(.ARM.Collect$$libshutdown$$00000000)
    __rt_lib_shutdown_cpp_1                  0x080002b3   Thumb Code     0  libshutdown2.o(.ARM.Collect$$libshutdown$$00000002)
    __rt_lib_shutdown_fp_trap_1              0x080002b3   Thumb Code     0  libshutdown2.o(.ARM.Collect$$libshutdown$$00000007)
    __rt_lib_shutdown_heap_1                 0x080002b3   Thumb Code     0  libshutdown2.o(.ARM.Collect$$libshutdown$$0000000F)
    __rt_lib_shutdown_return                 0x080002b3   Thumb Code     0  libshutdown2.o(.ARM.Collect$$libshutdown$$00000010)
    __rt_lib_shutdown_signal_1               0x080002b3   Thumb Code     0  libshutdown2.o(.ARM.Collect$$libshutdown$$0000000A)
    __rt_lib_shutdown_stdio_1                0x080002b3   Thumb Code     0  libshutdown2.o(.ARM.Collect$$libshutdown$$00000004)
    __rt_lib_shutdown_user_alloc_1           0x080002b3   Thumb Code     0  libshutdown2.o(.ARM.Collect$$libshutdown$$0000000C)
    __rt_entry                               0x080002b5   Thumb Code     0  __rtentry.o(.ARM.Collect$$rtentry$$00000000)
    __rt_entry_presh_1                       0x080002b5   Thumb Code     0  __rtentry2.o(.ARM.Collect$$rtentry$$00000002)
    __rt_entry_sh                            0x080002b5   Thumb Code     0  __rtentry4.o(.ARM.Collect$$rtentry$$00000004)
    __rt_entry_li                            0x080002bb   Thumb Code     0  __rtentry2.o(.ARM.Collect$$rtentry$$0000000A)
    __rt_entry_postsh_1                      0x080002bb   Thumb Code     0  __rtentry2.o(.ARM.Collect$$rtentry$$00000009)
    __rt_entry_main                          0x080002bf   Thumb Code     0  __rtentry2.o(.ARM.Collect$$rtentry$$0000000D)
    __rt_entry_postli_1                      0x080002bf   Thumb Code     0  __rtentry2.o(.ARM.Collect$$rtentry$$0000000C)
    __rt_exit                                0x080002c7   Thumb Code     0  rtexit.o(.ARM.Collect$$rtexit$$00000000)
    __rt_exit_ls                             0x080002c9   Thumb Code     0  rtexit2.o(.ARM.Collect$$rtexit$$00000003)
    __rt_exit_prels_1                        0x080002c9   Thumb Code     0  rtexit2.o(.ARM.Collect$$rtexit$$00000002)
    __rt_exit_exit                           0x080002cd   Thumb Code     0  rtexit2.o(.ARM.Collect$$rtexit$$00000004)
    main                                     0x080002d5   Thumb Code   226  main.o(.text)
    NMI_Handler                              0x0800041d   Thumb Code     2  stm32f4xx_it.o(.text)
    HardFault_Handler                        0x0800041f   Thumb Code     4  stm32f4xx_it.o(.text)
    MemManage_Handler                        0x08000423   Thumb Code     4  stm32f4xx_it.o(.text)
    BusFault_Handler                         0x08000427   Thumb Code     4  stm32f4xx_it.o(.text)
    UsageFault_Handler                       0x0800042b   Thumb Code     4  stm32f4xx_it.o(.text)
    SVC_Handler                              0x0800042f   Thumb Code     2  stm32f4xx_it.o(.text)
    DebugMon_Handler                         0x08000431   Thumb Code     2  stm32f4xx_it.o(.text)
    PendSV_Handler                           0x08000433   Thumb Code     2  stm32f4xx_it.o(.text)
    SysTick_Handler                          0x08000435   Thumb Code     2  stm32f4xx_it.o(.text)
    USART3_IRQHandler                        0x08000437   Thumb Code   104  stm32f4xx_it.o(.text)
    TIM4_IRQHandler                          0x0800049f   Thumb Code   122  stm32f4xx_it.o(.text)
    TIM6_IRQHandler                          0x08000519   Thumb Code    94  stm32f4xx_it.o(.text)
    SystemInit                               0x08000681   Thumb Code    88  system_stm32f4xx.o(.text)
    SystemCoreClockUpdate                    0x080006d9   Thumb Code   174  system_stm32f4xx.o(.text)
    TxDataBuf_Deal                           0x080007b5   Thumb Code    86  mqtt.o(.text)
    MQTT_Subscribe                           0x0800080b   Thumb Code   134  mqtt.o(.text)
    MQTT_ConectPack                          0x08000891   Thumb Code   496  mqtt.o(.text)
    MQTT_Buff_Init                           0x08000a81   Thumb Code    90  mqtt.o(.text)
    IoT_Parameter_Init                       0x08000adb   Thumb Code   150  mqtt.o(.text)
    MQTT_PingREQ                             0x08000b71   Thumb Code    22  mqtt.o(.text)
    MQTT_PublishQs0                          0x08000b87   Thumb Code   506  mqtt.o(.text)
    CMDBuf_Deal                              0x08000d81   Thumb Code    96  mqtt.o(.text)
    MQTT_DealPushdata_Qs0                    0x08000de1   Thumb Code   234  mqtt.o(.text)
    SIM800C_GPIO_Init                        0x08000f05   Thumb Code    70  bsp_sim800.o(.text)
    SIM800C_Power                            0x08000f4b   Thumb Code   158  bsp_sim800.o(.text)
    SIM800C_SendCmd                          0x08000fe9   Thumb Code    86  bsp_sim800.o(.text)
    SIM800C_CREG                             0x0800103f   Thumb Code    84  bsp_sim800.o(.text)
    SIM800C_CSQ                              0x08001093   Thumb Code   116  bsp_sim800.o(.text)
    SIM800C_CGATT                            0x08001107   Thumb Code    84  bsp_sim800.o(.text)
    SIM800C_ActivateNetwork                  0x0800115b   Thumb Code   102  bsp_sim800.o(.text)
    SIM800C_TCPConnect                       0x080011c1   Thumb Code    90  bsp_sim800.o(.text)
    SIM800C_TCPClose                         0x0800121b   Thumb Code    84  bsp_sim800.o(.text)
    SIM800C_Connect_IoTServer                0x0800126f   Thumb Code  1170  bsp_sim800.o(.text)
    Usart3_Init                              0x080017db   Thumb Code   158  usart3.o(.text)
    u3_printf                                0x08001879   Thumb Code    84  usart3.o(.text)
    u3_TxData                                0x080018cd   Thumb Code    58  usart3.o(.text)
    TIM4_Init                                0x08001915   Thumb Code   108  timer4.o(.text)
    TIM6_ENABLE_30S                          0x08001985   Thumb Code   112  timer6.o(.text)
    TIM6_ENABLE_2S                           0x080019f5   Thumb Code   114  timer6.o(.text)
    Reset_Handler                            0x08001a6d   Thumb Code     8  startup_stm32f40_41xxx.o(.text)
    ADC_IRQHandler                           0x08001a87   Thumb Code     0  startup_stm32f40_41xxx.o(.text)
    CAN1_RX0_IRQHandler                      0x08001a87   Thumb Code     0  startup_stm32f40_41xxx.o(.text)
    CAN1_RX1_IRQHandler                      0x08001a87   Thumb Code     0  startup_stm32f40_41xxx.o(.text)
    CAN1_SCE_IRQHandler                      0x08001a87   Thumb Code     0  startup_stm32f40_41xxx.o(.text)
    CAN1_TX_IRQHandler                       0x08001a87   Thumb Code     0  startup_stm32f40_41xxx.o(.text)
    CAN2_RX0_IRQHandler                      0x08001a87   Thumb Code     0  startup_stm32f40_41xxx.o(.text)
    CAN2_RX1_IRQHandler                      0x08001a87   Thumb Code     0  startup_stm32f40_41xxx.o(.text)
    CAN2_SCE_IRQHandler                      0x08001a87   Thumb Code     0  startup_stm32f40_41xxx.o(.text)
    CAN2_TX_IRQHandler                       0x08001a87   Thumb Code     0  startup_stm32f40_41xxx.o(.text)
    CRYP_IRQHandler                          0x08001a87   Thumb Code     0  startup_stm32f40_41xxx.o(.text)
    DCMI_IRQHandler                          0x08001a87   Thumb Code     0  startup_stm32f40_41xxx.o(.text)
    DMA1_Stream0_IRQHandler                  0x08001a87   Thumb Code     0  startup_stm32f40_41xxx.o(.text)
    DMA1_Stream1_IRQHandler                  0x08001a87   Thumb Code     0  startup_stm32f40_41xxx.o(.text)
    DMA1_Stream2_IRQHandler                  0x08001a87   Thumb Code     0  startup_stm32f40_41xxx.o(.text)
    DMA1_Stream3_IRQHandler                  0x08001a87   Thumb Code     0  startup_stm32f40_41xxx.o(.text)
    DMA1_Stream4_IRQHandler                  0x08001a87   Thumb Code     0  startup_stm32f40_41xxx.o(.text)
    DMA1_Stream5_IRQHandler                  0x08001a87   Thumb Code     0  startup_stm32f40_41xxx.o(.text)
    DMA1_Stream6_IRQHandler                  0x08001a87   Thumb Code     0  startup_stm32f40_41xxx.o(.text)
    DMA1_Stream7_IRQHandler                  0x08001a87   Thumb Code     0  startup_stm32f40_41xxx.o(.text)
    DMA2_Stream0_IRQHandler                  0x08001a87   Thumb Code     0  startup_stm32f40_41xxx.o(.text)
    DMA2_Stream1_IRQHandler                  0x08001a87   Thumb Code     0  startup_stm32f40_41xxx.o(.text)
    DMA2_Stream2_IRQHandler                  0x08001a87   Thumb Code     0  startup_stm32f40_41xxx.o(.text)
    DMA2_Stream3_IRQHandler                  0x08001a87   Thumb Code     0  startup_stm32f40_41xxx.o(.text)
    DMA2_Stream4_IRQHandler                  0x08001a87   Thumb Code     0  startup_stm32f40_41xxx.o(.text)
    DMA2_Stream5_IRQHandler                  0x08001a87   Thumb Code     0  startup_stm32f40_41xxx.o(.text)
    DMA2_Stream6_IRQHandler                  0x08001a87   Thumb Code     0  startup_stm32f40_41xxx.o(.text)
    DMA2_Stream7_IRQHandler                  0x08001a87   Thumb Code     0  startup_stm32f40_41xxx.o(.text)
    ETH_IRQHandler                           0x08001a87   Thumb Code     0  startup_stm32f40_41xxx.o(.text)
    ETH_WKUP_IRQHandler                      0x08001a87   Thumb Code     0  startup_stm32f40_41xxx.o(.text)
    EXTI0_IRQHandler                         0x08001a87   Thumb Code     0  startup_stm32f40_41xxx.o(.text)
    EXTI15_10_IRQHandler                     0x08001a87   Thumb Code     0  startup_stm32f40_41xxx.o(.text)
    EXTI1_IRQHandler                         0x08001a87   Thumb Code     0  startup_stm32f40_41xxx.o(.text)
    EXTI2_IRQHandler                         0x08001a87   Thumb Code     0  startup_stm32f40_41xxx.o(.text)
    EXTI3_IRQHandler                         0x08001a87   Thumb Code     0  startup_stm32f40_41xxx.o(.text)
    EXTI4_IRQHandler                         0x08001a87   Thumb Code     0  startup_stm32f40_41xxx.o(.text)
    EXTI9_5_IRQHandler                       0x08001a87   Thumb Code     0  startup_stm32f40_41xxx.o(.text)
    FLASH_IRQHandler                         0x08001a87   Thumb Code     0  startup_stm32f40_41xxx.o(.text)
    FPU_IRQHandler                           0x08001a87   Thumb Code     0  startup_stm32f40_41xxx.o(.text)
    FSMC_IRQHandler                          0x08001a87   Thumb Code     0  startup_stm32f40_41xxx.o(.text)
    HASH_RNG_IRQHandler                      0x08001a87   Thumb Code     0  startup_stm32f40_41xxx.o(.text)
    I2C1_ER_IRQHandler                       0x08001a87   Thumb Code     0  startup_stm32f40_41xxx.o(.text)
    I2C1_EV_IRQHandler                       0x08001a87   Thumb Code     0  startup_stm32f40_41xxx.o(.text)
    I2C2_ER_IRQHandler                       0x08001a87   Thumb Code     0  startup_stm32f40_41xxx.o(.text)
    I2C2_EV_IRQHandler                       0x08001a87   Thumb Code     0  startup_stm32f40_41xxx.o(.text)
    I2C3_ER_IRQHandler                       0x08001a87   Thumb Code     0  startup_stm32f40_41xxx.o(.text)
    I2C3_EV_IRQHandler                       0x08001a87   Thumb Code     0  startup_stm32f40_41xxx.o(.text)
    OTG_FS_IRQHandler                        0x08001a87   Thumb Code     0  startup_stm32f40_41xxx.o(.text)
    OTG_FS_WKUP_IRQHandler                   0x08001a87   Thumb Code     0  startup_stm32f40_41xxx.o(.text)
    OTG_HS_EP1_IN_IRQHandler                 0x08001a87   Thumb Code     0  startup_stm32f40_41xxx.o(.text)
    OTG_HS_EP1_OUT_IRQHandler                0x08001a87   Thumb Code     0  startup_stm32f40_41xxx.o(.text)
    OTG_HS_IRQHandler                        0x08001a87   Thumb Code     0  startup_stm32f40_41xxx.o(.text)
    OTG_HS_WKUP_IRQHandler                   0x08001a87   Thumb Code     0  startup_stm32f40_41xxx.o(.text)
    PVD_IRQHandler                           0x08001a87   Thumb Code     0  startup_stm32f40_41xxx.o(.text)
    RCC_IRQHandler                           0x08001a87   Thumb Code     0  startup_stm32f40_41xxx.o(.text)
    RTC_Alarm_IRQHandler                     0x08001a87   Thumb Code     0  startup_stm32f40_41xxx.o(.text)
    RTC_WKUP_IRQHandler                      0x08001a87   Thumb Code     0  startup_stm32f40_41xxx.o(.text)
    SDIO_IRQHandler                          0x08001a87   Thumb Code     0  startup_stm32f40_41xxx.o(.text)
    SPI1_IRQHandler                          0x08001a87   Thumb Code     0  startup_stm32f40_41xxx.o(.text)
    SPI2_IRQHandler                          0x08001a87   Thumb Code     0  startup_stm32f40_41xxx.o(.text)
    SPI3_IRQHandler                          0x08001a87   Thumb Code     0  startup_stm32f40_41xxx.o(.text)
    TAMP_STAMP_IRQHandler                    0x08001a87   Thumb Code     0  startup_stm32f40_41xxx.o(.text)
    TIM1_BRK_TIM9_IRQHandler                 0x08001a87   Thumb Code     0  startup_stm32f40_41xxx.o(.text)
    TIM1_CC_IRQHandler                       0x08001a87   Thumb Code     0  startup_stm32f40_41xxx.o(.text)
    TIM1_TRG_COM_TIM11_IRQHandler            0x08001a87   Thumb Code     0  startup_stm32f40_41xxx.o(.text)
    TIM1_UP_TIM10_IRQHandler                 0x08001a87   Thumb Code     0  startup_stm32f40_41xxx.o(.text)
    TIM2_IRQHandler                          0x08001a87   Thumb Code     0  startup_stm32f40_41xxx.o(.text)
    TIM3_IRQHandler                          0x08001a87   Thumb Code     0  startup_stm32f40_41xxx.o(.text)
    TIM5_IRQHandler                          0x08001a87   Thumb Code     0  startup_stm32f40_41xxx.o(.text)
    TIM6_DAC_IRQHandler                      0x08001a87   Thumb Code     0  startup_stm32f40_41xxx.o(.text)
    TIM7_IRQHandler                          0x08001a87   Thumb Code     0  startup_stm32f40_41xxx.o(.text)
    TIM8_BRK_TIM12_IRQHandler                0x08001a87   Thumb Code     0  startup_stm32f40_41xxx.o(.text)
    TIM8_CC_IRQHandler                       0x08001a87   Thumb Code     0  startup_stm32f40_41xxx.o(.text)
    TIM8_TRG_COM_TIM14_IRQHandler            0x08001a87   Thumb Code     0  startup_stm32f40_41xxx.o(.text)
    TIM8_UP_TIM13_IRQHandler                 0x08001a87   Thumb Code     0  startup_stm32f40_41xxx.o(.text)
    UART4_IRQHandler                         0x08001a87   Thumb Code     0  startup_stm32f40_41xxx.o(.text)
    UART5_IRQHandler                         0x08001a87   Thumb Code     0  startup_stm32f40_41xxx.o(.text)
    USART2_IRQHandler                        0x08001a87   Thumb Code     0  startup_stm32f40_41xxx.o(.text)
    USART6_IRQHandler                        0x08001a87   Thumb Code     0  startup_stm32f40_41xxx.o(.text)
    WWDG_IRQHandler                          0x08001a87   Thumb Code     0  startup_stm32f40_41xxx.o(.text)
    __user_initial_stackheap                 0x08001a89   Thumb Code     0  startup_stm32f40_41xxx.o(.text)
    NVIC_PriorityGroupConfig                 0x08001aad   Thumb Code    10  misc.o(.text)
    NVIC_Init                                0x08001ab7   Thumb Code   106  misc.o(.text)
    NVIC_SetVectorTable                      0x08001b21   Thumb Code    14  misc.o(.text)
    NVIC_SystemLPConfig                      0x08001b2f   Thumb Code    34  misc.o(.text)
    SysTick_CLKSourceConfig                  0x08001b51   Thumb Code    40  misc.o(.text)
    GPIO_DeInit                              0x08001b8d   Thumb Code   268  stm32f4xx_gpio.o(.text)
    GPIO_Init                                0x08001c99   Thumb Code   144  stm32f4xx_gpio.o(.text)
    GPIO_StructInit                          0x08001d29   Thumb Code    18  stm32f4xx_gpio.o(.text)
    GPIO_PinLockConfig                       0x08001d3b   Thumb Code    34  stm32f4xx_gpio.o(.text)
    GPIO_ReadInputDataBit                    0x08001d5d   Thumb Code    18  stm32f4xx_gpio.o(.text)
    GPIO_ReadInputData                       0x08001d6f   Thumb Code     8  stm32f4xx_gpio.o(.text)
    GPIO_ReadOutputDataBit                   0x08001d77   Thumb Code    18  stm32f4xx_gpio.o(.text)
    GPIO_ReadOutputData                      0x08001d89   Thumb Code     8  stm32f4xx_gpio.o(.text)
    GPIO_SetBits                             0x08001d91   Thumb Code     4  stm32f4xx_gpio.o(.text)
    GPIO_ResetBits                           0x08001d95   Thumb Code     4  stm32f4xx_gpio.o(.text)
    GPIO_WriteBit                            0x08001d99   Thumb Code    10  stm32f4xx_gpio.o(.text)
    GPIO_Write                               0x08001da3   Thumb Code     4  stm32f4xx_gpio.o(.text)
    GPIO_ToggleBits                          0x08001da7   Thumb Code     8  stm32f4xx_gpio.o(.text)
    GPIO_PinAFConfig                         0x08001daf   Thumb Code    70  stm32f4xx_gpio.o(.text)
    RCC_DeInit                               0x08001e21   Thumb Code    82  stm32f4xx_rcc.o(.text)
    RCC_HSEConfig                            0x08001e73   Thumb Code    14  stm32f4xx_rcc.o(.text)
    RCC_GetFlagStatus                        0x08001e81   Thumb Code    60  stm32f4xx_rcc.o(.text)
    RCC_WaitForHSEStartUp                    0x08001ebd   Thumb Code    56  stm32f4xx_rcc.o(.text)
    RCC_AdjustHSICalibrationValue            0x08001ef5   Thumb Code    20  stm32f4xx_rcc.o(.text)
    RCC_HSICmd                               0x08001f09   Thumb Code     6  stm32f4xx_rcc.o(.text)
    RCC_LSEConfig                            0x08001f0f   Thumb Code    46  stm32f4xx_rcc.o(.text)
    RCC_LSICmd                               0x08001f3d   Thumb Code     6  stm32f4xx_rcc.o(.text)
    RCC_PLLConfig                            0x08001f43   Thumb Code    32  stm32f4xx_rcc.o(.text)
    RCC_PLLCmd                               0x08001f63   Thumb Code     6  stm32f4xx_rcc.o(.text)
    RCC_PLLI2SConfig                         0x08001f69   Thumb Code    14  stm32f4xx_rcc.o(.text)
    RCC_PLLI2SCmd                            0x08001f77   Thumb Code     6  stm32f4xx_rcc.o(.text)
    RCC_PLLSAIConfig                         0x08001f7d   Thumb Code    20  stm32f4xx_rcc.o(.text)
    RCC_PLLSAICmd                            0x08001f91   Thumb Code     6  stm32f4xx_rcc.o(.text)
    RCC_ClockSecuritySystemCmd               0x08001f97   Thumb Code     6  stm32f4xx_rcc.o(.text)
    RCC_MCO1Config                           0x08001f9d   Thumb Code    28  stm32f4xx_rcc.o(.text)
    RCC_MCO2Config                           0x08001fb9   Thumb Code    28  stm32f4xx_rcc.o(.text)
    RCC_SYSCLKConfig                         0x08001fd5   Thumb Code    20  stm32f4xx_rcc.o(.text)
    RCC_GetSYSCLKSource                      0x08001fe9   Thumb Code    12  stm32f4xx_rcc.o(.text)
    RCC_HCLKConfig                           0x08001ff5   Thumb Code    20  stm32f4xx_rcc.o(.text)
    RCC_PCLK1Config                          0x08002009   Thumb Code    20  stm32f4xx_rcc.o(.text)
    RCC_PCLK2Config                          0x0800201d   Thumb Code    22  stm32f4xx_rcc.o(.text)
    RCC_GetClocksFreq                        0x08002033   Thumb Code   222  stm32f4xx_rcc.o(.text)
    RCC_RTCCLKConfig                         0x08002111   Thumb Code    54  stm32f4xx_rcc.o(.text)
    RCC_RTCCLKCmd                            0x08002147   Thumb Code     8  stm32f4xx_rcc.o(.text)
    RCC_BackupResetCmd                       0x0800214f   Thumb Code     8  stm32f4xx_rcc.o(.text)
    RCC_I2SCLKConfig                         0x08002157   Thumb Code     6  stm32f4xx_rcc.o(.text)
    RCC_SAIPLLI2SClkDivConfig                0x0800215d   Thumb Code    26  stm32f4xx_rcc.o(.text)
    RCC_SAIPLLSAIClkDivConfig                0x08002177   Thumb Code    28  stm32f4xx_rcc.o(.text)
    RCC_SAIBlockACLKConfig                   0x08002193   Thumb Code    20  stm32f4xx_rcc.o(.text)
    RCC_SAIBlockBCLKConfig                   0x080021a7   Thumb Code    20  stm32f4xx_rcc.o(.text)
    RCC_LTDCCLKDivConfig                     0x080021bb   Thumb Code    20  stm32f4xx_rcc.o(.text)
    RCC_TIMCLKPresConfig                     0x080021cf   Thumb Code     6  stm32f4xx_rcc.o(.text)
    RCC_AHB1PeriphClockCmd                   0x080021d5   Thumb Code    34  stm32f4xx_rcc.o(.text)
    RCC_AHB2PeriphClockCmd                   0x080021f7   Thumb Code    78  stm32f4xx_rcc.o(.text)
    RCC_AHB3PeriphClockCmd                   0x08002245   Thumb Code    34  stm32f4xx_rcc.o(.text)
    RCC_APB1PeriphClockCmd                   0x08002267   Thumb Code    34  stm32f4xx_rcc.o(.text)
    RCC_APB2PeriphClockCmd                   0x08002289   Thumb Code    34  stm32f4xx_rcc.o(.text)
    RCC_AHB1PeriphResetCmd                   0x080022ab   Thumb Code    34  stm32f4xx_rcc.o(.text)
    RCC_AHB2PeriphResetCmd                   0x080022cd   Thumb Code    34  stm32f4xx_rcc.o(.text)
    RCC_AHB3PeriphResetCmd                   0x080022ef   Thumb Code    34  stm32f4xx_rcc.o(.text)
    RCC_APB1PeriphResetCmd                   0x08002311   Thumb Code    34  stm32f4xx_rcc.o(.text)
    RCC_APB2PeriphResetCmd                   0x08002333   Thumb Code    34  stm32f4xx_rcc.o(.text)
    RCC_AHB1PeriphClockLPModeCmd             0x08002355   Thumb Code    34  stm32f4xx_rcc.o(.text)
    RCC_AHB2PeriphClockLPModeCmd             0x08002377   Thumb Code    34  stm32f4xx_rcc.o(.text)
    RCC_AHB3PeriphClockLPModeCmd             0x08002399   Thumb Code    34  stm32f4xx_rcc.o(.text)
    RCC_APB1PeriphClockLPModeCmd             0x080023bb   Thumb Code    34  stm32f4xx_rcc.o(.text)
    RCC_APB2PeriphClockLPModeCmd             0x080023dd   Thumb Code    34  stm32f4xx_rcc.o(.text)
    RCC_LSEModeConfig                        0x080023ff   Thumb Code    40  stm32f4xx_rcc.o(.text)
    RCC_ITConfig                             0x08002427   Thumb Code    34  stm32f4xx_rcc.o(.text)
    RCC_ClearFlag                            0x08002449   Thumb Code    18  stm32f4xx_rcc.o(.text)
    RCC_GetITStatus                          0x0800245b   Thumb Code    22  stm32f4xx_rcc.o(.text)
    RCC_ClearITPendingBit                    0x08002471   Thumb Code     8  stm32f4xx_rcc.o(.text)
    TIM_DeInit                               0x0800247d   Thumb Code   346  stm32f4xx_tim.o(.text)
    TIM_TimeBaseInit                         0x080025d7   Thumb Code   104  stm32f4xx_tim.o(.text)
    TIM_TimeBaseStructInit                   0x0800263f   Thumb Code    18  stm32f4xx_tim.o(.text)
    TIM_PrescalerConfig                      0x08002651   Thumb Code     6  stm32f4xx_tim.o(.text)
    TIM_CounterModeConfig                    0x08002657   Thumb Code    18  stm32f4xx_tim.o(.text)
    TIM_SetCounter                           0x08002669   Thumb Code     4  stm32f4xx_tim.o(.text)
    TIM_SetAutoreload                        0x0800266d   Thumb Code     4  stm32f4xx_tim.o(.text)
    TIM_GetCounter                           0x08002671   Thumb Code     6  stm32f4xx_tim.o(.text)
    TIM_GetPrescaler                         0x08002677   Thumb Code     6  stm32f4xx_tim.o(.text)
    TIM_UpdateDisableConfig                  0x0800267d   Thumb Code    24  stm32f4xx_tim.o(.text)
    TIM_UpdateRequestConfig                  0x08002695   Thumb Code    24  stm32f4xx_tim.o(.text)
    TIM_ARRPreloadConfig                     0x080026ad   Thumb Code    24  stm32f4xx_tim.o(.text)
    TIM_SelectOnePulseMode                   0x080026c5   Thumb Code    18  stm32f4xx_tim.o(.text)
    TIM_SetClockDivision                     0x080026d7   Thumb Code    18  stm32f4xx_tim.o(.text)
    TIM_Cmd                                  0x080026e9   Thumb Code    24  stm32f4xx_tim.o(.text)
    TIM_OC1Init                              0x08002701   Thumb Code   114  stm32f4xx_tim.o(.text)
    TIM_OC2Init                              0x08002773   Thumb Code   154  stm32f4xx_tim.o(.text)
    TIM_OC3Init                              0x0800280d   Thumb Code   204  stm32f4xx_tim.o(.text)
    TIM_OC4Init                              0x080028d9   Thumb Code   112  stm32f4xx_tim.o(.text)
    TIM_OCStructInit                         0x08002949   Thumb Code    20  stm32f4xx_tim.o(.text)
    TIM_SelectOCxM                           0x0800295d   Thumb Code    86  stm32f4xx_tim.o(.text)
    TIM_SetCompare1                          0x080029b3   Thumb Code     4  stm32f4xx_tim.o(.text)
    TIM_SetCompare2                          0x080029b7   Thumb Code     4  stm32f4xx_tim.o(.text)
    TIM_SetCompare3                          0x080029bb   Thumb Code     4  stm32f4xx_tim.o(.text)
    TIM_SetCompare4                          0x080029bf   Thumb Code     4  stm32f4xx_tim.o(.text)
    TIM_ForcedOC1Config                      0x080029c3   Thumb Code    18  stm32f4xx_tim.o(.text)
    TIM_ForcedOC2Config                      0x080029d5   Thumb Code    26  stm32f4xx_tim.o(.text)
    TIM_ForcedOC3Config                      0x080029ef   Thumb Code    18  stm32f4xx_tim.o(.text)
    TIM_ForcedOC4Config                      0x08002a01   Thumb Code    26  stm32f4xx_tim.o(.text)
    TIM_OC1PreloadConfig                     0x08002a1b   Thumb Code    18  stm32f4xx_tim.o(.text)
    TIM_OC2PreloadConfig                     0x08002a2d   Thumb Code    26  stm32f4xx_tim.o(.text)
    TIM_OC3PreloadConfig                     0x08002a47   Thumb Code    18  stm32f4xx_tim.o(.text)
    TIM_OC4PreloadConfig                     0x08002a59   Thumb Code    26  stm32f4xx_tim.o(.text)
    TIM_OC1FastConfig                        0x08002a73   Thumb Code    18  stm32f4xx_tim.o(.text)
    TIM_OC2FastConfig                        0x08002a85   Thumb Code    26  stm32f4xx_tim.o(.text)
    TIM_OC3FastConfig                        0x08002a9f   Thumb Code    18  stm32f4xx_tim.o(.text)
    TIM_OC4FastConfig                        0x08002ab1   Thumb Code    26  stm32f4xx_tim.o(.text)
    TIM_ClearOC1Ref                          0x08002acb   Thumb Code    18  stm32f4xx_tim.o(.text)
    TIM_ClearOC2Ref                          0x08002add   Thumb Code    24  stm32f4xx_tim.o(.text)
    TIM_ClearOC3Ref                          0x08002af5   Thumb Code    18  stm32f4xx_tim.o(.text)
    TIM_ClearOC4Ref                          0x08002b07   Thumb Code    24  stm32f4xx_tim.o(.text)
    TIM_OC1PolarityConfig                    0x08002b1f   Thumb Code    18  stm32f4xx_tim.o(.text)
    TIM_OC1NPolarityConfig                   0x08002b31   Thumb Code    18  stm32f4xx_tim.o(.text)
    TIM_OC2PolarityConfig                    0x08002b43   Thumb Code    26  stm32f4xx_tim.o(.text)
    TIM_OC2NPolarityConfig                   0x08002b5d   Thumb Code    26  stm32f4xx_tim.o(.text)
    TIM_OC3PolarityConfig                    0x08002b77   Thumb Code    26  stm32f4xx_tim.o(.text)
    TIM_OC3NPolarityConfig                   0x08002b91   Thumb Code    26  stm32f4xx_tim.o(.text)
    TIM_OC4PolarityConfig                    0x08002bab   Thumb Code    26  stm32f4xx_tim.o(.text)
    TIM_CCxCmd                               0x08002bc5   Thumb Code    30  stm32f4xx_tim.o(.text)
    TIM_CCxNCmd                              0x08002be3   Thumb Code    30  stm32f4xx_tim.o(.text)
    TIM_SetIC4Prescaler                      0x08002c01   Thumb Code    26  stm32f4xx_tim.o(.text)
    TIM_SetIC3Prescaler                      0x08002c6b   Thumb Code    18  stm32f4xx_tim.o(.text)
    TIM_SetIC2Prescaler                      0x08002cc5   Thumb Code    26  stm32f4xx_tim.o(.text)
    TIM_SetIC1Prescaler                      0x08002d39   Thumb Code    18  stm32f4xx_tim.o(.text)
    TIM_ICInit                               0x08002d85   Thumb Code   110  stm32f4xx_tim.o(.text)
    TIM_ICStructInit                         0x08002df3   Thumb Code    18  stm32f4xx_tim.o(.text)
    TIM_PWMIConfig                           0x08002e05   Thumb Code   124  stm32f4xx_tim.o(.text)
    TIM_GetCapture1                          0x08002e81   Thumb Code     6  stm32f4xx_tim.o(.text)
    TIM_GetCapture2                          0x08002e87   Thumb Code     6  stm32f4xx_tim.o(.text)
    TIM_GetCapture3                          0x08002e8d   Thumb Code     6  stm32f4xx_tim.o(.text)
    TIM_GetCapture4                          0x08002e93   Thumb Code     6  stm32f4xx_tim.o(.text)
    TIM_BDTRConfig                           0x08002e99   Thumb Code    32  stm32f4xx_tim.o(.text)
    TIM_BDTRStructInit                       0x08002eb9   Thumb Code    18  stm32f4xx_tim.o(.text)
    TIM_CtrlPWMOutputs                       0x08002ecb   Thumb Code    30  stm32f4xx_tim.o(.text)
    TIM_SelectCOM                            0x08002ee9   Thumb Code    24  stm32f4xx_tim.o(.text)
    TIM_CCPreloadControl                     0x08002f01   Thumb Code    24  stm32f4xx_tim.o(.text)
    TIM_ITConfig                             0x08002f19   Thumb Code    18  stm32f4xx_tim.o(.text)
    TIM_GenerateEvent                        0x08002f2b   Thumb Code     4  stm32f4xx_tim.o(.text)
    TIM_GetFlagStatus                        0x08002f2f   Thumb Code    18  stm32f4xx_tim.o(.text)
    TIM_ClearFlag                            0x08002f41   Thumb Code     6  stm32f4xx_tim.o(.text)
    TIM_GetITStatus                          0x08002f47   Thumb Code    34  stm32f4xx_tim.o(.text)
    TIM_ClearITPendingBit                    0x08002f69   Thumb Code     6  stm32f4xx_tim.o(.text)
    TIM_DMAConfig                            0x08002f6f   Thumb Code    10  stm32f4xx_tim.o(.text)
    TIM_DMACmd                               0x08002f79   Thumb Code    18  stm32f4xx_tim.o(.text)
    TIM_SelectCCDMA                          0x08002f8b   Thumb Code    24  stm32f4xx_tim.o(.text)
    TIM_InternalClockConfig                  0x08002fa3   Thumb Code    12  stm32f4xx_tim.o(.text)
    TIM_SelectInputTrigger                   0x08002faf   Thumb Code    18  stm32f4xx_tim.o(.text)
    TIM_ITRxExternalClockConfig              0x08002fc1   Thumb Code    24  stm32f4xx_tim.o(.text)
    TIM_TIxExternalClockConfig               0x08002fd9   Thumb Code    62  stm32f4xx_tim.o(.text)
    TIM_ETRConfig                            0x08003017   Thumb Code    28  stm32f4xx_tim.o(.text)
    TIM_ETRClockMode1Config                  0x08003033   Thumb Code    54  stm32f4xx_tim.o(.text)
    TIM_ETRClockMode2Config                  0x08003069   Thumb Code    32  stm32f4xx_tim.o(.text)
    TIM_SelectOutputTrigger                  0x08003089   Thumb Code    18  stm32f4xx_tim.o(.text)
    TIM_SelectSlaveMode                      0x0800309b   Thumb Code    18  stm32f4xx_tim.o(.text)
    TIM_SelectMasterSlaveMode                0x080030ad   Thumb Code    18  stm32f4xx_tim.o(.text)
    TIM_EncoderInterfaceConfig               0x080030bf   Thumb Code    66  stm32f4xx_tim.o(.text)
    TIM_SelectHallSensor                     0x08003101   Thumb Code    24  stm32f4xx_tim.o(.text)
    TIM_RemapConfig                          0x08003119   Thumb Code     6  stm32f4xx_tim.o(.text)
    USART_DeInit                             0x08003121   Thumb Code   206  stm32f4xx_usart.o(.text)
    USART_Init                               0x080031ef   Thumb Code   204  stm32f4xx_usart.o(.text)
    USART_StructInit                         0x080032bb   Thumb Code    24  stm32f4xx_usart.o(.text)
    USART_ClockInit                          0x080032d3   Thumb Code    32  stm32f4xx_usart.o(.text)
    USART_ClockStructInit                    0x080032f3   Thumb Code    12  stm32f4xx_usart.o(.text)
    USART_Cmd                                0x080032ff   Thumb Code    24  stm32f4xx_usart.o(.text)
    USART_SetPrescaler                       0x08003317   Thumb Code    16  stm32f4xx_usart.o(.text)
    USART_OverSampling8Cmd                   0x08003327   Thumb Code    22  stm32f4xx_usart.o(.text)
    USART_OneBitMethodCmd                    0x0800333d   Thumb Code    24  stm32f4xx_usart.o(.text)
    USART_SendData                           0x08003355   Thumb Code     8  stm32f4xx_usart.o(.text)
    USART_ReceiveData                        0x0800335d   Thumb Code    10  stm32f4xx_usart.o(.text)
    USART_SetAddress                         0x08003367   Thumb Code    18  stm32f4xx_usart.o(.text)
    USART_ReceiverWakeUpCmd                  0x08003379   Thumb Code    24  stm32f4xx_usart.o(.text)
    USART_WakeUpConfig                       0x08003391   Thumb Code    18  stm32f4xx_usart.o(.text)
    USART_LINBreakDetectLengthConfig         0x080033a3   Thumb Code    18  stm32f4xx_usart.o(.text)
    USART_LINCmd                             0x080033b5   Thumb Code    24  stm32f4xx_usart.o(.text)
    USART_SendBreak                          0x080033cd   Thumb Code    10  stm32f4xx_usart.o(.text)
    USART_HalfDuplexCmd                      0x080033d7   Thumb Code    24  stm32f4xx_usart.o(.text)
    USART_SetGuardTime                       0x080033ef   Thumb Code    16  stm32f4xx_usart.o(.text)
    USART_SmartCardCmd                       0x080033ff   Thumb Code    24  stm32f4xx_usart.o(.text)
    USART_SmartCardNACKCmd                   0x08003417   Thumb Code    24  stm32f4xx_usart.o(.text)
    USART_IrDAConfig                         0x0800342f   Thumb Code    18  stm32f4xx_usart.o(.text)
    USART_IrDACmd                            0x08003441   Thumb Code    24  stm32f4xx_usart.o(.text)
    USART_DMACmd                             0x08003459   Thumb Code    18  stm32f4xx_usart.o(.text)
    USART_ITConfig                           0x0800346b   Thumb Code    74  stm32f4xx_usart.o(.text)
    USART_GetFlagStatus                      0x080034b5   Thumb Code    26  stm32f4xx_usart.o(.text)
    USART_ClearFlag                          0x080034cf   Thumb Code    18  stm32f4xx_usart.o(.text)
    USART_GetITStatus                        0x080034e1   Thumb Code   118  stm32f4xx_usart.o(.text)
    USART_ClearITPendingBit                  0x08003557   Thumb Code    30  stm32f4xx_usart.o(.text)
    delay_init                               0x08003575   Thumb Code    52  delay.o(.text)
    delay_us                                 0x080035a9   Thumb Code    72  delay.o(.text)
    delay_xms                                0x080035f1   Thumb Code    72  delay.o(.text)
    delay_ms                                 0x08003639   Thumb Code    56  delay.o(.text)
    _sys_exit                                0x08003679   Thumb Code     4  usart.o(.text)
    fputc                                    0x0800367d   Thumb Code    22  usart.o(.text)
    uart_init                                0x08003693   Thumb Code   164  usart.o(.text)
    USART1_IRQHandler                        0x08003737   Thumb Code   122  usart.o(.text)
    __use_no_semihosting                     0x080037c1   Thumb Code     2  use_no_semi_2.o(.text)
    __c89vsprintf                            0x080037c5   Thumb Code    32  c89vsprintf.o(.text)
    __2printf                                0x080037e9   Thumb Code    20  __2printf.o(.text)
    __2sprintf                               0x08003801   Thumb Code    38  __2sprintf.o(.text)
    _printf_str                              0x0800382d   Thumb Code    82  _printf_str.o(.text)
    _printf_int_dec                          0x08003881   Thumb Code   104  _printf_dec.o(.text)
    _printf_longlong_hex                     0x080038f9   Thumb Code    86  _printf_hex_int_ll_ptr.o(.text)
    _printf_int_hex                          0x0800394f   Thumb Code    28  _printf_hex_int_ll_ptr.o(.text)
    _printf_ll_hex                           0x0800396b   Thumb Code    12  _printf_hex_int_ll_ptr.o(.text)
    _printf_hex_ptr                          0x08003977   Thumb Code    18  _printf_hex_int_ll_ptr.o(.text)
    __printf                                 0x0800398d   Thumb Code   388  __printf_flags_ss_wp.o(.text)
    __0sscanf                                0x08003b15   Thumb Code    52  __0sscanf.o(.text)
    _scanf_string                            0x08003b51   Thumb Code   224  _scanf_str.o(.text)
    strstr                                   0x08003c31   Thumb Code    36  strstr.o(.text)
    strlen                                   0x08003c55   Thumb Code    62  strlen.o(.text)
    __aeabi_memcpy                           0x08003c93   Thumb Code     0  rt_memcpy_v6.o(.text)
    __rt_memcpy                              0x08003c93   Thumb Code   138  rt_memcpy_v6.o(.text)
    _memcpy_lastbytes                        0x08003cf9   Thumb Code     0  rt_memcpy_v6.o(.text)
    __aeabi_memclr                           0x08003d1d   Thumb Code     0  rt_memclr.o(.text)
    __rt_memclr                              0x08003d1d   Thumb Code    68  rt_memclr.o(.text)
    _memset                                  0x08003d21   Thumb Code     0  rt_memclr.o(.text)
    __use_two_region_memory                  0x08003d61   Thumb Code     2  heapauxi.o(.text)
    __rt_heap_escrow$2region                 0x08003d63   Thumb Code     2  heapauxi.o(.text)
    __rt_heap_expand$2region                 0x08003d65   Thumb Code     2  heapauxi.o(.text)
    __I$use$semihosting                      0x08003d67   Thumb Code     0  use_no_semi.o(.text)
    __use_no_semihosting_swi                 0x08003d67   Thumb Code     2  use_no_semi.o(.text)
    _printf_pre_padding                      0x08003d69   Thumb Code    44  _printf_pad.o(.text)
    _printf_post_padding                     0x08003d95   Thumb Code    34  _printf_pad.o(.text)
    _printf_truncate_signed                  0x08003db7   Thumb Code    18  _printf_truncate.o(.text)
    _printf_truncate_unsigned                0x08003dc9   Thumb Code    18  _printf_truncate.o(.text)
    _printf_int_common                       0x08003ddb   Thumb Code   178  _printf_intcommon.o(.text)
    _printf_charcount                        0x08003e8d   Thumb Code    40  _printf_charcount.o(.text)
    _printf_char_common                      0x08003ebf   Thumb Code    32  _printf_char_common.o(.text)
    _sputc                                   0x08003ee5   Thumb Code    10  _sputc.o(.text)
    _printf_cs_common                        0x08003eef   Thumb Code    20  _printf_char.o(.text)
    _printf_char                             0x08003f03   Thumb Code    16  _printf_char.o(.text)
    _printf_string                           0x08003f13   Thumb Code     8  _printf_char.o(.text)
    _printf_char_file                        0x08003f1d   Thumb Code    32  _printf_char_file.o(.text)
    _printf_wctomb                           0x08003f41   Thumb Code   182  _printf_wctomb.o(.text)
    _printf_longlong_dec                     0x08003ffd   Thumb Code   108  _printf_longlong_dec.o(.text)
    _printf_longlong_oct                     0x08004079   Thumb Code    66  _printf_oct_int_ll.o(.text)
    _printf_int_oct                          0x080040bb   Thumb Code    24  _printf_oct_int_ll.o(.text)
    _printf_ll_oct                           0x080040d3   Thumb Code    12  _printf_oct_int_ll.o(.text)
    __vfscanf_char                           0x080040f5   Thumb Code    24  scanf_char.o(.text)
    _sgetc                                   0x08004115   Thumb Code    30  _sgetc.o(.text)
    _sbackspace                              0x08004133   Thumb Code    34  _sgetc.o(.text)
    __aeabi_memcpy4                          0x08004155   Thumb Code     0  rt_memcpy_w.o(.text)
    __aeabi_memcpy8                          0x08004155   Thumb Code     0  rt_memcpy_w.o(.text)
    __rt_memcpy_w                            0x08004155   Thumb Code   100  rt_memcpy_w.o(.text)
    _memcpy_lastbytes_aligned                0x0800419d   Thumb Code     0  rt_memcpy_w.o(.text)
    __aeabi_memclr4                          0x080041b9   Thumb Code     0  rt_memclr_w.o(.text)
    __aeabi_memclr8                          0x080041b9   Thumb Code     0  rt_memclr_w.o(.text)
    __rt_memclr_w                            0x080041b9   Thumb Code    78  rt_memclr_w.o(.text)
    _memset_w                                0x080041bd   Thumb Code     0  rt_memclr_w.o(.text)
    _ll_udiv10                               0x08004207   Thumb Code   138  lludiv10.o(.text)
    isspace                                  0x08004291   Thumb Code    18  isspace.o(.text)
    __lib_sel_fp_printf                      0x080042a3   Thumb Code     2  _printf_fp_dec.o(.text)
    _printf_fp_dec_real                      0x08004455   Thumb Code   620  _printf_fp_dec.o(.text)
    _printf_lcs_common                       0x080046c1   Thumb Code    20  _printf_wchar.o(.text)
    _printf_wchar                            0x080046d5   Thumb Code    16  _printf_wchar.o(.text)
    _printf_wstring                          0x080046e5   Thumb Code     8  _printf_wchar.o(.text)
    __vfscanf                                0x080046ed   Thumb Code   878  _scanf.o(.text)
    ferror                                   0x08004a61   Thumb Code     8  ferror.o(.text)
    _wcrtomb                                 0x08004a69   Thumb Code    64  _wcrtomb.o(.text)
    __user_setup_stackheap                   0x08004aa9   Thumb Code    74  sys_stackheap_outer.o(.text)
    __rt_ctype_table                         0x08004af5   Thumb Code    16  rt_ctype_table.o(.text)
    __rt_locale                              0x08004b05   Thumb Code     8  rt_locale_intlibspace.o(.text)
    _printf_fp_infnan                        0x08004b0d   Thumb Code   112  _printf_fp_infnan.o(.text)
    _btod_etento                             0x08004b8d   Thumb Code   224  bigflt0.o(.text)
    exit                                     0x08004c71   Thumb Code    18  exit.o(.text)
    __user_libspace                          0x08004c85   Thumb Code     8  libspace.o(.text)
    __user_perproc_libspace                  0x08004c85   Thumb Code     0  libspace.o(.text)
    __user_perthread_libspace                0x08004c85   Thumb Code     0  libspace.o(.text)
    strcmp                                   0x08004c8d   Thumb Code   128  strcmpv7m.o(.text)
    _btod_d2e                                0x08004d0d   Thumb Code    62  btod.o(CL$$btod_d2e)
    _d2e_denorm_low                          0x08004d4b   Thumb Code    70  btod.o(CL$$btod_d2e_denorm_low)
    _d2e_norm_op1                            0x08004d91   Thumb Code    96  btod.o(CL$$btod_d2e_norm_op1)
    __btod_div_common                        0x08004df1   Thumb Code   696  btod.o(CL$$btod_div_common)
    _e2e                                     0x08005129   Thumb Code   220  btod.o(CL$$btod_e2e)
    _btod_ediv                               0x08005205   Thumb Code    42  btod.o(CL$$btod_ediv)
    _btod_emul                               0x0800522f   Thumb Code    42  btod.o(CL$$btod_emul)
    __btod_mult_common                       0x08005259   Thumb Code   580  btod.o(CL$$btod_mult_common)
    __ARM_fpclassify                         0x0800549d   Thumb Code    48  fpclassify.o(i.__ARM_fpclassify)
    _is_digit                                0x080054cd   Thumb Code    14  __printf_wp.o(i._is_digit)
    _get_lc_numeric                          0x080054dd   Thumb Code    44  lc_numeric_c.o(locale$$code)
    _get_lc_ctype                            0x08005509   Thumb Code    44  lc_ctype_c.o(locale$$code)
    _fp_init                                 0x08005535   Thumb Code    10  fpinit.o(x$fpl$fpinit)
    __fplib_config_fpu_vfp                   0x0800553d   Thumb Code     0  fpinit.o(x$fpl$fpinit)
    __fplib_config_pureend_doubles           0x0800553d   Thumb Code     0  fpinit.o(x$fpl$fpinit)
    _printf_fp_dec                           0x0800553f   Thumb Code     4  printf1.o(x$fpl$printf1)
    __I$use$fp                               0x08005542   Number         0  usenofp.o(x$fpl$usenofp)
    Region$$Table$$Base                      0x08005664   Number         0  anon$$obj.o(Region$$Table)
    Region$$Table$$Limit                     0x08005684   Number         0  anon$$obj.o(Region$$Table)
    __ctype                                  0x080056ad   Data           0  lc_ctype_c.o(locale$$data)
    SystemCoreClock                          0x20000000   Data           4  system_stm32f4xx.o(.data)
    AHBPrescTable                            0x20000004   Data          16  system_stm32f4xx.o(.data)
    MQTT_RxDataInPtr                         0x20000014   Data           4  mqtt.o(.data)
    MQTT_RxDataOutPtr                        0x20000018   Data           4  mqtt.o(.data)
    MQTT_RxDataEndPtr                        0x2000001c   Data           4  mqtt.o(.data)
    MQTT_TxDataInPtr                         0x20000020   Data           4  mqtt.o(.data)
    MQTT_TxDataOutPtr                        0x20000024   Data           4  mqtt.o(.data)
    MQTT_TxDataEndPtr                        0x20000028   Data           4  mqtt.o(.data)
    MQTT_CMDInPtr                            0x2000002c   Data           4  mqtt.o(.data)
    MQTT_CMDOutPtr                           0x20000030   Data           4  mqtt.o(.data)
    MQTT_CMDEndPtr                           0x20000034   Data           4  mqtt.o(.data)
    ClientID_len                             0x20000038   Data           4  mqtt.o(.data)
    Username_len                             0x2000003c   Data           4  mqtt.o(.data)
    Passward_len                             0x20000040   Data           4  mqtt.o(.data)
    ServerPort                               0x20000044   Data           4  mqtt.o(.data)
    Fixed_len                                0x20000048   Data           4  mqtt.o(.data)
    Variable_len                             0x2000004c   Data           4  mqtt.o(.data)
    Payload_len                              0x20000050   Data           4  mqtt.o(.data)
    Ping_flag                                0x20000054   Data           1  mqtt.o(.data)
    Connect_flag                             0x20000055   Data           1  mqtt.o(.data)
    ConnectPack_flag                         0x20000056   Data           1  mqtt.o(.data)
    SubcribePack_flag                        0x20000057   Data           1  mqtt.o(.data)
    Usart3_RxCompleted                       0x20000058   Data           1  usart3.o(.data)
    Usart3_RxCounter                         0x2000005c   Data           4  usart3.o(.data)
    __stdout                                 0x20000074   Data           4  usart.o(.data)
    USART_RX_STA                             0x20000078   Data           2  usart.o(.data)
    MQTT_RxDataBuf                           0x2000007c   Data        1500  mqtt.o(.bss)
    MQTT_TxDataBuf                           0x20000658   Data        1500  mqtt.o(.bss)
    MQTT_CMDBuf                              0x20000c34   Data        1500  mqtt.o(.bss)
    ClientID                                 0x20001210   Data         128  mqtt.o(.bss)
    Username                                 0x20001290   Data         128  mqtt.o(.bss)
    Passward                                 0x20001310   Data         128  mqtt.o(.bss)
    ServerIP                                 0x20001390   Data         128  mqtt.o(.bss)
    temp_buff                                0x20001410   Data         300  mqtt.o(.bss)
    Usart3_RxBuff                            0x20001540   Data        1024  usart3.o(.bss)
    Usart3_TxBuff                            0x20001940   Data        1024  usart3.o(.bss)
    USART_RX_BUF                             0x20001d40   Data         200  usart.o(.bss)
    __libspace_start                         0x20001e08   Data          96  libspace.o(.bss)
    __temporary_stack_top$libspace           0x20001e68   Data           0  libspace.o(.bss)



==============================================================================

Memory Map of the image

  Image Entry point : 0x08000189

  Load Region LR_IROM1 (Base: 0x08000000, Size: 0x0000582c, Max: 0x00080000, ABSOLUTE)

    Execution Region ER_IROM1 (Exec base: 0x08000000, Load base: 0x08000000, Size: 0x000057b0, Max: 0x00080000, ABSOLUTE)

    Exec Addr    Load Addr    Size         Type   Attr      Idx    E Section Name        Object

    0x08000000   0x08000000   0x00000188   Data   RO          380    RESET               startup_stm32f40_41xxx.o
    0x08000188   0x08000188   0x00000008   Code   RO         1252  * !!!main             c_w.l(__main.o)
    0x08000190   0x08000190   0x00000034   Code   RO         1529    !!!scatter          c_w.l(__scatter.o)
    0x080001c4   0x080001c4   0x0000001a   Code   RO         1531    !!handler_copy      c_w.l(__scatter_copy.o)
    0x080001de   0x080001de   0x00000002   PAD
    0x080001e0   0x080001e0   0x0000001c   Code   RO         1533    !!handler_zi        c_w.l(__scatter_zi.o)
    0x080001fc   0x080001fc   0x00000000   Code   RO         1237    .ARM.Collect$$_printf_percent$$00000000  c_w.l(_printf_percent.o)
    0x080001fc   0x080001fc   0x00000006   Code   RO         1285    .ARM.Collect$$_printf_percent$$00000001  c_w.l(_printf_n.o)
    0x08000202   0x08000202   0x00000006   Code   RO         1286    .ARM.Collect$$_printf_percent$$00000002  c_w.l(_printf_p.o)
    0x08000208   0x08000208   0x00000006   Code   RO         1290    .ARM.Collect$$_printf_percent$$00000003  c_w.l(_printf_f.o)
    0x0800020e   0x0800020e   0x00000006   Code   RO         1291    .ARM.Collect$$_printf_percent$$00000004  c_w.l(_printf_e.o)
    0x08000214   0x08000214   0x00000006   Code   RO         1292    .ARM.Collect$$_printf_percent$$00000005  c_w.l(_printf_g.o)
    0x0800021a   0x0800021a   0x00000006   Code   RO         1293    .ARM.Collect$$_printf_percent$$00000006  c_w.l(_printf_a.o)
    0x08000220   0x08000220   0x0000000a   Code   RO         1298    .ARM.Collect$$_printf_percent$$00000007  c_w.l(_printf_ll.o)
    0x0800022a   0x0800022a   0x00000006   Code   RO         1288    .ARM.Collect$$_printf_percent$$00000008  c_w.l(_printf_i.o)
    0x08000230   0x08000230   0x00000006   Code   RO         1236    .ARM.Collect$$_printf_percent$$00000009  c_w.l(_printf_d.o)
    0x08000236   0x08000236   0x00000006   Code   RO         1289    .ARM.Collect$$_printf_percent$$0000000A  c_w.l(_printf_u.o)
    0x0800023c   0x0800023c   0x00000006   Code   RO         1287    .ARM.Collect$$_printf_percent$$0000000B  c_w.l(_printf_o.o)
    0x08000242   0x08000242   0x00000006   Code   RO         1235    .ARM.Collect$$_printf_percent$$0000000C  c_w.l(_printf_x.o)
    0x08000248   0x08000248   0x00000006   Code   RO         1295    .ARM.Collect$$_printf_percent$$0000000D  c_w.l(_printf_lli.o)
    0x0800024e   0x0800024e   0x00000006   Code   RO         1296    .ARM.Collect$$_printf_percent$$0000000E  c_w.l(_printf_lld.o)
    0x08000254   0x08000254   0x00000006   Code   RO         1297    .ARM.Collect$$_printf_percent$$0000000F  c_w.l(_printf_llu.o)
    0x0800025a   0x0800025a   0x00000006   Code   RO         1302    .ARM.Collect$$_printf_percent$$00000010  c_w.l(_printf_llo.o)
    0x08000260   0x08000260   0x00000006   Code   RO         1303    .ARM.Collect$$_printf_percent$$00000011  c_w.l(_printf_llx.o)
    0x08000266   0x08000266   0x0000000a   Code   RO         1299    .ARM.Collect$$_printf_percent$$00000012  c_w.l(_printf_l.o)
    0x08000270   0x08000270   0x00000006   Code   RO         1284    .ARM.Collect$$_printf_percent$$00000013  c_w.l(_printf_c.o)
    0x08000276   0x08000276   0x00000006   Code   RO         1234    .ARM.Collect$$_printf_percent$$00000014  c_w.l(_printf_s.o)
    0x0800027c   0x0800027c   0x00000006   Code   RO         1300    .ARM.Collect$$_printf_percent$$00000015  c_w.l(_printf_lc.o)
    0x08000282   0x08000282   0x00000006   Code   RO         1301    .ARM.Collect$$_printf_percent$$00000016  c_w.l(_printf_ls.o)
    0x08000288   0x08000288   0x00000004   Code   RO         1294    .ARM.Collect$$_printf_percent$$00000017  c_w.l(_printf_percent_end.o)
    0x0800028c   0x0800028c   0x00000002   Code   RO         1393    .ARM.Collect$$libinit$$00000000  c_w.l(libinit.o)
    0x0800028e   0x0800028e   0x00000004   Code   RO         1409    .ARM.Collect$$libinit$$00000001  c_w.l(libinit2.o)
    0x08000292   0x08000292   0x00000000   Code   RO         1412    .ARM.Collect$$libinit$$00000004  c_w.l(libinit2.o)
    0x08000292   0x08000292   0x00000000   Code   RO         1415    .ARM.Collect$$libinit$$0000000A  c_w.l(libinit2.o)
    0x08000292   0x08000292   0x00000000   Code   RO         1417    .ARM.Collect$$libinit$$0000000C  c_w.l(libinit2.o)
    0x08000292   0x08000292   0x00000000   Code   RO         1419    .ARM.Collect$$libinit$$0000000E  c_w.l(libinit2.o)
    0x08000292   0x08000292   0x00000006   Code   RO         1420    .ARM.Collect$$libinit$$0000000F  c_w.l(libinit2.o)
    0x08000298   0x08000298   0x00000000   Code   RO         1422    .ARM.Collect$$libinit$$00000011  c_w.l(libinit2.o)
    0x08000298   0x08000298   0x0000000c   Code   RO         1423    .ARM.Collect$$libinit$$00000012  c_w.l(libinit2.o)
    0x080002a4   0x080002a4   0x00000000   Code   RO         1424    .ARM.Collect$$libinit$$00000013  c_w.l(libinit2.o)
    0x080002a4   0x080002a4   0x00000000   Code   RO         1426    .ARM.Collect$$libinit$$00000015  c_w.l(libinit2.o)
    0x080002a4   0x080002a4   0x0000000a   Code   RO         1427    .ARM.Collect$$libinit$$00000016  c_w.l(libinit2.o)
    0x080002ae   0x080002ae   0x00000000   Code   RO         1428    .ARM.Collect$$libinit$$00000017  c_w.l(libinit2.o)
    0x080002ae   0x080002ae   0x00000000   Code   RO         1430    .ARM.Collect$$libinit$$00000019  c_w.l(libinit2.o)
    0x080002ae   0x080002ae   0x00000000   Code   RO         1432    .ARM.Collect$$libinit$$0000001B  c_w.l(libinit2.o)
    0x080002ae   0x080002ae   0x00000000   Code   RO         1434    .ARM.Collect$$libinit$$0000001D  c_w.l(libinit2.o)
    0x080002ae   0x080002ae   0x00000000   Code   RO         1436    .ARM.Collect$$libinit$$0000001F  c_w.l(libinit2.o)
    0x080002ae   0x080002ae   0x00000000   Code   RO         1438    .ARM.Collect$$libinit$$00000021  c_w.l(libinit2.o)
    0x080002ae   0x080002ae   0x00000000   Code   RO         1440    .ARM.Collect$$libinit$$00000023  c_w.l(libinit2.o)
    0x080002ae   0x080002ae   0x00000000   Code   RO         1442    .ARM.Collect$$libinit$$00000025  c_w.l(libinit2.o)
    0x080002ae   0x080002ae   0x00000000   Code   RO         1446    .ARM.Collect$$libinit$$0000002C  c_w.l(libinit2.o)
    0x080002ae   0x080002ae   0x00000000   Code   RO         1448    .ARM.Collect$$libinit$$0000002E  c_w.l(libinit2.o)
    0x080002ae   0x080002ae   0x00000000   Code   RO         1450    .ARM.Collect$$libinit$$00000030  c_w.l(libinit2.o)
    0x080002ae   0x080002ae   0x00000000   Code   RO         1452    .ARM.Collect$$libinit$$00000032  c_w.l(libinit2.o)
    0x080002ae   0x080002ae   0x00000002   Code   RO         1453    .ARM.Collect$$libinit$$00000033  c_w.l(libinit2.o)
    0x080002b0   0x080002b0   0x00000002   Code   RO         1471    .ARM.Collect$$libshutdown$$00000000  c_w.l(libshutdown.o)
    0x080002b2   0x080002b2   0x00000000   Code   RO         1481    .ARM.Collect$$libshutdown$$00000002  c_w.l(libshutdown2.o)
    0x080002b2   0x080002b2   0x00000000   Code   RO         1483    .ARM.Collect$$libshutdown$$00000004  c_w.l(libshutdown2.o)
    0x080002b2   0x080002b2   0x00000000   Code   RO         1486    .ARM.Collect$$libshutdown$$00000007  c_w.l(libshutdown2.o)
    0x080002b2   0x080002b2   0x00000000   Code   RO         1489    .ARM.Collect$$libshutdown$$0000000A  c_w.l(libshutdown2.o)
    0x080002b2   0x080002b2   0x00000000   Code   RO         1491    .ARM.Collect$$libshutdown$$0000000C  c_w.l(libshutdown2.o)
    0x080002b2   0x080002b2   0x00000000   Code   RO         1494    .ARM.Collect$$libshutdown$$0000000F  c_w.l(libshutdown2.o)
    0x080002b2   0x080002b2   0x00000002   Code   RO         1495    .ARM.Collect$$libshutdown$$00000010  c_w.l(libshutdown2.o)
    0x080002b4   0x080002b4   0x00000000   Code   RO         1256    .ARM.Collect$$rtentry$$00000000  c_w.l(__rtentry.o)
    0x080002b4   0x080002b4   0x00000000   Code   RO         1315    .ARM.Collect$$rtentry$$00000002  c_w.l(__rtentry2.o)
    0x080002b4   0x080002b4   0x00000006   Code   RO         1327    .ARM.Collect$$rtentry$$00000004  c_w.l(__rtentry4.o)
    0x080002ba   0x080002ba   0x00000000   Code   RO         1317    .ARM.Collect$$rtentry$$00000009  c_w.l(__rtentry2.o)
    0x080002ba   0x080002ba   0x00000004   Code   RO         1318    .ARM.Collect$$rtentry$$0000000A  c_w.l(__rtentry2.o)
    0x080002be   0x080002be   0x00000000   Code   RO         1320    .ARM.Collect$$rtentry$$0000000C  c_w.l(__rtentry2.o)
    0x080002be   0x080002be   0x00000008   Code   RO         1321    .ARM.Collect$$rtentry$$0000000D  c_w.l(__rtentry2.o)
    0x080002c6   0x080002c6   0x00000002   Code   RO         1402    .ARM.Collect$$rtexit$$00000000  c_w.l(rtexit.o)
    0x080002c8   0x080002c8   0x00000000   Code   RO         1455    .ARM.Collect$$rtexit$$00000002  c_w.l(rtexit2.o)
    0x080002c8   0x080002c8   0x00000004   Code   RO         1456    .ARM.Collect$$rtexit$$00000003  c_w.l(rtexit2.o)
    0x080002cc   0x080002cc   0x00000006   Code   RO         1457    .ARM.Collect$$rtexit$$00000004  c_w.l(rtexit2.o)
    0x080002d2   0x080002d2   0x00000002   PAD
    0x080002d4   0x080002d4   0x00000148   Code   RO            3    .text               main.o
    0x0800041c   0x0800041c   0x00000188   Code   RO          167    .text               stm32f4xx_it.o
    0x080005a4   0x080005a4   0x00000210   Code   RO          194    .text               system_stm32f4xx.o
    0x080007b4   0x080007b4   0x00000750   Code   RO          220    .text               mqtt.o
    0x08000f04   0x08000f04   0x000008b0   Code   RO          286    .text               bsp_sim800.o
    0x080017b4   0x080017b4   0x00000160   Code   RO          306    .text               usart3.o
    0x08001914   0x08001914   0x00000070   Code   RO          340    .text               timer4.o
    0x08001984   0x08001984   0x000000e8   Code   RO          360    .text               timer6.o
    0x08001a6c   0x08001a6c   0x00000040   Code   RO          381    .text               startup_stm32f40_41xxx.o
    0x08001aac   0x08001aac   0x000000e0   Code   RO          387    .text               misc.o
    0x08001b8c   0x08001b8c   0x00000294   Code   RO          736    .text               stm32f4xx_gpio.o
    0x08001e20   0x08001e20   0x0000065c   Code   RO          899    .text               stm32f4xx_rcc.o
    0x0800247c   0x0800247c   0x00000ca2   Code   RO         1044    .text               stm32f4xx_tim.o
    0x0800311e   0x0800311e   0x00000002   PAD
    0x08003120   0x08003120   0x00000454   Code   RO         1064    .text               stm32f4xx_usart.o
    0x08003574   0x08003574   0x00000104   Code   RO         1104    .text               delay.o
    0x08003678   0x08003678   0x00000148   Code   RO         1144    .text               usart.o
    0x080037c0   0x080037c0   0x00000002   Code   RO         1175    .text               c_w.l(use_no_semi_2.o)
    0x080037c2   0x080037c2   0x00000002   PAD
    0x080037c4   0x080037c4   0x00000024   Code   RO         1177    .text               c_w.l(c89vsprintf.o)
    0x080037e8   0x080037e8   0x00000018   Code   RO         1179    .text               c_w.l(__2printf.o)
    0x08003800   0x08003800   0x0000002c   Code   RO         1181    .text               c_w.l(__2sprintf.o)
    0x0800382c   0x0800382c   0x00000052   Code   RO         1189    .text               c_w.l(_printf_str.o)
    0x0800387e   0x0800387e   0x00000002   PAD
    0x08003880   0x08003880   0x00000078   Code   RO         1191    .text               c_w.l(_printf_dec.o)
    0x080038f8   0x080038f8   0x00000094   Code   RO         1211    .text               c_w.l(_printf_hex_int_ll_ptr.o)
    0x0800398c   0x0800398c   0x00000188   Code   RO         1231    .text               c_w.l(__printf_flags_ss_wp.o)
    0x08003b14   0x08003b14   0x0000003c   Code   RO         1238    .text               c_w.l(__0sscanf.o)
    0x08003b50   0x08003b50   0x000000e0   Code   RO         1240    .text               c_w.l(_scanf_str.o)
    0x08003c30   0x08003c30   0x00000024   Code   RO         1242    .text               c_w.l(strstr.o)
    0x08003c54   0x08003c54   0x0000003e   Code   RO         1244    .text               c_w.l(strlen.o)
    0x08003c92   0x08003c92   0x0000008a   Code   RO         1246    .text               c_w.l(rt_memcpy_v6.o)
    0x08003d1c   0x08003d1c   0x00000044   Code   RO         1248    .text               c_w.l(rt_memclr.o)
    0x08003d60   0x08003d60   0x00000006   Code   RO         1250    .text               c_w.l(heapauxi.o)
    0x08003d66   0x08003d66   0x00000002   Code   RO         1254    .text               c_w.l(use_no_semi.o)
    0x08003d68   0x08003d68   0x0000004e   Code   RO         1257    .text               c_w.l(_printf_pad.o)
    0x08003db6   0x08003db6   0x00000024   Code   RO         1259    .text               c_w.l(_printf_truncate.o)
    0x08003dda   0x08003dda   0x000000b2   Code   RO         1261    .text               c_w.l(_printf_intcommon.o)
    0x08003e8c   0x08003e8c   0x00000028   Code   RO         1263    .text               c_w.l(_printf_charcount.o)
    0x08003eb4   0x08003eb4   0x00000030   Code   RO         1265    .text               c_w.l(_printf_char_common.o)
    0x08003ee4   0x08003ee4   0x0000000a   Code   RO         1267    .text               c_w.l(_sputc.o)
    0x08003eee   0x08003eee   0x0000002c   Code   RO         1269    .text               c_w.l(_printf_char.o)
    0x08003f1a   0x08003f1a   0x00000002   PAD
    0x08003f1c   0x08003f1c   0x00000024   Code   RO         1271    .text               c_w.l(_printf_char_file.o)
    0x08003f40   0x08003f40   0x000000bc   Code   RO         1273    .text               c_w.l(_printf_wctomb.o)
    0x08003ffc   0x08003ffc   0x0000007c   Code   RO         1276    .text               c_w.l(_printf_longlong_dec.o)
    0x08004078   0x08004078   0x00000070   Code   RO         1282    .text               c_w.l(_printf_oct_int_ll.o)
    0x080040e8   0x080040e8   0x0000002c   Code   RO         1304    .text               c_w.l(scanf_char.o)
    0x08004114   0x08004114   0x00000040   Code   RO         1306    .text               c_w.l(_sgetc.o)
    0x08004154   0x08004154   0x00000064   Code   RO         1308    .text               c_w.l(rt_memcpy_w.o)
    0x080041b8   0x080041b8   0x0000004e   Code   RO         1310    .text               c_w.l(rt_memclr_w.o)
    0x08004206   0x08004206   0x0000008a   Code   RO         1329    .text               c_w.l(lludiv10.o)
    0x08004290   0x08004290   0x00000012   Code   RO         1331    .text               c_w.l(isspace.o)
    0x080042a2   0x080042a2   0x0000041e   Code   RO         1333    .text               c_w.l(_printf_fp_dec.o)
    0x080046c0   0x080046c0   0x0000002c   Code   RO         1337    .text               c_w.l(_printf_wchar.o)
    0x080046ec   0x080046ec   0x00000374   Code   RO         1339    .text               c_w.l(_scanf.o)
    0x08004a60   0x08004a60   0x00000008   Code   RO         1341    .text               c_w.l(ferror.o)
    0x08004a68   0x08004a68   0x00000040   Code   RO         1345    .text               c_w.l(_wcrtomb.o)
    0x08004aa8   0x08004aa8   0x0000004a   Code   RO         1347    .text               c_w.l(sys_stackheap_outer.o)
    0x08004af2   0x08004af2   0x00000002   PAD
    0x08004af4   0x08004af4   0x00000010   Code   RO         1349    .text               c_w.l(rt_ctype_table.o)
    0x08004b04   0x08004b04   0x00000008   Code   RO         1354    .text               c_w.l(rt_locale_intlibspace.o)
    0x08004b0c   0x08004b0c   0x00000080   Code   RO         1356    .text               c_w.l(_printf_fp_infnan.o)
    0x08004b8c   0x08004b8c   0x000000e4   Code   RO         1358    .text               c_w.l(bigflt0.o)
    0x08004c70   0x08004c70   0x00000012   Code   RO         1386    .text               c_w.l(exit.o)
    0x08004c82   0x08004c82   0x00000002   PAD
    0x08004c84   0x08004c84   0x00000008   Code   RO         1399    .text               c_w.l(libspace.o)
    0x08004c8c   0x08004c8c   0x00000080   Code   RO         1407    .text               c_w.l(strcmpv7m.o)
    0x08004d0c   0x08004d0c   0x0000003e   Code   RO         1361    CL$$btod_d2e        c_w.l(btod.o)
    0x08004d4a   0x08004d4a   0x00000046   Code   RO         1363    CL$$btod_d2e_denorm_low  c_w.l(btod.o)
    0x08004d90   0x08004d90   0x00000060   Code   RO         1362    CL$$btod_d2e_norm_op1  c_w.l(btod.o)
    0x08004df0   0x08004df0   0x00000338   Code   RO         1371    CL$$btod_div_common  c_w.l(btod.o)
    0x08005128   0x08005128   0x000000dc   Code   RO         1368    CL$$btod_e2e        c_w.l(btod.o)
    0x08005204   0x08005204   0x0000002a   Code   RO         1365    CL$$btod_ediv       c_w.l(btod.o)
    0x0800522e   0x0800522e   0x0000002a   Code   RO         1364    CL$$btod_emul       c_w.l(btod.o)
    0x08005258   0x08005258   0x00000244   Code   RO         1370    CL$$btod_mult_common  c_w.l(btod.o)
    0x0800549c   0x0800549c   0x00000030   Code   RO         1397    i.__ARM_fpclassify  m_wm.l(fpclassify.o)
    0x080054cc   0x080054cc   0x0000000e   Code   RO         1224    i._is_digit         c_w.l(__printf_wp.o)
    0x080054da   0x080054da   0x00000002   PAD
    0x080054dc   0x080054dc   0x0000002c   Code   RO         1384    locale$$code        c_w.l(lc_numeric_c.o)
    0x08005508   0x08005508   0x0000002c   Code   RO         1405    locale$$code        c_w.l(lc_ctype_c.o)
    0x08005534   0x08005534   0x0000000a   Code   RO         1463    x$fpl$fpinit        fz_wm.l(fpinit.o)
    0x0800553e   0x0800553e   0x00000004   Code   RO         1312    x$fpl$printf1       fz_wm.l(printf1.o)
    0x08005542   0x08005542   0x00000000   Code   RO         1396    x$fpl$usenofp       fz_wm.l(usenofp.o)
    0x08005542   0x08005542   0x00000028   Data   RO         1212    .constdata          c_w.l(_printf_hex_int_ll_ptr.o)
    0x0800556a   0x0800556a   0x00000011   Data   RO         1232    .constdata          c_w.l(__printf_flags_ss_wp.o)
    0x0800557b   0x0800557b   0x00000001   PAD
    0x0800557c   0x0800557c   0x00000008   Data   RO         1274    .constdata          c_w.l(_printf_wctomb.o)
    0x08005584   0x08005584   0x00000094   Data   RO         1359    .constdata          c_w.l(bigflt0.o)
    0x08005618   0x08005618   0x0000004c   Data   RO          222    .conststring        mqtt.o
    0x08005664   0x08005664   0x00000020   Data   RO         1527    Region$$Table       anon$$obj.o
    0x08005684   0x08005684   0x0000001c   Data   RO         1383    locale$$data        c_w.l(lc_numeric_c.o)
    0x080056a0   0x080056a0   0x00000110   Data   RO         1404    locale$$data        c_w.l(lc_ctype_c.o)


    Execution Region RW_IRAM1 (Exec base: 0x20000000, Load base: 0x080057b0, Size: 0x00002468, Max: 0x00020000, ABSOLUTE)

    Exec Addr    Load Addr    Size         Type   Attr      Idx    E Section Name        Object

    0x20000000   0x080057b0   0x00000014   Data   RW          195    .data               system_stm32f4xx.o
    0x20000014   0x080057c4   0x00000044   Data   RW          223    .data               mqtt.o
    0x20000058   0x08005808   0x00000008   Data   RW          308    .data               usart3.o
    0x20000060   0x08005810   0x00000010   Data   RW          900    .data               stm32f4xx_rcc.o
    0x20000070   0x08005820   0x00000004   Data   RW         1105    .data               delay.o
    0x20000074   0x08005824   0x00000006   Data   RW         1146    .data               usart.o
    0x2000007a   0x0800582a   0x00000002   PAD
    0x2000007c        -       0x000014c0   Zero   RW          221    .bss                mqtt.o
    0x2000153c   0x0800582a   0x00000004   PAD
    0x20001540        -       0x00000800   Zero   RW          307    .bss                usart3.o
    0x20001d40        -       0x000000c8   Zero   RW         1145    .bss                usart.o
    0x20001e08        -       0x00000060   Zero   RW         1400    .bss                c_w.l(libspace.o)
    0x20001e68        -       0x00000200   Zero   RW          379    HEAP                startup_stm32f40_41xxx.o
    0x20002068        -       0x00000400   Zero   RW          378    STACK               startup_stm32f40_41xxx.o


==============================================================================

Image component sizes


      Code (inc. data)   RO Data    RW Data    ZI Data      Debug   Object Name

      2224       1084          0          0          0       3415   bsp_sim800.o
       260          8          0          4          0       1565   delay.o
       328        102          0          0          0      53187   main.o
       224         20          0          0          0       1901   misc.o
      1872        342         76         68       5312     234204   mqtt.o
        64         26        392          0       1536        864   startup_stm32f40_41xxx.o
       660         44          0          0          0       4241   stm32f4xx_gpio.o
       392         52          0          0          0       1900   stm32f4xx_it.o
      1628         52          0         16          0      13160   stm32f4xx_rcc.o
      3234         60          0          0          0      23100   stm32f4xx_tim.o
      1108         34          0          0          0       7968   stm32f4xx_usart.o
       528         46          0         20          0       1903   system_stm32f4xx.o
       112          4          0          0          0        748   timer4.o
       232          6          0          0          0        897   timer6.o
       328         16          0          6        200       3430   usart.o
       352         14          0          8       2048       2880   usart3.o

    ----------------------------------------------------------------------
     13548       1910        500        124       9100     355363   Object Totals
         0          0         32          0          0          0   (incl. Generated)
         2          0          0          2          4          0   (incl. Padding)

    ----------------------------------------------------------------------

      Code (inc. data)   RO Data    RW Data    ZI Data      Debug   Library Member Name

        60          8          0          0          0         84   __0sscanf.o
        24          4          0          0          0         84   __2printf.o
        44          6          0          0          0         84   __2sprintf.o
         8          0          0          0          0         68   __main.o
       392          4         17          0          0         92   __printf_flags_ss_wp.o
        14          0          0          0          0         68   __printf_wp.o
         0          0          0          0          0          0   __rtentry.o
        12          0          0          0          0          0   __rtentry2.o
         6          0          0          0          0          0   __rtentry4.o
        52          8          0          0          0          0   __scatter.o
        26          0          0          0          0          0   __scatter_copy.o
        28          0          0          0          0          0   __scatter_zi.o
         6          0          0          0          0          0   _printf_a.o
         6          0          0          0          0          0   _printf_c.o
        44          0          0          0          0        108   _printf_char.o
        48          6          0          0          0         96   _printf_char_common.o
        36          4          0          0          0         80   _printf_char_file.o
        40          0          0          0          0         68   _printf_charcount.o
         6          0          0          0          0          0   _printf_d.o
       120         16          0          0          0         92   _printf_dec.o
         6          0          0          0          0          0   _printf_e.o
         6          0          0          0          0          0   _printf_f.o
      1054          0          0          0          0        216   _printf_fp_dec.o
       128         16          0          0          0         84   _printf_fp_infnan.o
         6          0          0          0          0          0   _printf_g.o
       148          4         40          0          0        160   _printf_hex_int_ll_ptr.o
         6          0          0          0          0          0   _printf_i.o
       178          0          0          0          0         88   _printf_intcommon.o
        10          0          0          0          0          0   _printf_l.o
         6          0          0          0          0          0   _printf_lc.o
        10          0          0          0          0          0   _printf_ll.o
         6          0          0          0          0          0   _printf_lld.o
         6          0          0          0          0          0   _printf_lli.o
         6          0          0          0          0          0   _printf_llo.o
         6          0          0          0          0          0   _printf_llu.o
         6          0          0          0          0          0   _printf_llx.o
       124         16          0          0          0         92   _printf_longlong_dec.o
         6          0          0          0          0          0   _printf_ls.o
         6          0          0          0          0          0   _printf_n.o
         6          0          0          0          0          0   _printf_o.o
       112         10          0          0          0        124   _printf_oct_int_ll.o
         6          0          0          0          0          0   _printf_p.o
        78          0          0          0          0        108   _printf_pad.o
         0          0          0          0          0          0   _printf_percent.o
         4          0          0          0          0          0   _printf_percent_end.o
         6          0          0          0          0          0   _printf_s.o
        82          0          0          0          0         80   _printf_str.o
        36          0          0          0          0         84   _printf_truncate.o
         6          0          0          0          0          0   _printf_u.o
        44          0          0          0          0        108   _printf_wchar.o
       188          6          8          0          0         92   _printf_wctomb.o
         6          0          0          0          0          0   _printf_x.o
       884          6          0          0          0        100   _scanf.o
       224          0          0          0          0         96   _scanf_str.o
        64          0          0          0          0         84   _sgetc.o
        10          0          0          0          0         68   _sputc.o
        64          0          0          0          0         92   _wcrtomb.o
       228          4        148          0          0         96   bigflt0.o
      1936        128          0          0          0        672   btod.o
        36          4          0          0          0         76   c89vsprintf.o
        18          0          0          0          0         80   exit.o
         8          0          0          0          0         68   ferror.o
         6          0          0          0          0        152   heapauxi.o
        18          0          0          0          0         76   isspace.o
        44         10        272          0          0         76   lc_ctype_c.o
        44         10         28          0          0         76   lc_numeric_c.o
         2          0          0          0          0          0   libinit.o
        34          0          0          0          0          0   libinit2.o
         2          0          0          0          0          0   libshutdown.o
         2          0          0          0          0          0   libshutdown2.o
         8          4          0          0         96         68   libspace.o
       138          0          0          0          0         80   lludiv10.o
        16          4          0          0          0         76   rt_ctype_table.o
         8          4          0          0          0         68   rt_locale_intlibspace.o
        68          0          0          0          0         68   rt_memclr.o
        78          0          0          0          0         80   rt_memclr_w.o
       138          0          0          0          0         68   rt_memcpy_v6.o
       100          0          0          0          0         80   rt_memcpy_w.o
         2          0          0          0          0          0   rtexit.o
        10          0          0          0          0          0   rtexit2.o
        44          8          0          0          0         84   scanf_char.o
       128          0          0          0          0         68   strcmpv7m.o
        62          0          0          0          0         76   strlen.o
        36          0          0          0          0         80   strstr.o
        74          0          0          0          0         80   sys_stackheap_outer.o
         2          0          0          0          0         68   use_no_semi.o
         2          0          0          0          0         68   use_no_semi_2.o
        10          0          0          0          0        116   fpinit.o
         4          0          0          0          0        116   printf1.o
         0          0          0          0          0          0   usenofp.o
        48          0          0          0          0        124   fpclassify.o

    ----------------------------------------------------------------------
      7886        290        514          0         96       5440   Library Totals
        16          0          1          0          0          0   (incl. Padding)

    ----------------------------------------------------------------------

      Code (inc. data)   RO Data    RW Data    ZI Data      Debug   Library Name

      7808        290        513          0         96       5084   c_w.l
        14          0          0          0          0        232   fz_wm.l
        48          0          0          0          0        124   m_wm.l

    ----------------------------------------------------------------------
      7886        290        514          0         96       5440   Library Totals

    ----------------------------------------------------------------------

==============================================================================


      Code (inc. data)   RO Data    RW Data    ZI Data      Debug   

     21434       2200       1014        124       9196     354943   Grand Totals
     21434       2200       1014        124       9196     354943   ELF Image Totals
     21434       2200       1014        124          0          0   ROM Totals

==============================================================================

    Total RO  Size (Code + RO Data)                22448 (  21.92kB)
    Total RW  Size (RW Data + ZI Data)              9320 (   9.10kB)
    Total ROM Size (Code + RO Data + RW Data)      22572 (  22.04kB)

==============================================================================

