C51 COMPILER V9.60.0.0   LDCHIP                                                            07/20/2022 22:17:23 PAGE 1   


C51 COMPILER V9.60.0.0, COMPILATION OF MODULE LDCHIP
OBJECT MODULE PLACED IN ..\obj\LDChip.obj
COMPILER INVOKED BY: C:\Keil_v5\C51\BIN\C51.EXE ..\code\LDChip.c OPTIMIZE(8,SPEED) BROWSE INCDIR(..\code;..\user) DEBUG 
                    -OBJECTEXTEND PRINT(.\LDChip.lst) OBJECT(..\obj\LDChip.obj)

line level    source

   1          /**
   2            ******************************************************************************
   3            * @file    LDChip.c
   4            * @author  chen
   5            * @version V1.0
   6            * @date    2022-xx-xx
   7            * @brief   LD模块应用函数接口
   8            *                      CPU: STC11L08XE
   9            *              晶振：22.1184MHZ
  10            *                  波特率：9600 bit/S
  11            ******************************************************************************
  12            */
  13            
  14          #include "config.h"
  15          
  16          extern void  delay(unsigned long uldata);
  17          
  18          uint8 idata ucRegVal;
  19          extern uint8 idata nAsrStatus;
  20          
  21          void ProcessInt0(void);
  22          
  23          
  24          
  25           /**
  26            * @brief  复位LD模块
  27            * @param  无
  28            * @retval 无
  29            */
  30          void LD_Reset()
  31          {
  32   1        RSTB=1;
  33   1        delay(5);
  34   1        RSTB=0;
  35   1        delay(5);
  36   1        RSTB=1;
  37   1      
  38   1        delay(5);
  39   1        CSB=0;
  40   1        delay(5);
  41   1        CSB=1;
  42   1        delay(5);
  43   1      }
  44          
  45           /**
  46            * @brief  LD模块命令初始化
  47            * @param  无
  48            * @retval 无
  49            */
  50          void LD_Init_Common()
  51          {
  52   1        LD_ReadReg(0x06);
  53   1        LD_WriteReg(0x17, 0x35);
  54   1        delay(10);
C51 COMPILER V9.60.0.0   LDCHIP                                                            07/20/2022 22:17:23 PAGE 2   

  55   1        LD_ReadReg(0x06);
  56   1      
  57   1        LD_WriteReg(0x89, 0x03);
  58   1        delay(5);
  59   1        LD_WriteReg(0xCF, 0x43);
  60   1        delay(5);
  61   1        LD_WriteReg(0xCB, 0x02);
  62   1      
  63   1        /*PLL setting*/
  64   1        LD_WriteReg(0x11, LD_PLL_11);
  65   1      
  66   1        LD_WriteReg(0x1E,0x00);
  67   1        LD_WriteReg(0x19, LD_PLL_ASR_19);
  68   1        LD_WriteReg(0x1B, LD_PLL_ASR_1B);
  69   1        LD_WriteReg(0x1D, LD_PLL_ASR_1D);
  70   1        delay(10);
  71   1      
  72   1        LD_WriteReg(0xCD, 0x04);
  73   1      //      LD_WriteReg(0x17, 0x4c);
  74   1        delay(5);
  75   1        LD_WriteReg(0xB9, 0x00);
  76   1        LD_WriteReg(0xCF, 0x4F);
  77   1        LD_WriteReg(0x6F, 0xFF);
  78   1      }
  79          
  80           /**
  81            * @brief  LD模块 ASR功能初始化
  82            * @param  无
  83            * @retval 无
  84            */
  85          void LD_Init_ASR()
  86          {
  87   1        LD_Init_Common();
  88   1        LD_WriteReg(0xBD, 0x00);
  89   1        LD_WriteReg(0x17, 0x48);
  90   1        delay( 10 );
  91   1        LD_WriteReg(0x3C, 0x80);
  92   1        LD_WriteReg(0x3E, 0x07);
  93   1        LD_WriteReg(0x38, 0xff);
  94   1        LD_WriteReg(0x3A, 0x07);
  95   1        LD_WriteReg(0x40, 0);
  96   1        LD_WriteReg(0x42, 8);
  97   1        LD_WriteReg(0x44, 0);
  98   1        LD_WriteReg(0x46, 8);
  99   1        delay( 1 );
 100   1      }
 101          
 102           /**
 103            * @brief  中断处理函数，当LD模块接收到音频信号时，将进入该函数，
 104                                  判断识别是否有结果，如果没有从新配置寄存器准备下一次的识别。
 105            * @param  无
 106            * @retval 无
 107            */
 108          void ProcessInt0(void)
 109          {
 110   1        uint8 nAsrResCount=0;
 111   1      
 112   1        EX0=0;
 113   1        ucRegVal = LD_ReadReg(0x2B);
 114   1        LD_WriteReg(0x29,0) ;
 115   1        LD_WriteReg(0x02,0) ;
 116   1        if((ucRegVal & 0x10) &&
C51 COMPILER V9.60.0.0   LDCHIP                                                            07/20/2022 22:17:23 PAGE 3   

 117   1            LD_ReadReg(0xb2)==0x21 &&
 118   1            LD_ReadReg(0xbf)==0x35)                   /*识别成功*/
 119   1        {
 120   2          nAsrResCount = LD_ReadReg(0xba);
 121   2          if(nAsrResCount>0 && nAsrResCount<=4)
 122   2          {
 123   3            nAsrStatus=LD_ASR_FOUNDOK;
 124   3          }
 125   2          else
 126   2          {
 127   3            nAsrStatus=LD_ASR_FOUNDZERO;
 128   3          }
 129   2        }                                                                                                                      /*没有识别结果*/
 130   1        else
 131   1        {
 132   2          nAsrStatus=LD_ASR_FOUNDZERO;
 133   2        }
 134   1      
 135   1        LD_WriteReg(0x2b, 0);
 136   1        LD_WriteReg(0x1C,0);/*写0:ADC不可用*/
 137   1      
 138   1        LD_WriteReg(0x29,0) ;
 139   1        LD_WriteReg(0x02,0) ;
 140   1        LD_WriteReg(0x2B,  0);
 141   1        LD_WriteReg(0xBA, 0);
 142   1        LD_WriteReg(0xBC,0);
 143   1        LD_WriteReg(0x08,1);   /*清除FIFO_DATA*/
 144   1        LD_WriteReg(0x08,0);  /*清除FIFO_DATA后 再次写0*/
 145   1      
 146   1      
 147   1        EX0=1;
 148   1      }
 149          
 150           /**
 151            * @brief  运行ASR识别流程，识别顺序如下:
 152                                                          1、RunASR()函数实现了一次完整的ASR语音识别流程
 153                                                          2、LD_AsrStart() 函数实现了ASR初始化
 154                                                          3、LD_AsrAddFixed() 函数实现了添加关键词语到LD3320芯片中
 155                                                          4、LD_AsrRun()  函数启动了一次ASR语音识别流程
 156                                                          任何一次ASR识别流程，都需要按照这个顺序，从初始化开始
 157            * @param  无
 158            * @retval asrflag：1->启动成功， 0—>启动失败
 159            */
 160          uint8 RunASR(void)
 161          {
 162   1        uint8 i=0;
 163   1        uint8 asrflag=0;
 164   1        for (i=0; i<5; i++)                   //      防止由于硬件原因导致LD3320芯片工作不正常，所以一共尝试5次启动ASR识别流程
 165   1        {
 166   2          LD_AsrStart();
 167   2          delay(50);
 168   2          if (LD_AsrAddFixed()==0)
 169   2          {
 170   3            LD_Reset();                       //      LD3320芯片内部出现不正常，立即重启LD3320芯片
 171   3            delay(50);                        //      并从初始化开始重新ASR识别流程
 172   3            continue;
 173   3          }
 174   2          delay(10);
 175   2          if (LD_AsrRun() == 0)
 176   2          {
 177   3            LD_Reset();                       //      LD3320芯片内部出现不正常，立即重启LD3320芯片
 178   3            delay(50);                        //      并从初始化开始重新ASR识别流程
C51 COMPILER V9.60.0.0   LDCHIP                                                            07/20/2022 22:17:23 PAGE 4   

 179   3            continue;
 180   3          }
 181   2          asrflag=1;
 182   2          break;                                      //      ASR流程启动成功，退出当前for循环。开始等待LD3320送出的中断信号
 183   2        }
 184   1      
 185   1        return asrflag;
 186   1      }
 187          
 188           /**
 189            * @brief  检测LD模块是否空闲
 190            * @param  无
 191            * @retval flag：1-> 空闲
 192            */
 193          uint8 LD_Check_ASRBusyFlag_b2()
 194          {
 195   1        uint8 j;
 196   1        uint8 flag = 0;
 197   1        for (j=0; j<10; j++)
 198   1        {
 199   2          if (LD_ReadReg(0xb2) == 0x21)
 200   2          {
 201   3            flag = 1;
 202   3            break;
 203   3          }
 204   2          delay(10);
 205   2        }
 206   1        return flag;
 207   1      }
 208          
 209           /**
 210            * @brief  启动ASR
 211            * @param  无
 212            * @retval 无
 213            */
 214          void LD_AsrStart()
 215          {
 216   1        LD_Init_ASR();
 217   1      }
 218          
 219           /**
 220            * @brief  运行ASR
 221            * @param  无
 222            * @retval 1：启动成功
 223            */
 224          uint8 LD_AsrRun()
 225          {
 226   1        EX0=0;
 227   1        LD_WriteReg(0x35, MIC_VOL);
 228   1        LD_WriteReg(0x1C, 0x09);
 229   1        LD_WriteReg(0xBD, 0x20);
 230   1        LD_WriteReg(0x08, 0x01);
 231   1        delay( 1 );
 232   1        LD_WriteReg(0x08, 0x00);
 233   1        delay( 1 );
 234   1      
 235   1        if(LD_Check_ASRBusyFlag_b2() == 0)
 236   1        {
 237   2          return 0;
 238   2        }
 239   1      
 240   1        LD_WriteReg(0x1C, 0x0b); //配置麦克风做为输入信号
C51 COMPILER V9.60.0.0   LDCHIP                                                            07/20/2022 22:17:23 PAGE 5   

 241   1      
 242   1      
 243   1        LD_WriteReg(0xB2, 0xff);
 244   1        delay( 1);
 245   1        LD_WriteReg(0x37, 0x06);
 246   1        delay( 1 );
 247   1        LD_WriteReg(0x37, 0x06);
 248   1        delay( 5 );
 249   1        LD_WriteReg(0x29, 0x10);
 250   1      
 251   1        LD_WriteReg(0xBD, 0x00);
 252   1        EX0=1;
 253   1        return 1;
 254   1      }
 255          
 256           /**
 257            * @brief  向LD模块添加关键词
 258            * @param  无
 259            * @retval flag：1->添加成功
 260            */
 261          uint8 LD_AsrAddFixed()
 262          {
 263   1        uint8 k, flag;
 264   1        uint8 nAsrAddLength;
 265   1      #define DATE_A 50   /*数组二维数值*/
 266   1      #define DATE_B 20               /*数组一维数值*/
 267   1        uint8 code sRecog[DATE_A][DATE_B] =
 268   1        {
 269   1                  "\0", \
 270   1              "ni hao xiao bu", \
 271   1                      "nin hao xiao bu", \
 272   1                      "xiao bu xiao bu", \
 273   1                      "xiao bu", \
 274   1                      "xian zai ji dian"
 275   1        };    /*添加关键词，用户修改*/
 276   1        uint8 code pCode[DATE_A] =
 277   1        {
 278   1          CODE_CMD,\
 279   1          CODE_1,\
 280   1          CODE_2,\
 281   1          CODE_3,\
 282   1          CODE_4,\
 283   1          CODE_5,\
 284   1          CODE_6,\
 285   1          CODE_7,\
 286   1          CODE_8,\
 287   1          CODE_9,\
 288   1          CODE_10
 289   1        };    /*添加识别码，用户修改*/
 290   1        flag = 1;
 291   1        for (k=0; k<DATE_A; k++)
 292   1        {
 293   2      
 294   2          if(LD_Check_ASRBusyFlag_b2() == 0)
 295   2          {
 296   3            flag = 0;
 297   3            break;
 298   3          }
 299   2      
 300   2          LD_WriteReg(0xc1, pCode[k] );
 301   2          LD_WriteReg(0xc3, 0 );
 302   2          LD_WriteReg(0x08, 0x04);
C51 COMPILER V9.60.0.0   LDCHIP                                                            07/20/2022 22:17:23 PAGE 6   

 303   2          delay(1);
 304   2          LD_WriteReg(0x08, 0x00);
 305   2          delay(1);
 306   2      
 307   2          for (nAsrAddLength=0; nAsrAddLength<DATE_B; nAsrAddLength++)
 308   2          {
 309   3            if (sRecog[k][nAsrAddLength] == 0)
 310   3              break;
 311   3            LD_WriteReg(0x5, sRecog[k][nAsrAddLength]);
 312   3          }
 313   2          LD_WriteReg(0xb9, nAsrAddLength);
 314   2          LD_WriteReg(0xb2, 0xff);
 315   2          LD_WriteReg(0x37, 0x04);
 316   2        }
 317   1        return flag;
 318   1      }
 319          
 320           /**
 321            * @brief  获取识别结果
 322            * @param  无
 323            * @retval LD_ReadReg(0xc5 )；  读取内部寄存器返回识别码。
 324            */
 325          uint8 LD_GetResult()
 326          {
 327   1        return LD_ReadReg(0xc5 );
 328   1      }
 329          
 330          
 331          


MODULE INFORMATION:   STATIC OVERLAYABLE
   CODE SIZE        =    934    ----
   CONSTANT SIZE    =   1050    ----
   XDATA SIZE       =   ----    ----
   PDATA SIZE       =   ----    ----
   DATA SIZE        =   ----       8
   IDATA SIZE       =      1    ----
   BIT SIZE         =   ----    ----
END OF MODULE INFORMATION.


C51 COMPILATION COMPLETE.  0 WARNING(S),  0 ERROR(S)
