Component: ARM Compiler 5.06 update 5 (build 528) Tool: armlink [4d35e2]

==============================================================================

Section Cross References

    main.o(.text) refers to delay.o(.text) for delay_init
    main.o(.text) refers to usart.o(.text) for uart_init
    main.o(.text) refers to uart4.o(.text) for UART4_Init
    main.o(.text) refers to __2printf.o(.text) for __2printf
    main.o(.text) refers to bsp_atgm336h.o(.text) for parseGpsBuffer
    stm32f4xx_it.o(.text) refers to stm32f4xx_usart.o(.text) for USART_GetITStatus
    stm32f4xx_it.o(.text) refers to stm32f4xx_tim.o(.text) for TIM_Cmd
    stm32f4xx_it.o(.text) refers to rt_memcpy_v6.o(.text) for __aeabi_memcpy
    stm32f4xx_it.o(.text) refers to mqtt.o(.text) for MQTT_PingREQ
    stm32f4xx_it.o(.text) refers to timer6.o(.text) for TIM6_ENABLE_2S
    stm32f4xx_it.o(.text) refers to mqtt.o(.data) for Connect_flag
    stm32f4xx_it.o(.text) refers to usart3.o(.bss) for Usart3_RxBuff
    stm32f4xx_it.o(.text) refers to usart3.o(.data) for Usart3_RxCounter
    stm32f4xx_it.o(.text) refers to mqtt.o(.bss) for MQTT_RxDataBuf
    system_stm32f4xx.o(.text) refers to system_stm32f4xx.o(.data) for SystemCoreClock
    mqtt.o(.text) refers to _printf_percent.o(.ARM.Collect$$_printf_percent$$00000000) for _printf_percent
    mqtt.o(.text) refers to _printf_s.o(.ARM.Collect$$_printf_percent$$00000014) for _printf_s
    mqtt.o(.text) refers to _printf_str.o(.text) for _printf_str
    mqtt.o(.text) refers to _printf_d.o(.ARM.Collect$$_printf_percent$$00000009) for _printf_d
    mqtt.o(.text) refers to _printf_dec.o(.text) for _printf_int_dec
    mqtt.o(.text) refers to rt_memcpy_v6.o(.text) for __aeabi_memcpy
    mqtt.o(.text) refers to strlen.o(.text) for strlen
    mqtt.o(.text) refers to rt_memclr.o(.text) for __aeabi_memclr
    mqtt.o(.text) refers to __2sprintf.o(.text) for __2sprintf
    mqtt.o(.text) refers to __2printf.o(.text) for __2printf
    mqtt.o(.text) refers to mqtt.o(.data) for MQTT_TxDataInPtr
    mqtt.o(.text) refers to mqtt.o(.bss) for MQTT_TxDataBuf
    mqtt.o(.text) refers to mqtt.o(.conststring) for .conststring
    usart3.o(.text) refers to misc.o(.text) for NVIC_PriorityGroupConfig
    usart3.o(.text) refers to stm32f4xx_rcc.o(.text) for RCC_AHB1PeriphClockCmd
    usart3.o(.text) refers to stm32f4xx_gpio.o(.text) for GPIO_PinAFConfig
    usart3.o(.text) refers to stm32f4xx_usart.o(.text) for USART_Init
    usart3.o(.text) refers to c89vsprintf.o(.text) for __c89vsprintf
    usart3.o(.text) refers to strlen.o(.text) for strlen
    usart3.o(.text) refers to usart3.o(.bss) for Usart3_TxBuff
    uart4.o(.text) refers to misc.o(.text) for NVIC_PriorityGroupConfig
    uart4.o(.text) refers to rt_memclr.o(.text) for __aeabi_memclr
    uart4.o(.text) refers to stm32f4xx_rcc.o(.text) for RCC_AHB1PeriphClockCmd
    uart4.o(.text) refers to stm32f4xx_gpio.o(.text) for GPIO_Init
    uart4.o(.text) refers to stm32f4xx_usart.o(.text) for USART_Init
    uart4.o(.text) refers to rt_memcpy_v6.o(.text) for __aeabi_memcpy
    uart4.o(.text) refers to strstr.o(.text) for strstr
    uart4.o(.text) refers to uart4.o(.bss) for UART4_RX_BUF
    uart4.o(.text) refers to uart4.o(.data) for point1
    timer4.o(.text) refers to misc.o(.text) for NVIC_PriorityGroupConfig
    timer4.o(.text) refers to stm32f4xx_rcc.o(.text) for RCC_APB1PeriphClockCmd
    timer4.o(.text) refers to stm32f4xx_tim.o(.text) for TIM_DeInit
    timer6.o(.text) refers to misc.o(.text) for NVIC_PriorityGroupConfig
    timer6.o(.text) refers to stm32f4xx_rcc.o(.text) for RCC_APB1PeriphClockCmd
    timer6.o(.text) refers to stm32f4xx_tim.o(.text) for TIM_DeInit
    bsp_hcsr04.o(.text) refers to stm32f4xx_rcc.o(.text) for RCC_AHB1PeriphClockCmd
    bsp_hcsr04.o(.text) refers to stm32f4xx_gpio.o(.text) for GPIO_Init
    bsp_hcsr04.o(.text) refers to delay.o(.text) for delay_us
    bsp_sim800a.o(.text) refers to _printf_percent.o(.ARM.Collect$$_printf_percent$$00000000) for _printf_percent
    bsp_sim800a.o(.text) refers to _printf_d.o(.ARM.Collect$$_printf_percent$$00000009) for _printf_d
    bsp_sim800a.o(.text) refers to _printf_dec.o(.text) for _printf_int_dec
    bsp_sim800a.o(.text) refers to _scanf_str.o(.text) for _scanf_string
    bsp_sim800a.o(.text) refers to _printf_s.o(.ARM.Collect$$_printf_percent$$00000014) for _printf_s
    bsp_sim800a.o(.text) refers to _printf_str.o(.text) for _printf_str
    bsp_sim800a.o(.text) refers to rt_memclr.o(.text) for __aeabi_memclr
    bsp_sim800a.o(.text) refers to usart3.o(.text) for u3_printf
    bsp_sim800a.o(.text) refers to delay.o(.text) for delay_ms
    bsp_sim800a.o(.text) refers to strstr.o(.text) for strstr
    bsp_sim800a.o(.text) refers to __2printf.o(.text) for __2printf
    bsp_sim800a.o(.text) refers to __0sscanf.o(.text) for __0sscanf
    bsp_sim800a.o(.text) refers to usart3.o(.data) for Usart3_RxCounter
    bsp_sim800a.o(.text) refers to usart3.o(.bss) for Usart3_RxBuff
[...]
    .text                                    0x08003998   Section        0  _printf_fp_dec.o(.text)
    _fp_digits                               0x0800399b   Thumb Code   432  _printf_fp_dec.o(.text)
    .text                                    0x08003db6   Section        0  _printf_wchar.o(.text)
    .text                                    0x08003de2   Section        0  ferror.o(.text)
    .text                                    0x08003dea   Section        0  _wcrtomb.o(.text)
    .text                                    0x08003e2a   Section       74  sys_stackheap_outer.o(.text)
    .text                                    0x08003e74   Section       16  rt_ctype_table.o(.text)
    .text                                    0x08003e84   Section        8  rt_locale_intlibspace.o(.text)
    .text                                    0x08003e8c   Section        0  _printf_fp_infnan.o(.text)
    .text                                    0x08003f0c   Section        0  bigflt0.o(.text)
    .text                                    0x08003ff0   Section        0  exit.o(.text)
    .text                                    0x08004004   Section        8  libspace.o(.text)
    .text                                    0x0800400c   Section      128  strcmpv7m.o(.text)
    CL$$btod_d2e                             0x0800408c   Section       62  btod.o(CL$$btod_d2e)
    CL$$btod_d2e_denorm_low                  0x080040ca   Section       70  btod.o(CL$$btod_d2e_denorm_low)
    CL$$btod_d2e_norm_op1                    0x08004110   Section       96  btod.o(CL$$btod_d2e_norm_op1)
    CL$$btod_div_common                      0x08004170   Section      824  btod.o(CL$$btod_div_common)
    CL$$btod_e2e                             0x080044a8   Section      220  btod.o(CL$$btod_e2e)
    CL$$btod_ediv                            0x08004584   Section       42  btod.o(CL$$btod_ediv)
    CL$$btod_emul                            0x080045ae   Section       42  btod.o(CL$$btod_emul)
    CL$$btod_mult_common                     0x080045d8   Section      580  btod.o(CL$$btod_mult_common)
    i.__ARM_fpclassify                       0x0800481c   Section        0  fpclassify.o(i.__ARM_fpclassify)
    i._is_digit                              0x0800484c   Section        0  __printf_wp.o(i._is_digit)
    locale$$code                             0x0800485c   Section       44  lc_numeric_c.o(locale$$code)
    locale$$code                             0x08004888   Section       44  lc_ctype_c.o(locale$$code)
    x$fpl$fpinit                             0x080048b4   Section       10  fpinit.o(x$fpl$fpinit)
    $v0                                      0x080048b4   Number         0  fpinit.o(x$fpl$fpinit)
    x$fpl$printf1                            0x080048be   Section        4  printf1.o(x$fpl$printf1)
    $v0                                      0x080048be   Number         0  printf1.o(x$fpl$printf1)
    .constdata                               0x080048c2   Section       17  __printf_flags_ss_wp.o(.constdata)
    x$fpl$usenofp                            0x080048c2   Section        0  usenofp.o(x$fpl$usenofp)
    maptable                                 0x080048c2   Data          17  __printf_flags_ss_wp.o(.constdata)
    .constdata                               0x080048d4   Section        8  _printf_wctomb.o(.constdata)
    initial_mbstate                          0x080048d4   Data           8  _printf_wctomb.o(.constdata)
    .constdata                               0x080048dc   Section       40  _printf_hex_int_ll_ptr.o(.constdata)
    uc_hextab                                0x080048dc   Data          20  _printf_hex_int_ll_ptr.o(.constdata)
    lc_hextab                                0x080048f0   Data          20  _printf_hex_int_ll_ptr.o(.constdata)
    .constdata                               0x08004904   Section      148  bigflt0.o(.constdata)
    tenpwrs_x                                0x08004904   Data          60  bigflt0.o(.constdata)
    tenpwrs_i                                0x08004940   Data          64  bigflt0.o(.constdata)
    .conststring                             0x08004998   Section       76  mqtt.o(.conststring)
    locale$$data                             0x08004a04   Section       28  lc_numeric_c.o(locale$$data)
    __lcnum_c_name                           0x08004a08   Data           2  lc_numeric_c.o(locale$$data)
    __lcnum_c_start                          0x08004a10   Data           0  lc_numeric_c.o(locale$$data)
    __lcnum_c_point                          0x08004a1c   Data           0  lc_numeric_c.o(locale$$data)
    __lcnum_c_thousands                      0x08004a1e   Data           0  lc_numeric_c.o(locale$$data)
    __lcnum_c_grouping                       0x08004a1f   Data           0  lc_numeric_c.o(locale$$data)
    locale$$data                             0x08004a20   Section      272  lc_ctype_c.o(locale$$data)
    __lcnum_c_end                            0x08004a20   Data           0  lc_numeric_c.o(locale$$data)
    __lcctype_c_name                         0x08004a24   Data           2  lc_ctype_c.o(locale$$data)
    __lcctype_c_start                        0x08004a2c   Data           0  lc_ctype_c.o(locale$$data)
    __lcctype_c_end                          0x08004b30   Data           0  lc_ctype_c.o(locale$$data)
    .data                                    0x20000000   Section       20  system_stm32f4xx.o(.data)
    .data                                    0x20000014   Section       68  mqtt.o(.data)
    .data                                    0x20000058   Section        8  usart3.o(.data)
    .data                                    0x20000060   Section        6  uart4.o(.data)
    .data                                    0x20000066   Section       16  stm32f4xx_rcc.o(.data)
    APBAHBPrescTable                         0x20000066   Data          16  stm32f4xx_rcc.o(.data)
    .data                                    0x20000076   Section        4  delay.o(.data)
    fac_us                                   0x20000076   Data           1  delay.o(.data)
    fac_ms                                   0x20000078   Data           2  delay.o(.data)
    .data                                    0x2000007c   Section        6  usart.o(.data)
    .bss                                     0x20000084   Section     5312  mqtt.o(.bss)
    .bss                                     0x20001548   Section     2048  usart3.o(.bss)
    .bss                                     0x20001d48   Section      321  uart4.o(.bss)
    .bss                                     0x20001e89   Section      200  usart.o(.bss)
    .bss                                     0x20001f54   Section       96  libspace.o(.bss)
    HEAP                                     0x20001fb8   Section      512  startup_stm32f40_41xxx.o(HEAP)
    Heap_Mem                                 0x20001fb8   Data         512  startup_stm32f40_41xxx.o(HEAP)
    STACK                                    0x200021b8   Section     1024  startup_stm32f40_41xxx.o(STACK)
    Stack_Mem                                0x200021b8   Data        1024  startup_stm32f40_41xxx.o(STACK)
    __initial_sp                             0x200025b8   Data           0  startup_stm32f40_41xxx.o(STACK)

    Global Symbols

    Symbol Name                              Value     Ov Type        Size  Object(Section)

    BuildAttributes$$THM_ISAv4$E$P$D$K$B$S$7EM$VFPi3$EXTD16$VFPS$VFMA$PE$A:L22UL41UL21$X:L11$S22US41US21$IEEE1$IW$USESV6$~STKCKD$USESV7$~SHL$OTIME$ROPI$IEEEJ$EBA8$UX$STANDARDLIB$REQ8$PRES8$EABIv2 0x00000000   Number         0  anon$$obj.o ABSOLUTE
    __ARM_use_no_argv                        0x00000000   Number         0  main.o ABSOLUTE
    _printf_flags                            0x00000000   Number         0  printf_stubs.o ABSOLUTE
    _printf_return_value                     0x00000000   Number         0  printf_stubs.o ABSOLUTE
    _printf_sizespec                         0x00000000   Number         0  printf_stubs.o ABSOLUTE
    _printf_widthprec                        0x00000000   Number         0  printf_stubs.o ABSOLUTE
    __ARM_exceptions_init                     - Undefined Weak Reference
    __alloca_initialize                       - Undefined Weak Reference
    __arm_preinit_                            - Undefined Weak Reference
    __cpp_initialize__aeabi_                  - Undefined Weak Reference
    __cxa_finalize                            - Undefined Weak Reference
    __sigvec_lookup                           - Undefined Weak Reference
    _atexit_init                              - Undefined Weak Reference
    _call_atexit_fns                          - Undefined Weak Reference
    _clock_init                               - Undefined Weak Reference
    _fp_trap_init                             - Undefined Weak Reference
    _fp_trap_shutdown                         - Undefined Weak Reference
    _get_lc_collate                           - Undefined Weak Reference
    _get_lc_monetary                          - Undefined Weak Reference
    _get_lc_time                              - Undefined Weak Reference
    _getenv_init                              - Undefined Weak Reference
    _handle_redirection                       - Undefined Weak Reference
    _init_alloc                               - Undefined Weak Reference
    _init_user_alloc                          - Undefined Weak Reference
    _initio                                   - Undefined Weak Reference
    _mutex_acquire                            - Undefined Weak Reference
    _mutex_release                            - Undefined Weak Reference
    _printf_fp_hex                            - Undefined Weak Reference
    _printf_mbtowc                            - Undefined Weak Reference
    _printf_wc                                - Undefined Weak Reference
    _rand_init                                - Undefined Weak Reference
    _scanf_int                                - Undefined Weak Reference
    _scanf_longlong                           - Undefined Weak Reference
    _scanf_mbtowc                             - Undefined Weak Reference
    _scanf_real                               - Undefined Weak Reference
    _scanf_wctomb                             - Undefined Weak Reference
    _scanf_wstring                            - Undefined Weak Reference
    _signal_finish                            - Undefined Weak Reference
    _signal_init                              - Undefined Weak Reference
    _terminate_alloc                          - Undefined Weak Reference
    _terminate_user_alloc                     - Undefined Weak Reference
    _terminateio                              - Undefined Weak Reference
    __Vectors_Size                           0x00000188   Number         0  startup_stm32f40_41xxx.o ABSOLUTE
    __Vectors                                0x08000000   Data           4  startup_stm32f40_41xxx.o(RESET)
    __Vectors_End                            0x08000188   Data           0  startup_stm32f40_41xxx.o(RESET)
    __main                                   0x08000189   Thumb Code     8  __main.o(!!!main)
    __scatterload                            0x08000191   Thumb Code     0  __scatter.o(!!!scatter)
    __scatterload_rt2                        0x08000191   Thumb Code    44  __scatter.o(!!!scatter)
    __scatterload_rt2_thumb_only             0x08000191   Thumb Code     0  __scatter.o(!!!scatter)
    __scatterload_null                       0x0800019f   Thumb Code     0  __scatter.o(!!!scatter)
    __scatterload_copy                       0x080001c5   Thumb Code    26  __scatter_copy.o(!!handler_copy)
    __scatterload_zeroinit                   0x080001e1   Thumb Code    28  __scatter_zi.o(!!handler_zi)
    _printf_n                                0x080001fd   Thumb Code     0  _printf_n.o(.ARM.Collect$$_printf_percent$$00000001)
    _printf_percent                          0x080001fd   Thumb Code     0  _printf_percent.o(.ARM.Collect$$_printf_percent$$00000000)
    _printf_p                                0x08000203   Thumb Code     0  _printf_p.o(.ARM.Collect$$_printf_percent$$00000002)
    _printf_f                                0x08000209   Thumb Code     0  _printf_f.o(.ARM.Collect$$_printf_percent$$00000003)
    _printf_e                                0x0800020f   Thumb Code     0  _printf_e.o(.ARM.Collect$$_printf_percent$$00000004)
    _printf_g                                0x08000215   Thumb Code     0  _printf_g.o(.ARM.Collect$$_printf_percent$$00000005)
    _printf_a                                0x0800021b   Thumb Code     0  _printf_a.o(.ARM.Collect$$_printf_percent$$00000006)
    _printf_ll                               0x08000221   Thumb Code     0  _printf_ll.o(.ARM.Collect$$_printf_percent$$00000007)
    _printf_i                                0x0800022b   Thumb Code     0  _printf_i.o(.ARM.Collect$$_printf_percent$$00000008)
    _printf_d                                0x08000231   Thumb Code     0  _printf_d.o(.ARM.Collect$$_printf_percent$$00000009)
    _printf_u                                0x08000237   Thumb Code     0  _printf_u.o(.ARM.Collect$$_printf_percent$$0000000A)
    _printf_o                                0x0800023d   Thumb Code     0  _printf_o.o(.ARM.Collect$$_printf_percent$$0000000B)
    _printf_x                                0x08000243   Thumb Code     0  _printf_x.o(.ARM.Collect$$_printf_percent$$0000000C)
    _printf_lli                              0x08000249   Thumb Code     0  _printf_lli.o(.ARM.Collect$$_printf_percent$$0000000D)
    _printf_lld                              0x0800024f   Thumb Code     0  _printf_lld.o(.ARM.Collect$$_printf_percent$$0000000E)
    _printf_llu                              0x08000255   Thumb Code     0  _printf_llu.o(.ARM.Collect$$_printf_percent$$0000000F)
    _printf_llo                              0x0800025b   Thumb Code     0  _printf_llo.o(.ARM.Collect$$_printf_percent$$00000010)
    _printf_llx                              0x08000261   Thumb Code     0  _printf_llx.o(.ARM.Collect$$_printf_percent$$00000011)
    _printf_l                                0x08000267   Thumb Code     0  _printf_l.o(.ARM.Collect$$_printf_percent$$00000012)
    _printf_c                                0x08000271   Thumb Code     0  _printf_c.o(.ARM.Collect$$_printf_percent$$00000013)
    _printf_s                                0x08000277   Thumb Code     0  _printf_s.o(.ARM.Collect$$_printf_percent$$00000014)
    _printf_lc                               0x0800027d   Thumb Code     0  _printf_lc.o(.ARM.Collect$$_printf_percent$$00000015)
    _printf_ls                               0x08000283   Thumb Code     0  _printf_ls.o(.ARM.Collect$$_printf_percent$$00000016)
    _printf_percent_end                      0x08000289   Thumb Code     0  _printf_percent_end.o(.ARM.Collect$$_printf_percent$$00000017)
    __rt_lib_init                            0x0800028d   Thumb Code     0  libinit.o(.ARM.Collect$$libinit$$00000000)
    __rt_lib_init_fp_1                       0x0800028f   Thumb Code     0  libinit2.o(.ARM.Collect$$libinit$$00000001)
    __rt_lib_init_heap_1                     0x08000293   Thumb Code     0  libinit2.o(.ARM.Collect$$libinit$$0000000A)
    __rt_lib_init_lc_common                  0x08000293   Thumb Code     0  libinit2.o(.ARM.Collect$$libinit$$0000000F)
    __rt_lib_init_preinit_1                  0x08000293   Thumb Code     0  libinit2.o(.ARM.Collect$$libinit$$00000004)
    __rt_lib_init_rand_1                     0x08000293   Thumb Code     0  libinit2.o(.ARM.Collect$$libinit$$0000000E)
    __rt_lib_init_user_alloc_1               0x08000293   Thumb Code     0  libinit2.o(.ARM.Collect$$libinit$$0000000C)
    __rt_lib_init_lc_collate_1               0x08000299   Thumb Code     0  libinit2.o(.ARM.Collect$$libinit$$00000011)
    __rt_lib_init_lc_ctype_2                 0x08000299   Thumb Code     0  libinit2.o(.ARM.Collect$$libinit$$00000012)
    __rt_lib_init_lc_ctype_1                 0x080002a5   Thumb Code     0  libinit2.o(.ARM.Collect$$libinit$$00000013)
    __rt_lib_init_lc_monetary_1              0x080002a5   Thumb Code     0  libinit2.o(.ARM.Collect$$libinit$$00000015)
    __rt_lib_init_lc_numeric_2               0x080002a5   Thumb Code     0  libinit2.o(.ARM.Collect$$libinit$$00000016)
    __rt_lib_init_alloca_1                   0x080002af   Thumb Code     0  libinit2.o(.ARM.Collect$$libinit$$0000002E)
    __rt_lib_init_argv_1                     0x080002af   Thumb Code     0  libinit2.o(.ARM.Collect$$libinit$$0000002C)
    __rt_lib_init_atexit_1                   0x080002af   Thumb Code     0  libinit2.o(.ARM.Collect$$libinit$$0000001B)
    __rt_lib_init_clock_1                    0x080002af   Thumb Code     0  libinit2.o(.ARM.Collect$$libinit$$00000021)
    __rt_lib_init_cpp_1                      0x080002af   Thumb Code     0  libinit2.o(.ARM.Collect$$libinit$$00000032)
    __rt_lib_init_exceptions_1               0x080002af   Thumb Code     0  libinit2.o(.ARM.Collect$$libinit$$00000030)
    __rt_lib_init_fp_trap_1                  0x080002af   Thumb Code     0  libinit2.o(.ARM.Collect$$libinit$$0000001F)
    __rt_lib_init_getenv_1                   0x080002af   Thumb Code     0  libinit2.o(.ARM.Collect$$libinit$$00000023)
    __rt_lib_init_lc_numeric_1               0x080002af   Thumb Code     0  libinit2.o(.ARM.Collect$$libinit$$00000017)
    __rt_lib_init_lc_time_1                  0x080002af   Thumb Code     0  libinit2.o(.ARM.Collect$$libinit$$00000019)
    __rt_lib_init_return                     0x080002af   Thumb Code     0  libinit2.o(.ARM.Collect$$libinit$$00000033)
    __rt_lib_init_signal_1                   0x080002af   Thumb Code     0  libinit2.o(.ARM.Collect$$libinit$$0000001D)
    __rt_lib_init_stdio_1                    0x080002af   Thumb Code     0  libinit2.o(.ARM.Collect$$libinit$$00000025)
    __rt_lib_shutdown                        0x080002b1   Thumb Code     0  libshutdown.o(.ARM.Collect$$libshutdown$$00000000)
    __rt_lib_shutdown_cpp_1                  0x080002b3   Thumb Code     0  libshutdown2.o(.ARM.Collect$$libshutdown$$00000002)
    __rt_lib_shutdown_fp_trap_1              0x080002b3   Thumb Code     0  libshutdown2.o(.ARM.Collect$$libshutdown$$00000007)
    __rt_lib_shutdown_heap_1                 0x080002b3   Thumb Code     0  libshutdown2.o(.ARM.Collect$$libshutdown$$0000000F)
    __rt_lib_shutdown_return                 0x080002b3   Thumb Code     0  libshutdown2.o(.ARM.Collect$$libshutdown$$00000010)
    __rt_lib_shutdown_signal_1               0x080002b3   Thumb Code     0  libshutdown2.o(.ARM.Collect$$libshutdown$$0000000A)
    __rt_lib_shutdown_stdio_1                0x080002b3   Thumb Code     0  libshutdown2.o(.ARM.Collect$$libshutdown$$00000004)
    __rt_lib_shutdown_user_alloc_1           0x080002b3   Thumb Code     0  libshutdown2.o(.ARM.Collect$$libshutdown$$0000000C)
    __rt_entry                               0x080002b5   Thumb Code     0  __rtentry.o(.ARM.Collect$$rtentry$$00000000)
    __rt_entry_presh_1                       0x080002b5   Thumb Code     0  __rtentry2.o(.ARM.Collect$$rtentry$$00000002)
    __rt_entry_sh                            0x080002b5   Thumb Code     0  __rtentry4.o(.ARM.Collect$$rtentry$$00000004)
    __rt_entry_li                            0x080002bb   Thumb Code     0  __rtentry2.o(.ARM.Collect$$rtentry$$0000000A)
    __rt_entry_postsh_1                      0x080002bb   Thumb Code     0  __rtentry2.o(.ARM.Collect$$rtentry$$00000009)
    __rt_entry_main                          0x080002bf   Thumb Code     0  __rtentry2.o(.ARM.Collect$$rtentry$$0000000D)
    __rt_entry_postli_1                      0x080002bf   Thumb Code     0  __rtentry2.o(.ARM.Collect$$rtentry$$0000000C)
    __rt_exit                                0x080002c7   Thumb Code     0  rtexit.o(.ARM.Collect$$rtexit$$00000000)
    __rt_exit_ls                             0x080002c9   Thumb Code     0  rtexit2.o(.ARM.Collect$$rtexit$$00000003)
    __rt_exit_prels_1                        0x080002c9   Thumb Code     0  rtexit2.o(.ARM.Collect$$rtexit$$00000002)
    __rt_exit_exit                           0x080002cd   Thumb Code     0  rtexit2.o(.ARM.Collect$$rtexit$$00000004)
    main                                     0x080002d5   Thumb Code    44  main.o(.text)
    NMI_Handler                              0x0800030d   Thumb Code     2  stm32f4xx_it.o(.text)
    HardFault_Handler                        0x0800030f   Thumb Code     4  stm32f4xx_it.o(.text)
    MemManage_Handler                        0x08000313   Thumb Code     4  stm32f4xx_it.o(.text)
    BusFault_Handler                         0x08000317   Thumb Code     4  stm32f4xx_it.o(.text)
    UsageFault_Handler                       0x0800031b   Thumb Code     4  stm32f4xx_it.o(.text)
    SVC_Handler                              0x0800031f   Thumb Code     2  stm32f4xx_it.o(.text)
    DebugMon_Handler                         0x08000321   Thumb Code     2  stm32f4xx_it.o(.text)
    PendSV_Handler                           0x08000323   Thumb Code     2  stm32f4xx_it.o(.text)
    SysTick_Handler                          0x08000325   Thumb Code     2  stm32f4xx_it.o(.text)
    USART3_IRQHandler                        0x08000327   Thumb Code   104  stm32f4xx_it.o(.text)
    TIM4_IRQHandler                          0x0800038f   Thumb Code   122  stm32f4xx_it.o(.text)
    TIM6_IRQHandler                          0x08000409   Thumb Code    94  stm32f4xx_it.o(.text)
    SystemInit                               0x08000571   Thumb Code    88  system_stm32f4xx.o(.text)
    SystemCoreClockUpdate                    0x080005c9   Thumb Code   174  system_stm32f4xx.o(.text)
    TxDataBuf_Deal                           0x080006a5   Thumb Code    86  mqtt.o(.text)
    MQTT_Subscribe                           0x080006fb   Thumb Code   134  mqtt.o(.text)
    MQTT_ConectPack                          0x08000781   Thumb Code   496  mqtt.o(.text)
    MQTT_Buff_Init                           0x08000971   Thumb Code    90  mqtt.o(.text)
    IoT_Parameter_Init                       0x080009cb   Thumb Code   150  mqtt.o(.text)
    MQTT_PingREQ                             0x08000a61   Thumb Code    22  mqtt.o(.text)
    MQTT_PublishQs0                          0x08000a77   Thumb Code   530  mqtt.o(.text)
    CMDBuf_Deal                              0x08000c89   Thumb Code    96  mqtt.o(.text)
    MQTT_DealPushdata_Qs0                    0x08000ce9   Thumb Code   234  mqtt.o(.text)
    CLR_Buf                                  0x08000e33   Thumb Code    18  uart4.o(.text)
    UART4_Init                               0x08000e45   Thumb Code   160  uart4.o(.text)
    UART4_IRQHandler                         0x08000ee5   Thumb Code   134  uart4.o(.text)
    Hand                                     0x08000f6b   Thumb Code    22  uart4.o(.text)
    clrStruct                                0x08000f81   Thumb Code    72  uart4.o(.text)
    TIM6_ENABLE_30S                          0x08000fdd   Thumb Code   112  timer6.o(.text)
    TIM6_ENABLE_2S                           0x0800104d   Thumb Code   114  timer6.o(.text)
    errorLog                                 0x080010c5   Thumb Code    14  bsp_atgm336h.o(.text)
    parseGpsBuffer                           0x080010d3   Thumb Code   234  bsp_atgm336h.o(.text)
    printGpsBuffer                           0x080011bd   Thumb Code   148  bsp_atgm336h.o(.text)
    Reset_Handler                            0x08001309   Thumb Code     8  startup_stm32f40_41xxx.o(.text)
    ADC_IRQHandler                           0x08001323   Thumb Code     0  startup_stm32f40_41xxx.o(.text)
    CAN1_RX0_IRQHandler                      0x08001323   Thumb Code     0  startup_stm32f40_41xxx.o(.text)
    CAN1_RX1_IRQHandler                      0x08001323   Thumb Code     0  startup_stm32f40_41xxx.o(.text)
    CAN1_SCE_IRQHandler                      0x08001323   Thumb Code     0  startup_stm32f40_41xxx.o(.text)
    CAN1_TX_IRQHandler                       0x08001323   Thumb Code     0  startup_stm32f40_41xxx.o(.text)
    CAN2_RX0_IRQHandler                      0x08001323   Thumb Code     0  startup_stm32f40_41xxx.o(.text)
    CAN2_RX1_IRQHandler                      0x08001323   Thumb Code     0  startup_stm32f40_41xxx.o(.text)
    CAN2_SCE_IRQHandler                      0x08001323   Thumb Code     0  startup_stm32f40_41xxx.o(.text)
    CAN2_TX_IRQHandler                       0x08001323   Thumb Code     0  startup_stm32f40_41xxx.o(.text)
    CRYP_IRQHandler                          0x08001323   Thumb Code     0  startup_stm32f40_41xxx.o(.text)
    DCMI_IRQHandler                          0x08001323   Thumb Code     0  startup_stm32f40_41xxx.o(.text)
    DMA1_Stream0_IRQHandler                  0x08001323   Thumb Code     0  startup_stm32f40_41xxx.o(.text)
    DMA1_Stream1_IRQHandler                  0x08001323   Thumb Code     0  startup_stm32f40_41xxx.o(.text)
    DMA1_Stream2_IRQHandler                  0x08001323   Thumb Code     0  startup_stm32f40_41xxx.o(.text)
    DMA1_Stream3_IRQHandler                  0x08001323   Thumb Code     0  startup_stm32f40_41xxx.o(.text)
    DMA1_Stream4_IRQHandler                  0x08001323   Thumb Code     0  startup_stm32f40_41xxx.o(.text)
    DMA1_Stream5_IRQHandler                  0x08001323   Thumb Code     0  startup_stm32f40_41xxx.o(.text)
    DMA1_Stream6_IRQHandler                  0x08001323   Thumb Code     0  startup_stm32f40_41xxx.o(.text)
    DMA1_Stream7_IRQHandler                  0x08001323   Thumb Code     0  startup_stm32f40_41xxx.o(.text)
    DMA2_Stream0_IRQHandler                  0x08001323   Thumb Code     0  startup_stm32f40_41xxx.o(.text)
    DMA2_Stream1_IRQHandler                  0x08001323   Thumb Code     0  startup_stm32f40_41xxx.o(.text)
    DMA2_Stream2_IRQHandler                  0x08001323   Thumb Code     0  startup_stm32f40_41xxx.o(.text)
    DMA2_Stream3_IRQHandler                  0x08001323   Thumb Code     0  startup_stm32f40_41xxx.o(.text)
    DMA2_Stream4_IRQHandler                  0x08001323   Thumb Code     0  startup_stm32f40_41xxx.o(.text)
    DMA2_Stream5_IRQHandler                  0x08001323   Thumb Code     0  startup_stm32f40_41xxx.o(.text)
    DMA2_Stream6_IRQHandler                  0x08001323   Thumb Code     0  startup_stm32f40_41xxx.o(.text)
    DMA2_Stream7_IRQHandler                  0x08001323   Thumb Code     0  startup_stm32f40_41xxx.o(.text)
    ETH_IRQHandler                           0x08001323   Thumb Code     0  startup_stm32f40_41xxx.o(.text)
    ETH_WKUP_IRQHandler                      0x08001323   Thumb Code     0  startup_stm32f40_41xxx.o(.text)
    EXTI0_IRQHandler                         0x08001323   Thumb Code     0  startup_stm32f40_41xxx.o(.text)
    EXTI15_10_IRQHandler                     0x08001323   Thumb Code     0  startup_stm32f40_41xxx.o(.text)
    EXTI1_IRQHandler                         0x08001323   Thumb Code     0  startup_stm32f40_41xxx.o(.text)
    EXTI2_IRQHandler                         0x08001323   Thumb Code     0  startup_stm32f40_41xxx.o(.text)
    EXTI3_IRQHandler                         0x08001323   Thumb Code     0  startup_stm32f40_41xxx.o(.text)
    EXTI4_IRQHandler                         0x08001323   Thumb Code     0  startup_stm32f40_41xxx.o(.text)
    EXTI9_5_IRQHandler                       0x08001323   Thumb Code     0  startup_stm32f40_41xxx.o(.text)
    FLASH_IRQHandler                         0x08001323   Thumb Code     0  startup_stm32f40_41xxx.o(.text)
    FPU_IRQHandler                           0x08001323   Thumb Code     0  startup_stm32f40_41xxx.o(.text)
    FSMC_IRQHandler                          0x08001323   Thumb Code     0  startup_stm32f40_41xxx.o(.text)
    HASH_RNG_IRQHandler                      0x08001323   Thumb Code     0  startup_stm32f40_41xxx.o(.text)
    I2C1_ER_IRQHandler                       0x08001323   Thumb Code     0  startup_stm32f40_41xxx.o(.text)
    I2C1_EV_IRQHandler                       0x08001323   Thumb Code     0  startup_stm32f40_41xxx.o(.text)
    I2C2_ER_IRQHandler                       0x08001323   Thumb Code     0  startup_stm32f40_41xxx.o(.text)
    I2C2_EV_IRQHandler                       0x08001323   Thumb Code     0  startup_stm32f40_41xxx.o(.text)
    I2C3_ER_IRQHandler                       0x08001323   Thumb Code     0  startup_stm32f40_41xxx.o(.text)
    I2C3_EV_IRQHandler                       0x08001323   Thumb Code     0  startup_stm32f40_41xxx.o(.text)
    OTG_FS_IRQHandler                        0x08001323   Thumb Code     0  startup_stm32f40_41xxx.o(.text)
    OTG_FS_WKUP_IRQHandler                   0x08001323   Thumb Code     0  startup_stm32f40_41xxx.o(.text)
    OTG_HS_EP1_IN_IRQHandler                 0x08001323   Thumb Code     0  startup_stm32f40_41xxx.o(.text)
    OTG_HS_EP1_OUT_IRQHandler                0x08001323   Thumb Code     0  startup_stm32f40_41xxx.o(.text)
    OTG_HS_IRQHandler                        0x08001323   Thumb Code     0  startup_stm32f40_41xxx.o(.text)
    OTG_HS_WKUP_IRQHandler                   0x08001323   Thumb Code     0  startup_stm32f40_41xxx.o(.text)
    PVD_IRQHandler                           0x08001323   Thumb Code     0  startup_stm32f40_41xxx.o(.text)
    RCC_IRQHandler                           0x08001323   Thumb Code     0  startup_stm32f40_41xxx.o(.text)
    RTC_Alarm_IRQHandler                     0x08001323   Thumb Code     0  startup_stm32f40_41xxx.o(.text)
    RTC_WKUP_IRQHandler                      0x08001323   Thumb Code     0  startup_stm32f40_41xxx.o(.text)
    SDIO_IRQHandler                          0x08001323   Thumb Code     0  startup_stm32f40_41xxx.o(.text)
    SPI1_IRQHandler                          0x08001323   Thumb Code     0  startup_stm32f40_41xxx.o(.text)
    SPI2_IRQHandler                          0x08001323   Thumb Code     0  startup_stm32f40_41xxx.o(.text)
    SPI3_IRQHandler                          0x08001323   Thumb Code     0  startup_stm32f40_41xxx.o(.text)
    TAMP_STAMP_IRQHandler                    0x08001323   Thumb Code     0  startup_stm32f40_41xxx.o(.text)
    TIM1_BRK_TIM9_IRQHandler                 0x08001323   Thumb Code     0  startup_stm32f40_41xxx.o(.text)
    TIM1_CC_IRQHandler                       0x08001323   Thumb Code     0  startup_stm32f40_41xxx.o(.text)
    TIM1_TRG_COM_TIM11_IRQHandler            0x08001323   Thumb Code     0  startup_stm32f40_41xxx.o(.text)
    TIM1_UP_TIM10_IRQHandler                 0x08001323   Thumb Code     0  startup_stm32f40_41xxx.o(.text)
    TIM2_IRQHandler                          0x08001323   Thumb Code     0  startup_stm32f40_41xxx.o(.text)
    TIM3_IRQHandler                          0x08001323   Thumb Code     0  startup_stm32f40_41xxx.o(.text)
    TIM5_IRQHandler                          0x08001323   Thumb Code     0  startup_stm32f40_41xxx.o(.text)
    TIM6_DAC_IRQHandler                      0x08001323   Thumb Code     0  startup_stm32f40_41xxx.o(.text)
    TIM7_IRQHandler                          0x08001323   Thumb Code     0  startup_stm32f40_41xxx.o(.text)
    TIM8_BRK_TIM12_IRQHandler                0x08001323   Thumb Code     0  startup_stm32f40_41xxx.o(.text)
    TIM8_CC_IRQHandler                       0x08001323   Thumb Code     0  startup_stm32f40_41xxx.o(.text)
    TIM8_TRG_COM_TIM14_IRQHandler            0x08001323   Thumb Code     0  startup_stm32f40_41xxx.o(.text)
    TIM8_UP_TIM13_IRQHandler                 0x08001323   Thumb Code     0  startup_stm32f40_41xxx.o(.text)
    UART5_IRQHandler                         0x08001323   Thumb Code     0  startup_stm32f40_41xxx.o(.text)
    USART2_IRQHandler                        0x08001323   Thumb Code     0  startup_stm32f40_41xxx.o(.text)
    USART6_IRQHandler                        0x08001323   Thumb Code     0  startup_stm32f40_41xxx.o(.text)
    WWDG_IRQHandler                          0x08001323   Thumb Code     0  startup_stm32f40_41xxx.o(.text)
    __user_initial_stackheap                 0x08001325   Thumb Code     0  startup_stm32f40_41xxx.o(.text)
    NVIC_PriorityGroupConfig                 0x08001349   Thumb Code    10  misc.o(.text)
    NVIC_Init                                0x08001353   Thumb Code   106  misc.o(.text)
    NVIC_SetVectorTable                      0x080013bd   Thumb Code    14  misc.o(.text)
    NVIC_SystemLPConfig                      0x080013cb   Thumb Code    34  misc.o(.text)
    SysTick_CLKSourceConfig                  0x080013ed   Thumb Code    40  misc.o(.text)
    GPIO_DeInit                              0x08001429   Thumb Code   268  stm32f4xx_gpio.o(.text)
    GPIO_Init                                0x08001535   Thumb Code   144  stm32f4xx_gpio.o(.text)
    GPIO_StructInit                          0x080015c5   Thumb Code    18  stm32f4xx_gpio.o(.text)
    GPIO_PinLockConfig                       0x080015d7   Thumb Code    34  stm32f4xx_gpio.o(.text)
    GPIO_ReadInputDataBit                    0x080015f9   Thumb Code    18  stm32f4xx_gpio.o(.text)
    GPIO_ReadInputData                       0x0800160b   Thumb Code     8  stm32f4xx_gpio.o(.text)
    GPIO_ReadOutputDataBit                   0x08001613   Thumb Code    18  stm32f4xx_gpio.o(.text)
    GPIO_ReadOutputData                      0x08001625   Thumb Code     8  stm32f4xx_gpio.o(.text)
    GPIO_SetBits                             0x0800162d   Thumb Code     4  stm32f4xx_gpio.o(.text)
    GPIO_ResetBits                           0x08001631   Thumb Code     4  stm32f4xx_gpio.o(.text)
    GPIO_WriteBit                            0x08001635   Thumb Code    10  stm32f4xx_gpio.o(.text)
    GPIO_Write                               0x0800163f   Thumb Code     4  stm32f4xx_gpio.o(.text)
    GPIO_ToggleBits                          0x08001643   Thumb Code     8  stm32f4xx_gpio.o(.text)
    GPIO_PinAFConfig                         0x0800164b   Thumb Code    70  stm32f4xx_gpio.o(.text)
    RCC_DeInit                               0x080016bd   Thumb Code    82  stm32f4xx_rcc.o(.text)
    RCC_HSEConfig                            0x0800170f   Thumb Code    14  stm32f4xx_rcc.o(.text)
    RCC_GetFlagStatus                        0x0800171d   Thumb Code    60  stm32f4xx_rcc.o(.text)
    RCC_WaitForHSEStartUp                    0x08001759   Thumb Code    56  stm32f4xx_rcc.o(.text)
    RCC_AdjustHSICalibrationValue            0x08001791   Thumb Code    20  stm32f4xx_rcc.o(.text)
    RCC_HSICmd                               0x080017a5   Thumb Code     6  stm32f4xx_rcc.o(.text)
    RCC_LSEConfig                            0x080017ab   Thumb Code    46  stm32f4xx_rcc.o(.text)
    RCC_LSICmd                               0x080017d9   Thumb Code     6  stm32f4xx_rcc.o(.text)
    RCC_PLLConfig                            0x080017df   Thumb Code    32  stm32f4xx_rcc.o(.text)
    RCC_PLLCmd                               0x080017ff   Thumb Code     6  stm32f4xx_rcc.o(.text)
    RCC_PLLI2SConfig                         0x08001805   Thumb Code    14  stm32f4xx_rcc.o(.text)
    RCC_PLLI2SCmd                            0x08001813   Thumb Code     6  stm32f4xx_rcc.o(.text)
    RCC_PLLSAIConfig                         0x08001819   Thumb Code    20  stm32f4xx_rcc.o(.text)
    RCC_PLLSAICmd                            0x0800182d   Thumb Code     6  stm32f4xx_rcc.o(.text)
    RCC_ClockSecuritySystemCmd               0x08001833   Thumb Code     6  stm32f4xx_rcc.o(.text)
    RCC_MCO1Config                           0x08001839   Thumb Code    28  stm32f4xx_rcc.o(.text)
    RCC_MCO2Config                           0x08001855   Thumb Code    28  stm32f4xx_rcc.o(.text)
    RCC_SYSCLKConfig                         0x08001871   Thumb Code    20  stm32f4xx_rcc.o(.text)
    RCC_GetSYSCLKSource                      0x08001885   Thumb Code    12  stm32f4xx_rcc.o(.text)
    RCC_HCLKConfig                           0x08001891   Thumb Code    20  stm32f4xx_rcc.o(.text)
    RCC_PCLK1Config                          0x080018a5   Thumb Code    20  stm32f4xx_rcc.o(.text)
    RCC_PCLK2Config                          0x080018b9   Thumb Code    22  stm32f4xx_rcc.o(.text)
    RCC_GetClocksFreq                        0x080018cf   Thumb Code   222  stm32f4xx_rcc.o(.text)
    RCC_RTCCLKConfig                         0x080019ad   Thumb Code    54  stm32f4xx_rcc.o(.text)
    RCC_RTCCLKCmd                            0x080019e3   Thumb Code     8  stm32f4xx_rcc.o(.text)
    RCC_BackupResetCmd                       0x080019eb   Thumb Code     8  stm32f4xx_rcc.o(.text)
    RCC_I2SCLKConfig                         0x080019f3   Thumb Code     6  stm32f4xx_rcc.o(.text)
    RCC_SAIPLLI2SClkDivConfig                0x080019f9   Thumb Code    26  stm32f4xx_rcc.o(.text)
    RCC_SAIPLLSAIClkDivConfig                0x08001a13   Thumb Code    28  stm32f4xx_rcc.o(.text)
    RCC_SAIBlockACLKConfig                   0x08001a2f   Thumb Code    20  stm32f4xx_rcc.o(.text)
    RCC_SAIBlockBCLKConfig                   0x08001a43   Thumb Code    20  stm32f4xx_rcc.o(.text)
    RCC_LTDCCLKDivConfig                     0x08001a57   Thumb Code    20  stm32f4xx_rcc.o(.text)
    RCC_TIMCLKPresConfig                     0x08001a6b   Thumb Code     6  stm32f4xx_rcc.o(.text)
    RCC_AHB1PeriphClockCmd                   0x08001a71   Thumb Code    34  stm32f4xx_rcc.o(.text)
    RCC_AHB2PeriphClockCmd                   0x08001a93   Thumb Code    78  stm32f4xx_rcc.o(.text)
    RCC_AHB3PeriphClockCmd                   0x08001ae1   Thumb Code    34  stm32f4xx_rcc.o(.text)
    RCC_APB1PeriphClockCmd                   0x08001b03   Thumb Code    34  stm32f4xx_rcc.o(.text)
    RCC_APB2PeriphClockCmd                   0x08001b25   Thumb Code    34  stm32f4xx_rcc.o(.text)
    RCC_AHB1PeriphResetCmd                   0x08001b47   Thumb Code    34  stm32f4xx_rcc.o(.text)
    RCC_AHB2PeriphResetCmd                   0x08001b69   Thumb Code    34  stm32f4xx_rcc.o(.text)
    RCC_AHB3PeriphResetCmd                   0x08001b8b   Thumb Code    34  stm32f4xx_rcc.o(.text)
    RCC_APB1PeriphResetCmd                   0x08001bad   Thumb Code    34  stm32f4xx_rcc.o(.text)
    RCC_APB2PeriphResetCmd                   0x08001bcf   Thumb Code    34  stm32f4xx_rcc.o(.text)
    RCC_AHB1PeriphClockLPModeCmd             0x08001bf1   Thumb Code    34  stm32f4xx_rcc.o(.text)
    RCC_AHB2PeriphClockLPModeCmd             0x08001c13   Thumb Code    34  stm32f4xx_rcc.o(.text)
    RCC_AHB3PeriphClockLPModeCmd             0x08001c35   Thumb Code    34  stm32f4xx_rcc.o(.text)
    RCC_APB1PeriphClockLPModeCmd             0x08001c57   Thumb Code    34  stm32f4xx_rcc.o(.text)
    RCC_APB2PeriphClockLPModeCmd             0x08001c79   Thumb Code    34  stm32f4xx_rcc.o(.text)
    RCC_LSEModeConfig                        0x08001c9b   Thumb Code    40  stm32f4xx_rcc.o(.text)
    RCC_ITConfig                             0x08001cc3   Thumb Code    34  stm32f4xx_rcc.o(.text)
    RCC_ClearFlag                            0x08001ce5   Thumb Code    18  stm32f4xx_rcc.o(.text)
    RCC_GetITStatus                          0x08001cf7   Thumb Code    22  stm32f4xx_rcc.o(.text)
    RCC_ClearITPendingBit                    0x08001d0d   Thumb Code     8  stm32f4xx_rcc.o(.text)
    TIM_DeInit                               0x08001d19   Thumb Code   346  stm32f4xx_tim.o(.text)
    TIM_TimeBaseInit                         0x08001e73   Thumb Code   104  stm32f4xx_tim.o(.text)
    TIM_TimeBaseStructInit                   0x08001edb   Thumb Code    18  stm32f4xx_tim.o(.text)
    TIM_PrescalerConfig                      0x08001eed   Thumb Code     6  stm32f4xx_tim.o(.text)
    TIM_CounterModeConfig                    0x08001ef3   Thumb Code    18  stm32f4xx_tim.o(.text)
    TIM_SetCounter                           0x08001f05   Thumb Code     4  stm32f4xx_tim.o(.text)
    TIM_SetAutoreload                        0x08001f09   Thumb Code     4  stm32f4xx_tim.o(.text)
    TIM_GetCounter                           0x08001f0d   Thumb Code     6  stm32f4xx_tim.o(.text)
    TIM_GetPrescaler                         0x08001f13   Thumb Code     6  stm32f4xx_tim.o(.text)
    TIM_UpdateDisableConfig                  0x08001f19   Thumb Code    24  stm32f4xx_tim.o(.text)
    TIM_UpdateRequestConfig                  0x08001f31   Thumb Code    24  stm32f4xx_tim.o(.text)
    TIM_ARRPreloadConfig                     0x08001f49   Thumb Code    24  stm32f4xx_tim.o(.text)
    TIM_SelectOnePulseMode                   0x08001f61   Thumb Code    18  stm32f4xx_tim.o(.text)
    TIM_SetClockDivision                     0x08001f73   Thumb Code    18  stm32f4xx_tim.o(.text)
    TIM_Cmd                                  0x08001f85   Thumb Code    24  stm32f4xx_tim.o(.text)
    TIM_OC1Init                              0x08001f9d   Thumb Code   114  stm32f4xx_tim.o(.text)
    TIM_OC2Init                              0x0800200f   Thumb Code   154  stm32f4xx_tim.o(.text)
    TIM_OC3Init                              0x080020a9   Thumb Code   204  stm32f4xx_tim.o(.text)
    TIM_OC4Init                              0x08002175   Thumb Code   112  stm32f4xx_tim.o(.text)
    TIM_OCStructInit                         0x080021e5   Thumb Code    20  stm32f4xx_tim.o(.text)
    TIM_SelectOCxM                           0x080021f9   Thumb Code    86  stm32f4xx_tim.o(.text)
    TIM_SetCompare1                          0x0800224f   Thumb Code     4  stm32f4xx_tim.o(.text)
    TIM_SetCompare2                          0x08002253   Thumb Code     4  stm32f4xx_tim.o(.text)
    TIM_SetCompare3                          0x08002257   Thumb Code     4  stm32f4xx_tim.o(.text)
    TIM_SetCompare4                          0x0800225b   Thumb Code     4  stm32f4xx_tim.o(.text)
    TIM_ForcedOC1Config                      0x0800225f   Thumb Code    18  stm32f4xx_tim.o(.text)
    TIM_ForcedOC2Config                      0x08002271   Thumb Code    26  stm32f4xx_tim.o(.text)
    TIM_ForcedOC3Config                      0x0800228b   Thumb Code    18  stm32f4xx_tim.o(.text)
    TIM_ForcedOC4Config                      0x0800229d   Thumb Code    26  stm32f4xx_tim.o(.text)
    TIM_OC1PreloadConfig                     0x080022b7   Thumb Code    18  stm32f4xx_tim.o(.text)
    TIM_OC2PreloadConfig                     0x080022c9   Thumb Code    26  stm32f4xx_tim.o(.text)
    TIM_OC3PreloadConfig                     0x080022e3   Thumb Code    18  stm32f4xx_tim.o(.text)
    TIM_OC4PreloadConfig                     0x080022f5   Thumb Code    26  stm32f4xx_tim.o(.text)
    TIM_OC1FastConfig                        0x0800230f   Thumb Code    18  stm32f4xx_tim.o(.text)
    TIM_OC2FastConfig                        0x08002321   Thumb Code    26  stm32f4xx_tim.o(.text)
    TIM_OC3FastConfig                        0x0800233b   Thumb Code    18  stm32f4xx_tim.o(.text)
    TIM_OC4FastConfig                        0x0800234d   Thumb Code    26  stm32f4xx_tim.o(.text)
    TIM_ClearOC1Ref                          0x08002367   Thumb Code    18  stm32f4xx_tim.o(.text)
    TIM_ClearOC2Ref                          0x08002379   Thumb Code    24  stm32f4xx_tim.o(.text)
    TIM_ClearOC3Ref                          0x08002391   Thumb Code    18  stm32f4xx_tim.o(.text)
    TIM_ClearOC4Ref                          0x080023a3   Thumb Code    24  stm32f4xx_tim.o(.text)
    TIM_OC1PolarityConfig                    0x080023bb   Thumb Code    18  stm32f4xx_tim.o(.text)
    TIM_OC1NPolarityConfig                   0x080023cd   Thumb Code    18  stm32f4xx_tim.o(.text)
    TIM_OC2PolarityConfig                    0x080023df   Thumb Code    26  stm32f4xx_tim.o(.text)
    TIM_OC2NPolarityConfig                   0x080023f9   Thumb Code    26  stm32f4xx_tim.o(.text)
    TIM_OC3PolarityConfig                    0x08002413   Thumb Code    26  stm32f4xx_tim.o(.text)
    TIM_OC3NPolarityConfig                   0x0800242d   Thumb Code    26  stm32f4xx_tim.o(.text)
    TIM_OC4PolarityConfig                    0x08002447   Thumb Code    26  stm32f4xx_tim.o(.text)
    TIM_CCxCmd                               0x08002461   Thumb Code    30  stm32f4xx_tim.o(.text)
    TIM_CCxNCmd                              0x0800247f   Thumb Code    30  stm32f4xx_tim.o(.text)
    TIM_SetIC4Prescaler                      0x0800249d   Thumb Code    26  stm32f4xx_tim.o(.text)
    TIM_SetIC3Prescaler                      0x08002507   Thumb Code    18  stm32f4xx_tim.o(.text)
    TIM_SetIC2Prescaler                      0x08002561   Thumb Code    26  stm32f4xx_tim.o(.text)
    TIM_SetIC1Prescaler                      0x080025d5   Thumb Code    18  stm32f4xx_tim.o(.text)
    TIM_ICInit                               0x08002621   Thumb Code   110  stm32f4xx_tim.o(.text)
    TIM_ICStructInit                         0x0800268f   Thumb Code    18  stm32f4xx_tim.o(.text)
    TIM_PWMIConfig                           0x080026a1   Thumb Code   124  stm32f4xx_tim.o(.text)
    TIM_GetCapture1                          0x0800271d   Thumb Code     6  stm32f4xx_tim.o(.text)
    TIM_GetCapture2                          0x08002723   Thumb Code     6  stm32f4xx_tim.o(.text)
    TIM_GetCapture3                          0x08002729   Thumb Code     6  stm32f4xx_tim.o(.text)
    TIM_GetCapture4                          0x0800272f   Thumb Code     6  stm32f4xx_tim.o(.text)
    TIM_BDTRConfig                           0x08002735   Thumb Code    32  stm32f4xx_tim.o(.text)
    TIM_BDTRStructInit                       0x08002755   Thumb Code    18  stm32f4xx_tim.o(.text)
    TIM_CtrlPWMOutputs                       0x08002767   Thumb Code    30  stm32f4xx_tim.o(.text)
    TIM_SelectCOM                            0x08002785   Thumb Code    24  stm32f4xx_tim.o(.text)
    TIM_CCPreloadControl                     0x0800279d   Thumb Code    24  stm32f4xx_tim.o(.text)
    TIM_ITConfig                             0x080027b5   Thumb Code    18  stm32f4xx_tim.o(.text)
    TIM_GenerateEvent                        0x080027c7   Thumb Code     4  stm32f4xx_tim.o(.text)
    TIM_GetFlagStatus                        0x080027cb   Thumb Code    18  stm32f4xx_tim.o(.text)
    TIM_ClearFlag                            0x080027dd   Thumb Code     6  stm32f4xx_tim.o(.text)
    TIM_GetITStatus                          0x080027e3   Thumb Code    34  stm32f4xx_tim.o(.text)
    TIM_ClearITPendingBit                    0x08002805   Thumb Code     6  stm32f4xx_tim.o(.text)
    TIM_DMAConfig                            0x0800280b   Thumb Code    10  stm32f4xx_tim.o(.text)
    TIM_DMACmd                               0x08002815   Thumb Code    18  stm32f4xx_tim.o(.text)
    TIM_SelectCCDMA                          0x08002827   Thumb Code    24  stm32f4xx_tim.o(.text)
    TIM_InternalClockConfig                  0x0800283f   Thumb Code    12  stm32f4xx_tim.o(.text)
    TIM_SelectInputTrigger                   0x0800284b   Thumb Code    18  stm32f4xx_tim.o(.text)
    TIM_ITRxExternalClockConfig              0x0800285d   Thumb Code    24  stm32f4xx_tim.o(.text)
    TIM_TIxExternalClockConfig               0x08002875   Thumb Code    62  stm32f4xx_tim.o(.text)
    TIM_ETRConfig                            0x080028b3   Thumb Code    28  stm32f4xx_tim.o(.text)
    TIM_ETRClockMode1Config                  0x080028cf   Thumb Code    54  stm32f4xx_tim.o(.text)
    TIM_ETRClockMode2Config                  0x08002905   Thumb Code    32  stm32f4xx_tim.o(.text)
    TIM_SelectOutputTrigger                  0x08002925   Thumb Code    18  stm32f4xx_tim.o(.text)
    TIM_SelectSlaveMode                      0x08002937   Thumb Code    18  stm32f4xx_tim.o(.text)
    TIM_SelectMasterSlaveMode                0x08002949   Thumb Code    18  stm32f4xx_tim.o(.text)
    TIM_EncoderInterfaceConfig               0x0800295b   Thumb Code    66  stm32f4xx_tim.o(.text)
    TIM_SelectHallSensor                     0x0800299d   Thumb Code    24  stm32f4xx_tim.o(.text)
    TIM_RemapConfig                          0x080029b5   Thumb Code     6  stm32f4xx_tim.o(.text)
    USART_DeInit                             0x080029bd   Thumb Code   206  stm32f4xx_usart.o(.text)
    USART_Init                               0x08002a8b   Thumb Code   204  stm32f4xx_usart.o(.text)
    USART_StructInit                         0x08002b57   Thumb Code    24  stm32f4xx_usart.o(.text)
    USART_ClockInit                          0x08002b6f   Thumb Code    32  stm32f4xx_usart.o(.text)
    USART_ClockStructInit                    0x08002b8f   Thumb Code    12  stm32f4xx_usart.o(.text)
    USART_Cmd                                0x08002b9b   Thumb Code    24  stm32f4xx_usart.o(.text)
    USART_SetPrescaler                       0x08002bb3   Thumb Code    16  stm32f4xx_usart.o(.text)
    USART_OverSampling8Cmd                   0x08002bc3   Thumb Code    22  stm32f4xx_usart.o(.text)
    USART_OneBitMethodCmd                    0x08002bd9   Thumb Code    24  stm32f4xx_usart.o(.text)
    USART_SendData                           0x08002bf1   Thumb Code     8  stm32f4xx_usart.o(.text)
    USART_ReceiveData                        0x08002bf9   Thumb Code    10  stm32f4xx_usart.o(.text)
    USART_SetAddress                         0x08002c03   Thumb Code    18  stm32f4xx_usart.o(.text)
    USART_ReceiverWakeUpCmd                  0x08002c15   Thumb Code    24  stm32f4xx_usart.o(.text)
    USART_WakeUpConfig                       0x08002c2d   Thumb Code    18  stm32f4xx_usart.o(.text)
    USART_LINBreakDetectLengthConfig         0x08002c3f   Thumb Code    18  stm32f4xx_usart.o(.text)
    USART_LINCmd                             0x08002c51   Thumb Code    24  stm32f4xx_usart.o(.text)
    USART_SendBreak                          0x08002c69   Thumb Code    10  stm32f4xx_usart.o(.text)
    USART_HalfDuplexCmd                      0x08002c73   Thumb Code    24  stm32f4xx_usart.o(.text)
    USART_SetGuardTime                       0x08002c8b   Thumb Code    16  stm32f4xx_usart.o(.text)
    USART_SmartCardCmd                       0x08002c9b   Thumb Code    24  stm32f4xx_usart.o(.text)
    USART_SmartCardNACKCmd                   0x08002cb3   Thumb Code    24  stm32f4xx_usart.o(.text)
    USART_IrDAConfig                         0x08002ccb   Thumb Code    18  stm32f4xx_usart.o(.text)
    USART_IrDACmd                            0x08002cdd   Thumb Code    24  stm32f4xx_usart.o(.text)
    USART_DMACmd                             0x08002cf5   Thumb Code    18  stm32f4xx_usart.o(.text)
    USART_ITConfig                           0x08002d07   Thumb Code    74  stm32f4xx_usart.o(.text)
    USART_GetFlagStatus                      0x08002d51   Thumb Code    26  stm32f4xx_usart.o(.text)
    USART_ClearFlag                          0x08002d6b   Thumb Code    18  stm32f4xx_usart.o(.text)
    USART_GetITStatus                        0x08002d7d   Thumb Code   118  stm32f4xx_usart.o(.text)
    USART_ClearITPendingBit                  0x08002df3   Thumb Code    30  stm32f4xx_usart.o(.text)
    delay_init                               0x08002e11   Thumb Code    52  delay.o(.text)
    delay_us                                 0x08002e45   Thumb Code    72  delay.o(.text)
    delay_xms                                0x08002e8d   Thumb Code    72  delay.o(.text)
    delay_ms                                 0x08002ed5   Thumb Code    56  delay.o(.text)
    _sys_exit                                0x08002f15   Thumb Code     4  usart.o(.text)
    fputc                                    0x08002f19   Thumb Code    22  usart.o(.text)
    uart_init                                0x08002f2f   Thumb Code   164  usart.o(.text)
    USART1_IRQHandler                        0x08002fd3   Thumb Code   122  usart.o(.text)
    __use_no_semihosting                     0x0800305d   Thumb Code     2  use_no_semi_2.o(.text)
    __c89printf                              0x08003061   Thumb Code    20  c89printf.o(.text)
    __2printf                                0x08003079   Thumb Code    20  __2printf.o(.text)
    __2sprintf                               0x08003091   Thumb Code    38  __2sprintf.o(.text)
    _printf_str                              0x080030bd   Thumb Code    82  _printf_str.o(.text)
    _printf_int_dec                          0x08003111   Thumb Code   104  _printf_dec.o(.text)
    __printf                                 0x08003189   Thumb Code   388  __printf_flags_ss_wp.o(.text)
    strstr                                   0x08003311   Thumb Code    36  strstr.o(.text)
    strlen                                   0x08003335   Thumb Code    62  strlen.o(.text)
    __aeabi_memcpy                           0x08003373   Thumb Code     0  rt_memcpy_v6.o(.text)
    __rt_memcpy                              0x08003373   Thumb Code   138  rt_memcpy_v6.o(.text)
    _memcpy_lastbytes                        0x080033d9   Thumb Code     0  rt_memcpy_v6.o(.text)
    __aeabi_memclr                           0x080033fd   Thumb Code     0  rt_memclr.o(.text)
    __rt_memclr                              0x080033fd   Thumb Code    68  rt_memclr.o(.text)
    _memset                                  0x08003401   Thumb Code     0  rt_memclr.o(.text)
    __use_two_region_memory                  0x08003441   Thumb Code     2  heapauxi.o(.text)
    __rt_heap_escrow$2region                 0x08003443   Thumb Code     2  heapauxi.o(.text)
    __rt_heap_expand$2region                 0x08003445   Thumb Code     2  heapauxi.o(.text)
    __I$use$semihosting                      0x08003447   Thumb Code     0  use_no_semi.o(.text)
    __use_no_semihosting_swi                 0x08003447   Thumb Code     2  use_no_semi.o(.text)
    _printf_pre_padding                      0x08003449   Thumb Code    44  _printf_pad.o(.text)
    _printf_post_padding                     0x08003475   Thumb Code    34  _printf_pad.o(.text)
    _printf_truncate_signed                  0x08003497   Thumb Code    18  _printf_truncate.o(.text)
    _printf_truncate_unsigned                0x080034a9   Thumb Code    18  _printf_truncate.o(.text)
    _printf_int_common                       0x080034bb   Thumb Code   178  _printf_intcommon.o(.text)
    _printf_charcount                        0x0800356d   Thumb Code    40  _printf_charcount.o(.text)
    _printf_char_common                      0x0800359f   Thumb Code    32  _printf_char_common.o(.text)
    _sputc                                   0x080035c5   Thumb Code    10  _sputc.o(.text)
    _printf_cs_common                        0x080035cf   Thumb Code    20  _printf_char.o(.text)
    _printf_char                             0x080035e3   Thumb Code    16  _printf_char.o(.text)
    _printf_string                           0x080035f3   Thumb Code     8  _printf_char.o(.text)
    _printf_char_file                        0x080035fd   Thumb Code    32  _printf_char_file.o(.text)
    _printf_wctomb                           0x08003621   Thumb Code   182  _printf_wctomb.o(.text)
    _printf_longlong_dec                     0x080036dd   Thumb Code   108  _printf_longlong_dec.o(.text)
    _printf_longlong_oct                     0x08003759   Thumb Code    66  _printf_oct_int_ll.o(.text)
    _printf_int_oct                          0x0800379b   Thumb Code    24  _printf_oct_int_ll.o(.text)
    _printf_ll_oct                           0x080037b3   Thumb Code    12  _printf_oct_int_ll.o(.text)
    _printf_longlong_hex                     0x080037c9   Thumb Code    86  _printf_hex_int_ll_ptr.o(.text)
    _printf_int_hex                          0x0800381f   Thumb Code    28  _printf_hex_int_ll_ptr.o(.text)
    _printf_ll_hex                           0x0800383b   Thumb Code    12  _printf_hex_int_ll_ptr.o(.text)
    _printf_hex_ptr                          0x08003847   Thumb Code    18  _printf_hex_int_ll_ptr.o(.text)
    __aeabi_memcpy4                          0x0800385d   Thumb Code     0  rt_memcpy_w.o(.text)
    __aeabi_memcpy8                          0x0800385d   Thumb Code     0  rt_memcpy_w.o(.text)
    __rt_memcpy_w                            0x0800385d   Thumb Code   100  rt_memcpy_w.o(.text)
    _memcpy_lastbytes_aligned                0x080038a5   Thumb Code     0  rt_memcpy_w.o(.text)
    __aeabi_memclr4                          0x080038c1   Thumb Code     0  rt_memclr_w.o(.text)
    __aeabi_memclr8                          0x080038c1   Thumb Code     0  rt_memclr_w.o(.text)
    __rt_memclr_w                            0x080038c1   Thumb Code    78  rt_memclr_w.o(.text)
    _memset_w                                0x080038c5   Thumb Code     0  rt_memclr_w.o(.text)
    _ll_udiv10                               0x0800390f   Thumb Code   138  lludiv10.o(.text)
    __lib_sel_fp_printf                      0x08003999   Thumb Code     2  _printf_fp_dec.o(.text)
    _printf_fp_dec_real                      0x08003b4b   Thumb Code   620  _printf_fp_dec.o(.text)
    _printf_lcs_common                       0x08003db7   Thumb Code    20  _printf_wchar.o(.text)
    _printf_wchar                            0x08003dcb   Thumb Code    16  _printf_wchar.o(.text)
    _printf_wstring                          0x08003ddb   Thumb Code     8  _printf_wchar.o(.text)
    ferror                                   0x08003de3   Thumb Code     8  ferror.o(.text)
    _wcrtomb                                 0x08003deb   Thumb Code    64  _wcrtomb.o(.text)
    __user_setup_stackheap                   0x08003e2b   Thumb Code    74  sys_stackheap_outer.o(.text)
    __rt_ctype_table                         0x08003e75   Thumb Code    16  rt_ctype_table.o(.text)
    __rt_locale                              0x08003e85   Thumb Code     8  rt_locale_intlibspace.o(.text)
    _printf_fp_infnan                        0x08003e8d   Thumb Code   112  _printf_fp_infnan.o(.text)
    _btod_etento                             0x08003f0d   Thumb Code   224  bigflt0.o(.text)
    exit                                     0x08003ff1   Thumb Code    18  exit.o(.text)
    __user_libspace                          0x08004005   Thumb Code     8  libspace.o(.text)
    __user_perproc_libspace                  0x08004005   Thumb Code     0  libspace.o(.text)
    __user_perthread_libspace                0x08004005   Thumb Code     0  libspace.o(.text)
    strcmp                                   0x0800400d   Thumb Code   128  strcmpv7m.o(.text)
    _btod_d2e                                0x0800408d   Thumb Code    62  btod.o(CL$$btod_d2e)
    _d2e_denorm_low                          0x080040cb   Thumb Code    70  btod.o(CL$$btod_d2e_denorm_low)
    _d2e_norm_op1                            0x08004111   Thumb Code    96  btod.o(CL$$btod_d2e_norm_op1)
    __btod_div_common                        0x08004171   Thumb Code   696  btod.o(CL$$btod_div_common)
    _e2e                                     0x080044a9   Thumb Code   220  btod.o(CL$$btod_e2e)
    _btod_ediv                               0x08004585   Thumb Code    42  btod.o(CL$$btod_ediv)
    _btod_emul                               0x080045af   Thumb Code    42  btod.o(CL$$btod_emul)
    __btod_mult_common                       0x080045d9   Thumb Code   580  btod.o(CL$$btod_mult_common)
    __ARM_fpclassify                         0x0800481d   Thumb Code    48  fpclassify.o(i.__ARM_fpclassify)
    _is_digit                                0x0800484d   Thumb Code    14  __printf_wp.o(i._is_digit)
    _get_lc_numeric                          0x0800485d   Thumb Code    44  lc_numeric_c.o(locale$$code)
    _get_lc_ctype                            0x08004889   Thumb Code    44  lc_ctype_c.o(locale$$code)
    _fp_init                                 0x080048b5   Thumb Code    10  fpinit.o(x$fpl$fpinit)
    __fplib_config_fpu_vfp                   0x080048bd   Thumb Code     0  fpinit.o(x$fpl$fpinit)
    __fplib_config_pureend_doubles           0x080048bd   Thumb Code     0  fpinit.o(x$fpl$fpinit)
    _printf_fp_dec                           0x080048bf   Thumb Code     4  printf1.o(x$fpl$printf1)
    __I$use$fp                               0x080048c2   Number         0  usenofp.o(x$fpl$usenofp)
    Region$$Table$$Base                      0x080049e4   Number         0  anon$$obj.o(Region$$Table)
    Region$$Table$$Limit                     0x08004a04   Number         0  anon$$obj.o(Region$$Table)
    __ctype                                  0x08004a2d   Data           0  lc_ctype_c.o(locale$$data)
    SystemCoreClock                          0x20000000   Data           4  system_stm32f4xx.o(.data)
    AHBPrescTable                            0x20000004   Data          16  system_stm32f4xx.o(.data)
    MQTT_RxDataInPtr                         0x20000014   Data           4  mqtt.o(.data)
    MQTT_RxDataOutPtr                        0x20000018   Data           4  mqtt.o(.data)
    MQTT_RxDataEndPtr                        0x2000001c   Data           4  mqtt.o(.data)
    MQTT_TxDataInPtr                         0x20000020   Data           4  mqtt.o(.data)
    MQTT_TxDataOutPtr                        0x20000024   Data           4  mqtt.o(.data)
    MQTT_TxDataEndPtr                        0x20000028   Data           4  mqtt.o(.data)
    MQTT_CMDInPtr                            0x2000002c   Data           4  mqtt.o(.data)
    MQTT_CMDOutPtr                           0x20000030   Data           4  mqtt.o(.data)
    MQTT_CMDEndPtr                           0x20000034   Data           4  mqtt.o(.data)
    ClientID_len                             0x20000038   Data           4  mqtt.o(.data)
    Username_len                             0x2000003c   Data           4  mqtt.o(.data)
    Passward_len                             0x20000040   Data           4  mqtt.o(.data)
    ServerPort                               0x20000044   Data           4  mqtt.o(.data)
    Fixed_len                                0x20000048   Data           4  mqtt.o(.data)
    Variable_len                             0x2000004c   Data           4  mqtt.o(.data)
    Payload_len                              0x20000050   Data           4  mqtt.o(.data)
    Ping_flag                                0x20000054   Data           1  mqtt.o(.data)
    Connect_flag                             0x20000055   Data           1  mqtt.o(.data)
    ConnectPack_flag                         0x20000056   Data           1  mqtt.o(.data)
    SubcribePack_flag                        0x20000057   Data           1  mqtt.o(.data)
    Usart3_RxCompleted                       0x20000058   Data           1  usart3.o(.data)
    Usart3_RxCounter                         0x2000005c   Data           4  usart3.o(.data)
    rxdatabufer                              0x20000060   Data           1  uart4.o(.data)
    point1                                   0x20000062   Data           2  uart4.o(.data)
    UART4_RX_STA                             0x20000064   Data           2  uart4.o(.data)
    __stdout                                 0x2000007c   Data           4  usart.o(.data)
    USART_RX_STA                             0x20000080   Data           2  usart.o(.data)
    MQTT_RxDataBuf                           0x20000084   Data        1500  mqtt.o(.bss)
    MQTT_TxDataBuf                           0x20000660   Data        1500  mqtt.o(.bss)
    MQTT_CMDBuf                              0x20000c3c   Data        1500  mqtt.o(.bss)
    ClientID                                 0x20001218   Data         128  mqtt.o(.bss)
    Username                                 0x20001298   Data         128  mqtt.o(.bss)
    Passward                                 0x20001318   Data         128  mqtt.o(.bss)
    ServerIP                                 0x20001398   Data         128  mqtt.o(.bss)
    temp_buff                                0x20001418   Data         300  mqtt.o(.bss)
    Usart3_RxBuff                            0x20001548   Data        1024  usart3.o(.bss)
    Usart3_TxBuff                            0x20001948   Data        1024  usart3.o(.bss)
    Save_Data                                0x20001d48   Data         121  uart4.o(.bss)
    UART4_RX_BUF                             0x20001dc1   Data         200  uart4.o(.bss)
    USART_RX_BUF                             0x20001e89   Data         200  usart.o(.bss)
    __libspace_start                         0x20001f54   Data          96  libspace.o(.bss)
    __temporary_stack_top$libspace           0x20001fb4   Data           0  libspace.o(.bss)



==============================================================================

Memory Map of the image

  Image Entry point : 0x08000189

  Load Region LR_IROM1 (Base: 0x08000000, Size: 0x00004bb4, Max: 0x00080000, ABSOLUTE)

    Execution Region ER_IROM1 (Exec base: 0x08000000, Load base: 0x08000000, Size: 0x00004b30, Max: 0x00080000, ABSOLUTE)

    Exec Addr    Load Addr    Size         Type   Attr      Idx    E Section Name        Object

    0x08000000   0x08000000   0x00000188   Data   RO          470    RESET               startup_stm32f40_41xxx.o
    0x08000188   0x08000188   0x00000008   Code   RO         1322  * !!!main             c_w.l(__main.o)
    0x08000190   0x08000190   0x00000034   Code   RO         1621    !!!scatter          c_w.l(__scatter.o)
    0x080001c4   0x080001c4   0x0000001a   Code   RO         1623    !!handler_copy      c_w.l(__scatter_copy.o)
    0x080001de   0x080001de   0x00000002   PAD
    0x080001e0   0x080001e0   0x0000001c   Code   RO         1625    !!handler_zi        c_w.l(__scatter_zi.o)
    0x080001fc   0x080001fc   0x00000000   Code   RO         1307    .ARM.Collect$$_printf_percent$$00000000  c_w.l(_printf_percent.o)
    0x080001fc   0x080001fc   0x00000006   Code   RO         1376    .ARM.Collect$$_printf_percent$$00000001  c_w.l(_printf_n.o)
    0x08000202   0x08000202   0x00000006   Code   RO         1378    .ARM.Collect$$_printf_percent$$00000002  c_w.l(_printf_p.o)
    0x08000208   0x08000208   0x00000006   Code   RO         1382    .ARM.Collect$$_printf_percent$$00000003  c_w.l(_printf_f.o)
    0x0800020e   0x0800020e   0x00000006   Code   RO         1383    .ARM.Collect$$_printf_percent$$00000004  c_w.l(_printf_e.o)
    0x08000214   0x08000214   0x00000006   Code   RO         1384    .ARM.Collect$$_printf_percent$$00000005  c_w.l(_printf_g.o)
    0x0800021a   0x0800021a   0x00000006   Code   RO         1385    .ARM.Collect$$_printf_percent$$00000006  c_w.l(_printf_a.o)
    0x08000220   0x08000220   0x0000000a   Code   RO         1390    .ARM.Collect$$_printf_percent$$00000007  c_w.l(_printf_ll.o)
    0x0800022a   0x0800022a   0x00000006   Code   RO         1380    .ARM.Collect$$_printf_percent$$00000008  c_w.l(_printf_i.o)
    0x08000230   0x08000230   0x00000006   Code   RO         1306    .ARM.Collect$$_printf_percent$$00000009  c_w.l(_printf_d.o)
    0x08000236   0x08000236   0x00000006   Code   RO         1381    .ARM.Collect$$_printf_percent$$0000000A  c_w.l(_printf_u.o)
    0x0800023c   0x0800023c   0x00000006   Code   RO         1379    .ARM.Collect$$_printf_percent$$0000000B  c_w.l(_printf_o.o)
    0x08000242   0x08000242   0x00000006   Code   RO         1377    .ARM.Collect$$_printf_percent$$0000000C  c_w.l(_printf_x.o)
    0x08000248   0x08000248   0x00000006   Code   RO         1387    .ARM.Collect$$_printf_percent$$0000000D  c_w.l(_printf_lli.o)
    0x0800024e   0x0800024e   0x00000006   Code   RO         1388    .ARM.Collect$$_printf_percent$$0000000E  c_w.l(_printf_lld.o)
    0x08000254   0x08000254   0x00000006   Code   RO         1389    .ARM.Collect$$_printf_percent$$0000000F  c_w.l(_printf_llu.o)
    0x0800025a   0x0800025a   0x00000006   Code   RO         1394    .ARM.Collect$$_printf_percent$$00000010  c_w.l(_printf_llo.o)
    0x08000260   0x08000260   0x00000006   Code   RO         1395    .ARM.Collect$$_printf_percent$$00000011  c_w.l(_printf_llx.o)
    0x08000266   0x08000266   0x0000000a   Code   RO         1391    .ARM.Collect$$_printf_percent$$00000012  c_w.l(_printf_l.o)
    0x08000270   0x08000270   0x00000006   Code   RO         1375    .ARM.Collect$$_printf_percent$$00000013  c_w.l(_printf_c.o)
    0x08000276   0x08000276   0x00000006   Code   RO         1305    .ARM.Collect$$_printf_percent$$00000014  c_w.l(_printf_s.o)
    0x0800027c   0x0800027c   0x00000006   Code   RO         1392    .ARM.Collect$$_printf_percent$$00000015  c_w.l(_printf_lc.o)
    0x08000282   0x08000282   0x00000006   Code   RO         1393    .ARM.Collect$$_printf_percent$$00000016  c_w.l(_printf_ls.o)
    0x08000288   0x08000288   0x00000004   Code   RO         1386    .ARM.Collect$$_printf_percent$$00000017  c_w.l(_printf_percent_end.o)
    0x0800028c   0x0800028c   0x00000002   Code   RO         1485    .ARM.Collect$$libinit$$00000000  c_w.l(libinit.o)
    0x0800028e   0x0800028e   0x00000004   Code   RO         1501    .ARM.Collect$$libinit$$00000001  c_w.l(libinit2.o)
    0x08000292   0x08000292   0x00000000   Code   RO         1504    .ARM.Collect$$libinit$$00000004  c_w.l(libinit2.o)
    0x08000292   0x08000292   0x00000000   Code   RO         1507    .ARM.Collect$$libinit$$0000000A  c_w.l(libinit2.o)
    0x08000292   0x08000292   0x00000000   Code   RO         1509    .ARM.Collect$$libinit$$0000000C  c_w.l(libinit2.o)
    0x08000292   0x08000292   0x00000000   Code   RO         1511    .ARM.Collect$$libinit$$0000000E  c_w.l(libinit2.o)
    0x08000292   0x08000292   0x00000006   Code   RO         1512    .ARM.Collect$$libinit$$0000000F  c_w.l(libinit2.o)
    0x08000298   0x08000298   0x00000000   Code   RO         1514    .ARM.Collect$$libinit$$00000011  c_w.l(libinit2.o)
    0x08000298   0x08000298   0x0000000c   Code   RO         1515    .ARM.Collect$$libinit$$00000012  c_w.l(libinit2.o)
    0x080002a4   0x080002a4   0x00000000   Code   RO         1516    .ARM.Collect$$libinit$$00000013  c_w.l(libinit2.o)
    0x080002a4   0x080002a4   0x00000000   Code   RO         1518    .ARM.Collect$$libinit$$00000015  c_w.l(libinit2.o)
    0x080002a4   0x080002a4   0x0000000a   Code   RO         1519    .ARM.Collect$$libinit$$00000016  c_w.l(libinit2.o)
    0x080002ae   0x080002ae   0x00000000   Code   RO         1520    .ARM.Collect$$libinit$$00000017  c_w.l(libinit2.o)
    0x080002ae   0x080002ae   0x00000000   Code   RO         1522    .ARM.Collect$$libinit$$00000019  c_w.l(libinit2.o)
    0x080002ae   0x080002ae   0x00000000   Code   RO         1524    .ARM.Collect$$libinit$$0000001B  c_w.l(libinit2.o)
    0x080002ae   0x080002ae   0x00000000   Code   RO         1526    .ARM.Collect$$libinit$$0000001D  c_w.l(libinit2.o)
    0x080002ae   0x080002ae   0x00000000   Code   RO         1528    .ARM.Collect$$libinit$$0000001F  c_w.l(libinit2.o)
    0x080002ae   0x080002ae   0x00000000   Code   RO         1530    .ARM.Collect$$libinit$$00000021  c_w.l(libinit2.o)
    0x080002ae   0x080002ae   0x00000000   Code   RO         1532    .ARM.Collect$$libinit$$00000023  c_w.l(libinit2.o)
    0x080002ae   0x080002ae   0x00000000   Code   RO         1534    .ARM.Collect$$libinit$$00000025  c_w.l(libinit2.o)
    0x080002ae   0x080002ae   0x00000000   Code   RO         1538    .ARM.Collect$$libinit$$0000002C  c_w.l(libinit2.o)
    0x080002ae   0x080002ae   0x00000000   Code   RO         1540    .ARM.Collect$$libinit$$0000002E  c_w.l(libinit2.o)
    0x080002ae   0x080002ae   0x00000000   Code   RO         1542    .ARM.Collect$$libinit$$00000030  c_w.l(libinit2.o)
    0x080002ae   0x080002ae   0x00000000   Code   RO         1544    .ARM.Collect$$libinit$$00000032  c_w.l(libinit2.o)
    0x080002ae   0x080002ae   0x00000002   Code   RO         1545    .ARM.Collect$$libinit$$00000033  c_w.l(libinit2.o)
    0x080002b0   0x080002b0   0x00000002   Code   RO         1563    .ARM.Collect$$libshutdown$$00000000  c_w.l(libshutdown.o)
    0x080002b2   0x080002b2   0x00000000   Code   RO         1573    .ARM.Collect$$libshutdown$$00000002  c_w.l(libshutdown2.o)
    0x080002b2   0x080002b2   0x00000000   Code   RO         1575    .ARM.Collect$$libshutdown$$00000004  c_w.l(libshutdown2.o)
    0x080002b2   0x080002b2   0x00000000   Code   RO         1578    .ARM.Collect$$libshutdown$$00000007  c_w.l(libshutdown2.o)
    0x080002b2   0x080002b2   0x00000000   Code   RO         1581    .ARM.Collect$$libshutdown$$0000000A  c_w.l(libshutdown2.o)
    0x080002b2   0x080002b2   0x00000000   Code   RO         1583    .ARM.Collect$$libshutdown$$0000000C  c_w.l(libshutdown2.o)
    0x080002b2   0x080002b2   0x00000000   Code   RO         1586    .ARM.Collect$$libshutdown$$0000000F  c_w.l(libshutdown2.o)
    0x080002b2   0x080002b2   0x00000002   Code   RO         1587    .ARM.Collect$$libshutdown$$00000010  c_w.l(libshutdown2.o)
    0x080002b4   0x080002b4   0x00000000   Code   RO         1326    .ARM.Collect$$rtentry$$00000000  c_w.l(__rtentry.o)
    0x080002b4   0x080002b4   0x00000000   Code   RO         1407    .ARM.Collect$$rtentry$$00000002  c_w.l(__rtentry2.o)
    0x080002b4   0x080002b4   0x00000006   Code   RO         1419    .ARM.Collect$$rtentry$$00000004  c_w.l(__rtentry4.o)
    0x080002ba   0x080002ba   0x00000000   Code   RO         1409    .ARM.Collect$$rtentry$$00000009  c_w.l(__rtentry2.o)
    0x080002ba   0x080002ba   0x00000004   Code   RO         1410    .ARM.Collect$$rtentry$$0000000A  c_w.l(__rtentry2.o)
    0x080002be   0x080002be   0x00000000   Code   RO         1412    .ARM.Collect$$rtentry$$0000000C  c_w.l(__rtentry2.o)
    0x080002be   0x080002be   0x00000008   Code   RO         1413    .ARM.Collect$$rtentry$$0000000D  c_w.l(__rtentry2.o)
    0x080002c6   0x080002c6   0x00000002   Code   RO         1494    .ARM.Collect$$rtexit$$00000000  c_w.l(rtexit.o)
    0x080002c8   0x080002c8   0x00000000   Code   RO         1547    .ARM.Collect$$rtexit$$00000002  c_w.l(rtexit2.o)
    0x080002c8   0x080002c8   0x00000004   Code   RO         1548    .ARM.Collect$$rtexit$$00000003  c_w.l(rtexit2.o)
    0x080002cc   0x080002cc   0x00000006   Code   RO         1549    .ARM.Collect$$rtexit$$00000004  c_w.l(rtexit2.o)
    0x080002d2   0x080002d2   0x00000002   PAD
    0x080002d4   0x080002d4   0x00000038   Code   RO            3    .text               main.o
    0x0800030c   0x0800030c   0x00000188   Code   RO          177    .text               stm32f4xx_it.o
    0x08000494   0x08000494   0x00000210   Code   RO          200    .text               system_stm32f4xx.o
    0x080006a4   0x080006a4   0x00000768   Code   RO          226    .text               mqtt.o
    0x08000e0c   0x08000e0c   0x000001d0   Code   RO          335    .text               uart4.o
    0x08000fdc   0x08000fdc   0x000000e8   Code   RO          386    .text               timer6.o
    0x080010c4   0x080010c4   0x00000244   Code   RO          446    .text               bsp_atgm336h.o
    0x08001308   0x08001308   0x00000040   Code   RO          471    .text               startup_stm32f40_41xxx.o
    0x08001348   0x08001348   0x000000e0   Code   RO          477    .text               misc.o
    0x08001428   0x08001428   0x00000294   Code   RO          826    .text               stm32f4xx_gpio.o
    0x080016bc   0x080016bc   0x0000065c   Code   RO          989    .text               stm32f4xx_rcc.o
    0x08001d18   0x08001d18   0x00000ca2   Code   RO         1134    .text               stm32f4xx_tim.o
    0x080029ba   0x080029ba   0x00000002   PAD
    0x080029bc   0x080029bc   0x00000454   Code   RO         1154    .text               stm32f4xx_usart.o
    0x08002e10   0x08002e10   0x00000104   Code   RO         1194    .text               delay.o
    0x08002f14   0x08002f14   0x00000148   Code   RO         1234    .text               usart.o
    0x0800305c   0x0800305c   0x00000002   Code   RO         1265    .text               c_w.l(use_no_semi_2.o)
    0x0800305e   0x0800305e   0x00000002   PAD
    0x08003060   0x08003060   0x00000018   Code   RO         1267    .text               c_w.l(c89printf.o)
    0x08003078   0x08003078   0x00000018   Code   RO         1271    .text               c_w.l(__2printf.o)
    0x08003090   0x08003090   0x0000002c   Code   RO         1273    .text               c_w.l(__2sprintf.o)
    0x080030bc   0x080030bc   0x00000052   Code   RO         1281    .text               c_w.l(_printf_str.o)
    0x0800310e   0x0800310e   0x00000002   PAD
    0x08003110   0x08003110   0x00000078   Code   RO         1283    .text               c_w.l(_printf_dec.o)
    0x08003188   0x08003188   0x00000188   Code   RO         1302    .text               c_w.l(__printf_flags_ss_wp.o)
    0x08003310   0x08003310   0x00000024   Code   RO         1312    .text               c_w.l(strstr.o)
    0x08003334   0x08003334   0x0000003e   Code   RO         1314    .text               c_w.l(strlen.o)
    0x08003372   0x08003372   0x0000008a   Code   RO         1316    .text               c_w.l(rt_memcpy_v6.o)
    0x080033fc   0x080033fc   0x00000044   Code   RO         1318    .text               c_w.l(rt_memclr.o)
    0x08003440   0x08003440   0x00000006   Code   RO         1320    .text               c_w.l(heapauxi.o)
    0x08003446   0x08003446   0x00000002   Code   RO         1324    .text               c_w.l(use_no_semi.o)
    0x08003448   0x08003448   0x0000004e   Code   RO         1327    .text               c_w.l(_printf_pad.o)
    0x08003496   0x08003496   0x00000024   Code   RO         1329    .text               c_w.l(_printf_truncate.o)
    0x080034ba   0x080034ba   0x000000b2   Code   RO         1331    .text               c_w.l(_printf_intcommon.o)
    0x0800356c   0x0800356c   0x00000028   Code   RO         1333    .text               c_w.l(_printf_charcount.o)
    0x08003594   0x08003594   0x00000030   Code   RO         1335    .text               c_w.l(_printf_char_common.o)
    0x080035c4   0x080035c4   0x0000000a   Code   RO         1337    .text               c_w.l(_sputc.o)
    0x080035ce   0x080035ce   0x0000002c   Code   RO         1339    .text               c_w.l(_printf_char.o)
    0x080035fa   0x080035fa   0x00000002   PAD
    0x080035fc   0x080035fc   0x00000024   Code   RO         1341    .text               c_w.l(_printf_char_file.o)
    0x08003620   0x08003620   0x000000bc   Code   RO         1343    .text               c_w.l(_printf_wctomb.o)
    0x080036dc   0x080036dc   0x0000007c   Code   RO         1346    .text               c_w.l(_printf_longlong_dec.o)
    0x08003758   0x08003758   0x00000070   Code   RO         1352    .text               c_w.l(_printf_oct_int_ll.o)
    0x080037c8   0x080037c8   0x00000094   Code   RO         1372    .text               c_w.l(_printf_hex_int_ll_ptr.o)
    0x0800385c   0x0800385c   0x00000064   Code   RO         1400    .text               c_w.l(rt_memcpy_w.o)
    0x080038c0   0x080038c0   0x0000004e   Code   RO         1402    .text               c_w.l(rt_memclr_w.o)
    0x0800390e   0x0800390e   0x0000008a   Code   RO         1421    .text               c_w.l(lludiv10.o)
    0x08003998   0x08003998   0x0000041e   Code   RO         1425    .text               c_w.l(_printf_fp_dec.o)
    0x08003db6   0x08003db6   0x0000002c   Code   RO         1429    .text               c_w.l(_printf_wchar.o)
    0x08003de2   0x08003de2   0x00000008   Code   RO         1433    .text               c_w.l(ferror.o)
    0x08003dea   0x08003dea   0x00000040   Code   RO         1437    .text               c_w.l(_wcrtomb.o)
    0x08003e2a   0x08003e2a   0x0000004a   Code   RO         1439    .text               c_w.l(sys_stackheap_outer.o)
    0x08003e74   0x08003e74   0x00000010   Code   RO         1441    .text               c_w.l(rt_ctype_table.o)
    0x08003e84   0x08003e84   0x00000008   Code   RO         1446    .text               c_w.l(rt_locale_intlibspace.o)
    0x08003e8c   0x08003e8c   0x00000080   Code   RO         1448    .text               c_w.l(_printf_fp_infnan.o)
    0x08003f0c   0x08003f0c   0x000000e4   Code   RO         1450    .text               c_w.l(bigflt0.o)
    0x08003ff0   0x08003ff0   0x00000012   Code   RO         1478    .text               c_w.l(exit.o)
    0x08004002   0x08004002   0x00000002   PAD
    0x08004004   0x08004004   0x00000008   Code   RO         1491    .text               c_w.l(libspace.o)
    0x0800400c   0x0800400c   0x00000080   Code   RO         1499    .text               c_w.l(strcmpv7m.o)
    0x0800408c   0x0800408c   0x0000003e   Code   RO         1453    CL$$btod_d2e        c_w.l(btod.o)
    0x080040ca   0x080040ca   0x00000046   Code   RO         1455    CL$$btod_d2e_denorm_low  c_w.l(btod.o)
    0x08004110   0x08004110   0x00000060   Code   RO         1454    CL$$btod_d2e_norm_op1  c_w.l(btod.o)
    0x08004170   0x08004170   0x00000338   Code   RO         1463    CL$$btod_div_common  c_w.l(btod.o)
    0x080044a8   0x080044a8   0x000000dc   Code   RO         1460    CL$$btod_e2e        c_w.l(btod.o)
    0x08004584   0x08004584   0x0000002a   Code   RO         1457    CL$$btod_ediv       c_w.l(btod.o)
    0x080045ae   0x080045ae   0x0000002a   Code   RO         1456    CL$$btod_emul       c_w.l(btod.o)
    0x080045d8   0x080045d8   0x00000244   Code   RO         1462    CL$$btod_mult_common  c_w.l(btod.o)
    0x0800481c   0x0800481c   0x00000030   Code   RO         1489    i.__ARM_fpclassify  m_wm.l(fpclassify.o)
    0x0800484c   0x0800484c   0x0000000e   Code   RO         1295    i._is_digit         c_w.l(__printf_wp.o)
    0x0800485a   0x0800485a   0x00000002   PAD
    0x0800485c   0x0800485c   0x0000002c   Code   RO         1476    locale$$code        c_w.l(lc_numeric_c.o)
    0x08004888   0x08004888   0x0000002c   Code   RO         1497    locale$$code        c_w.l(lc_ctype_c.o)
    0x080048b4   0x080048b4   0x0000000a   Code   RO         1555    x$fpl$fpinit        fz_wm.l(fpinit.o)
    0x080048be   0x080048be   0x00000004   Code   RO         1404    x$fpl$printf1       fz_wm.l(printf1.o)
    0x080048c2   0x080048c2   0x00000000   Code   RO         1488    x$fpl$usenofp       fz_wm.l(usenofp.o)
    0x080048c2   0x080048c2   0x00000011   Data   RO         1303    .constdata          c_w.l(__printf_flags_ss_wp.o)
    0x080048d3   0x080048d3   0x00000001   PAD
    0x080048d4   0x080048d4   0x00000008   Data   RO         1344    .constdata          c_w.l(_printf_wctomb.o)
    0x080048dc   0x080048dc   0x00000028   Data   RO         1373    .constdata          c_w.l(_printf_hex_int_ll_ptr.o)
    0x08004904   0x08004904   0x00000094   Data   RO         1451    .constdata          c_w.l(bigflt0.o)
    0x08004998   0x08004998   0x0000004c   Data   RO          228    .conststring        mqtt.o
    0x080049e4   0x080049e4   0x00000020   Data   RO         1619    Region$$Table       anon$$obj.o
    0x08004a04   0x08004a04   0x0000001c   Data   RO         1475    locale$$data        c_w.l(lc_numeric_c.o)
    0x08004a20   0x08004a20   0x00000110   Data   RO         1496    locale$$data        c_w.l(lc_ctype_c.o)


    Execution Region RW_IRAM1 (Exec base: 0x20000000, Load base: 0x08004b30, Size: 0x000025b8, Max: 0x00020000, ABSOLUTE)

    Exec Addr    Load Addr    Size         Type   Attr      Idx    E Section Name        Object

    0x20000000   0x08004b30   0x00000014   Data   RW          201    .data               system_stm32f4xx.o
    0x20000014   0x08004b44   0x00000044   Data   RW          229    .data               mqtt.o
    0x20000058   0x08004b88   0x00000008   Data   RW          303    .data               usart3.o
    0x20000060   0x08004b90   0x00000006   Data   RW          337    .data               uart4.o
    0x20000066   0x08004b96   0x00000010   Data   RW          990    .data               stm32f4xx_rcc.o
    0x20000076   0x08004ba6   0x00000004   Data   RW         1195    .data               delay.o
    0x2000007a   0x08004baa   0x00000002   PAD
    0x2000007c   0x08004bac   0x00000006   Data   RW         1236    .data               usart.o
    0x20000082   0x08004bb2   0x00000002   PAD
    0x20000084        -       0x000014c0   Zero   RW          227    .bss                mqtt.o
    0x20001544   0x08004bb2   0x00000004   PAD
    0x20001548        -       0x00000800   Zero   RW          302    .bss                usart3.o
    0x20001d48        -       0x00000141   Zero   RW          336    .bss                uart4.o
    0x20001e89        -       0x000000c8   Zero   RW         1235    .bss                usart.o
    0x20001f51   0x08004bb2   0x00000003   PAD
    0x20001f54        -       0x00000060   Zero   RW         1492    .bss                c_w.l(libspace.o)
    0x20001fb4   0x08004bb2   0x00000004   PAD
    0x20001fb8        -       0x00000200   Zero   RW          469    HEAP                startup_stm32f40_41xxx.o
    0x200021b8        -       0x00000400   Zero   RW          468    STACK               startup_stm32f40_41xxx.o


==============================================================================

Image component sizes


      Code (inc. data)   RO Data    RW Data    ZI Data      Debug   Object Name

       580        192          0          0          0       1229   bsp_atgm336h.o
       260          8          0          4          0       1553   delay.o
        56         12          0          0          0      53067   main.o
       224         20          0          0          0       1893   misc.o
      1896        366         76         68       5312     234340   mqtt.o
        64         26        392          0       1536        864   startup_stm32f40_41xxx.o
       660         44          0          0          0       4233   stm32f4xx_gpio.o
       392         52          0          0          0       1896   stm32f4xx_it.o
      1628         52          0         16          0      13148   stm32f4xx_rcc.o
      3234         60          0          0          0      23092   stm32f4xx_tim.o
      1108         34          0          0          0       7960   stm32f4xx_usart.o
       528         46          0         20          0       1891   system_stm32f4xx.o
       232          6          0          0          0        897   timer6.o
       464         20          0          6        321       3146   uart4.o
       328         16          0          6        200       3402   usart.o
         0          0          0          8       2048        882   usart3.o

    ----------------------------------------------------------------------
     11656        954        500        132       9424     353493   Object Totals
         0          0         32          0          0          0   (incl. Generated)
         2          0          0          4          7          0   (incl. Padding)

    ----------------------------------------------------------------------

      Code (inc. data)   RO Data    RW Data    ZI Data      Debug   Library Member Name

        24          4          0          0          0         84   __2printf.o
        44          6          0          0          0         84   __2sprintf.o
         8          0          0          0          0         68   __main.o
       392          4         17          0          0         92   __printf_flags_ss_wp.o
        14          0          0          0          0         68   __printf_wp.o
         0          0          0          0          0          0   __rtentry.o
        12          0          0          0          0          0   __rtentry2.o
         6          0          0          0          0          0   __rtentry4.o
        52          8          0          0          0          0   __scatter.o
        26          0          0          0          0          0   __scatter_copy.o
        28          0          0          0          0          0   __scatter_zi.o
         6          0          0          0          0          0   _printf_a.o
         6          0          0          0          0          0   _printf_c.o
        44          0          0          0          0        108   _printf_char.o
        48          6          0          0          0         96   _printf_char_common.o
        36          4          0          0          0         80   _printf_char_file.o
        40          0          0          0          0         68   _printf_charcount.o
         6          0          0          0          0          0   _printf_d.o
       120         16          0          0          0         92   _printf_dec.o
         6          0          0          0          0          0   _printf_e.o
         6          0          0          0          0          0   _printf_f.o
      1054          0          0          0          0        216   _printf_fp_dec.o
       128         16          0          0          0         84   _printf_fp_infnan.o
         6          0          0          0          0          0   _printf_g.o
       148          4         40          0          0        160   _printf_hex_int_ll_ptr.o
         6          0          0          0          0          0   _printf_i.o
       178          0          0          0          0         88   _printf_intcommon.o
        10          0          0          0          0          0   _printf_l.o
         6          0          0          0          0          0   _printf_lc.o
        10          0          0          0          0          0   _printf_ll.o
         6          0          0          0          0          0   _printf_lld.o
         6          0          0          0          0          0   _printf_lli.o
         6          0          0          0          0          0   _printf_llo.o
         6          0          0          0          0          0   _printf_llu.o
         6          0          0          0          0          0   _printf_llx.o
       124         16          0          0          0         92   _printf_longlong_dec.o
         6          0          0          0          0          0   _printf_ls.o
         6          0          0          0          0          0   _printf_n.o
         6          0          0          0          0          0   _printf_o.o
       112         10          0          0          0        124   _printf_oct_int_ll.o
         6          0          0          0          0          0   _printf_p.o
        78          0          0          0          0        108   _printf_pad.o
         0          0          0          0          0          0   _printf_percent.o
         4          0          0          0          0          0   _printf_percent_end.o
         6          0          0          0          0          0   _printf_s.o
        82          0          0          0          0         80   _printf_str.o
        36          0          0          0          0         84   _printf_truncate.o
         6          0          0          0          0          0   _printf_u.o
        44          0          0          0          0        108   _printf_wchar.o
       188          6          8          0          0         92   _printf_wctomb.o
         6          0          0          0          0          0   _printf_x.o
        10          0          0          0          0         68   _sputc.o
        64          0          0          0          0         92   _wcrtomb.o
       228          4        148          0          0         96   bigflt0.o
      1936        128          0          0          0        672   btod.o
        24          4          0          0          0         84   c89printf.o
        18          0          0          0          0         80   exit.o
         8          0          0          0          0         68   ferror.o
         6          0          0          0          0        152   heapauxi.o
        44         10        272          0          0         76   lc_ctype_c.o
        44         10         28          0          0         76   lc_numeric_c.o
         2          0          0          0          0          0   libinit.o
        34          0          0          0          0          0   libinit2.o
         2          0          0          0          0          0   libshutdown.o
         2          0          0          0          0          0   libshutdown2.o
         8          4          0          0         96         68   libspace.o
       138          0          0          0          0         80   lludiv10.o
        16          4          0          0          0         76   rt_ctype_table.o
         8          4          0          0          0         68   rt_locale_intlibspace.o
        68          0          0          0          0         68   rt_memclr.o
        78          0          0          0          0         80   rt_memclr_w.o
       138          0          0          0          0         68   rt_memcpy_v6.o
       100          0          0          0          0         80   rt_memcpy_w.o
         2          0          0          0          0          0   rtexit.o
        10          0          0          0          0          0   rtexit2.o
       128          0          0          0          0         68   strcmpv7m.o
        62          0          0          0          0         76   strlen.o
        36          0          0          0          0         80   strstr.o
        74          0          0          0          0         80   sys_stackheap_outer.o
         2          0          0          0          0         68   use_no_semi.o
         2          0          0          0          0         68   use_no_semi_2.o
        10          0          0          0          0        116   fpinit.o
         4          0          0          0          0        116   printf1.o
         0          0          0          0          0          0   usenofp.o
        48          0          0          0          0        124   fpclassify.o

    ----------------------------------------------------------------------
      6578        268        514          0        100       4924   Library Totals
        14          0          1          0          4          0   (incl. Padding)

    ----------------------------------------------------------------------

      Code (inc. data)   RO Data    RW Data    ZI Data      Debug   Library Name

      6502        268        513          0         96       4568   c_w.l
        14          0          0          0          0        232   fz_wm.l
        48          0          0          0          0        124   m_wm.l

    ----------------------------------------------------------------------
      6578        268        514          0        100       4924   Library Totals

    ----------------------------------------------------------------------

==============================================================================


      Code (inc. data)   RO Data    RW Data    ZI Data      Debug   

     18234       1222       1014        132       9524     353069   Grand Totals
     18234       1222       1014        132       9524     353069   ELF Image Totals
     18234       1222       1014        132          0          0   ROM Totals

==============================================================================

    Total RO  Size (Code + RO Data)                19248 (  18.80kB)
    Total RW  Size (RW Data + ZI Data)              9656 (   9.43kB)
    Total ROM Size (Code + RO Data + RW Data)      19380 (  18.93kB)

==============================================================================

